Component: ARM Compiler 6.16 Tool: armlink [5dfeaa00]

==============================================================================

Section Cross References

    air001xx_hal.o(.text.HAL_Init) refers to air001xx_hal.o(.text.HAL_InitTick) for HAL_InitTick
    air001xx_hal.o(.text.HAL_Init) refers to spi.o(.text.HAL_MspInit) for HAL_MspInit
    air001xx_hal.o(.ARM.exidx.text.HAL_Init) refers to air001xx_hal.o(.text.HAL_Init) for [Anonymous Symbol]
    air001xx_hal.o(.text.HAL_InitTick) refers to uidiv_div0.o(.text) for __aeabi_uidiv
    air001xx_hal.o(.text.HAL_InitTick) refers to air001xx_hal_cortex.o(.text.HAL_SYSTICK_Config) for HAL_SYSTICK_Config
    air001xx_hal.o(.text.HAL_InitTick) refers to air001xx_hal_cortex.o(.text.HAL_NVIC_SetPriority) for HAL_NVIC_SetPriority
    air001xx_hal.o(.text.HAL_InitTick) refers to air001xx_hal.o(.data.uwTickFreq) for uwTickFreq
    air001xx_hal.o(.text.HAL_InitTick) refers to system_air001xx.o(.data.SystemCoreClock) for SystemCoreClock
    air001xx_hal.o(.text.HAL_InitTick) refers to air001xx_hal.o(.data.uwTickPrio) for uwTickPrio
    air001xx_hal.o(.ARM.exidx.text.HAL_InitTick) refers to air001xx_hal.o(.text.HAL_InitTick) for [Anonymous Symbol]
    air001xx_hal.o(.ARM.exidx.text.HAL_MspInit) refers to air001xx_hal.o(.text.HAL_MspInit) for [Anonymous Symbol]
    air001xx_hal.o(.text.HAL_DeInit) refers to air001xx_hal.o(.text.HAL_MspDeInit) for HAL_MspDeInit
    air001xx_hal.o(.ARM.exidx.text.HAL_DeInit) refers to air001xx_hal.o(.text.HAL_DeInit) for [Anonymous Symbol]
    air001xx_hal.o(.ARM.exidx.text.HAL_MspDeInit) refers to air001xx_hal.o(.text.HAL_MspDeInit) for [Anonymous Symbol]
    air001xx_hal.o(.text.HAL_IncTick) refers to air001xx_hal.o(.data.uwTickFreq) for uwTickFreq
    air001xx_hal.o(.text.HAL_IncTick) refers to air001xx_hal.o(.bss.uwTick) for uwTick
    air001xx_hal.o(.ARM.exidx.text.HAL_IncTick) refers to air001xx_hal.o(.text.HAL_IncTick) for [Anonymous Symbol]
    air001xx_hal.o(.text.HAL_GetTick) refers to air001xx_hal.o(.bss.uwTick) for uwTick
    air001xx_hal.o(.ARM.exidx.text.HAL_GetTick) refers to air001xx_hal.o(.text.HAL_GetTick) for [Anonymous Symbol]
    air001xx_hal.o(.text.HAL_GetTickPrio) refers to air001xx_hal.o(.data.uwTickPrio) for uwTickPrio
    air001xx_hal.o(.ARM.exidx.text.HAL_GetTickPrio) refers to air001xx_hal.o(.text.HAL_GetTickPrio) for [Anonymous Symbol]
    air001xx_hal.o(.text.HAL_SetTickFreq) refers to air001xx_hal.o(.text.HAL_InitTick) for HAL_InitTick
    air001xx_hal.o(.text.HAL_SetTickFreq) refers to air001xx_hal.o(.data.uwTickFreq) for uwTickFreq
    air001xx_hal.o(.text.HAL_SetTickFreq) refers to air001xx_hal.o(.data.uwTickPrio) for uwTickPrio
    air001xx_hal.o(.ARM.exidx.text.HAL_SetTickFreq) refers to air001xx_hal.o(.text.HAL_SetTickFreq) for [Anonymous Symbol]
    air001xx_hal.o(.text.HAL_GetTickFreq) refers to air001xx_hal.o(.data.uwTickFreq) for uwTickFreq
    air001xx_hal.o(.ARM.exidx.text.HAL_GetTickFreq) refers to air001xx_hal.o(.text.HAL_GetTickFreq) for [Anonymous Symbol]
    air001xx_hal.o(.text.HAL_Delay) refers to air001xx_hal.o(.text.HAL_GetTick) for HAL_GetTick
    air001xx_hal.o(.text.HAL_Delay) refers to air001xx_hal.o(.data.uwTickFreq) for uwTickFreq
    air001xx_hal.o(.ARM.exidx.text.HAL_Delay) refers to air001xx_hal.o(.text.HAL_Delay) for [Anonymous Symbol]
    air001xx_hal.o(.ARM.exidx.text.HAL_SuspendTick) refers to air001xx_hal.o(.text.HAL_SuspendTick) for [Anonymous Symbol]
    air001xx_hal.o(.ARM.exidx.text.HAL_ResumeTick) refers to air001xx_hal.o(.text.HAL_ResumeTick) for [Anonymous Symbol]
    air001xx_hal.o(.ARM.exidx.text.HAL_GetHalVersion) refers to air001xx_hal.o(.text.HAL_GetHalVersion) for [Anonymous Symbol]
    air001xx_hal.o(.ARM.exidx.text.HAL_GetREVID) refers to air001xx_hal.o(.text.HAL_GetREVID) for [Anonymous Symbol]
    air001xx_hal.o(.ARM.exidx.text.HAL_GetDEVID) refers to air001xx_hal.o(.text.HAL_GetDEVID) for [Anonymous Symbol]
    air001xx_hal.o(.ARM.exidx.text.HAL_GetUIDw0) refers to air001xx_hal.o(.text.HAL_GetUIDw0) for [Anonymous Symbol]
    air001xx_hal.o(.ARM.exidx.text.HAL_GetUIDw1) refers to air001xx_hal.o(.text.HAL_GetUIDw1) for [Anonymous Symbol]
    air001xx_hal.o(.ARM.exidx.text.HAL_GetUIDw2) refers to air001xx_hal.o(.text.HAL_GetUIDw2) for [Anonymous Symbol]
    air001xx_hal.o(.ARM.exidx.text.HAL_DBGMCU_EnableDBGMCUStopMode) refers to air001xx_hal.o(.text.HAL_DBGMCU_EnableDBGMCUStopMode) for [Anonymous Symbol]
    air001xx_hal.o(.ARM.exidx.text.HAL_DBGMCU_DisableDBGMCUStopMode) refers to air001xx_hal.o(.text.HAL_DBGMCU_DisableDBGMCUStopMode) for [Anonymous Symbol]
    air001xx_hal.o(.ARM.exidx.text.HAL_SYSCFG_DMA_Req) refers to air001xx_hal.o(.text.HAL_SYSCFG_DMA_Req) for [Anonymous Symbol]
    air001xx_hal_cortex.o(.ARM.exidx.text.HAL_NVIC_SetPriority) refers to air001xx_hal_cortex.o(.text.HAL_NVIC_SetPriority) for [Anonymous Symbol]
[...]
    fepilogue.o(.text) refers (Special) to iusefp.o(.text) for __I$use$fp
    depilogue.o(.text) refers (Special) to iusefp.o(.text) for __I$use$fp
    depilogue.o(.text) refers to depilogue.o(i.__ARM_clz) for __ARM_clz
    depilogue.o(.text) refers to llshl.o(.text) for __aeabi_llsl
    depilogue.o(.text) refers to llushr.o(.text) for __aeabi_llsr
    fcmp4.o(.text) refers (Special) to iusefp.o(.text) for __I$use$fp
    init.o(.text) refers to entry5.o(.ARM.Collect$$$$00000004) for __main_after_scatterload
    depilogue.o(i.__ARM_clz) refers (Special) to iusefp.o(.text) for __I$use$fp


==============================================================================

Removing Unused input sections from the image.

    Removing air001xx_hal.o(.text), (0 bytes).
    Removing air001xx_hal.o(.ARM.exidx.text.HAL_Init), (8 bytes).
    Removing air001xx_hal.o(.ARM.exidx.text.HAL_InitTick), (8 bytes).
    Removing air001xx_hal.o(.text.HAL_MspInit), (2 bytes).
    Removing air001xx_hal.o(.ARM.exidx.text.HAL_MspInit), (8 bytes).
    Removing air001xx_hal.o(.text.HAL_DeInit), (36 bytes).
    Removing air001xx_hal.o(.ARM.exidx.text.HAL_DeInit), (8 bytes).
    Removing air001xx_hal.o(.text.HAL_MspDeInit), (2 bytes).
    Removing air001xx_hal.o(.ARM.exidx.text.HAL_MspDeInit), (8 bytes).
    Removing air001xx_hal.o(.ARM.exidx.text.HAL_IncTick), (8 bytes).
    Removing air001xx_hal.o(.ARM.exidx.text.HAL_GetTick), (8 bytes).
    Removing air001xx_hal.o(.text.HAL_GetTickPrio), (12 bytes).
    Removing air001xx_hal.o(.ARM.exidx.text.HAL_GetTickPrio), (8 bytes).
    Removing air001xx_hal.o(.text.HAL_SetTickFreq), (44 bytes).
    Removing air001xx_hal.o(.ARM.exidx.text.HAL_SetTickFreq), (8 bytes).
    Removing air001xx_hal.o(.text.HAL_GetTickFreq), (12 bytes).
    Removing air001xx_hal.o(.ARM.exidx.text.HAL_GetTickFreq), (8 bytes).
    Removing air001xx_hal.o(.text.HAL_Delay), (36 bytes).
    Removing air001xx_hal.o(.ARM.exidx.text.HAL_Delay), (8 bytes).
    Removing air001xx_hal.o(.text.HAL_SuspendTick), (16 bytes).
    Removing air001xx_hal.o(.ARM.exidx.text.HAL_SuspendTick), (8 bytes).
    Removing air001xx_hal.o(.text.HAL_ResumeTick), (16 bytes).
    Removing air001xx_hal.o(.ARM.exidx.text.HAL_ResumeTick), (8 bytes).
    Removing air001xx_hal.o(.text.HAL_GetHalVersion), (8 bytes).
    Removing air001xx_hal.o(.ARM.exidx.text.HAL_GetHalVersion), (8 bytes).
    Removing air001xx_hal.o(.text.HAL_GetREVID), (12 bytes).
    Removing air001xx_hal.o(.ARM.exidx.text.HAL_GetREVID), (8 bytes).
    Removing air001xx_hal.o(.text.HAL_GetDEVID), (20 bytes).
    Removing air001xx_hal.o(.ARM.exidx.text.HAL_GetDEVID), (8 bytes).
    Removing air001xx_hal.o(.text.HAL_GetUIDw0), (12 bytes).
    Removing air001xx_hal.o(.ARM.exidx.text.HAL_GetUIDw0), (8 bytes).
    Removing air001xx_hal.o(.text.HAL_GetUIDw1), (12 bytes).
    Removing air001xx_hal.o(.ARM.exidx.text.HAL_GetUIDw1), (8 bytes).
    Removing air001xx_hal.o(.text.HAL_GetUIDw2), (12 bytes).
    Removing air001xx_hal.o(.ARM.exidx.text.HAL_GetUIDw2), (8 bytes).
    Removing air001xx_hal.o(.text.HAL_DBGMCU_EnableDBGMCUStopMode), (16 bytes).
    Removing air001xx_hal.o(.ARM.exidx.text.HAL_DBGMCU_EnableDBGMCUStopMode), (8 bytes).
    Removing air001xx_hal.o(.text.HAL_DBGMCU_DisableDBGMCUStopMode), (16 bytes).
    Removing air001xx_hal.o(.ARM.exidx.text.HAL_DBGMCU_DisableDBGMCUStopMode), (8 bytes).
    Removing air001xx_hal.o(.text.HAL_SYSCFG_DMA_Req), (16 bytes).
    Removing air001xx_hal.o(.ARM.exidx.text.HAL_SYSCFG_DMA_Req), (8 bytes).
    Removing air001xx_hal_cortex.o(.text), (0 bytes).
    Removing air001xx_hal_cortex.o(.ARM.exidx.text.HAL_NVIC_SetPriority), (8 bytes).
    Removing air001xx_hal_cortex.o(.ARM.exidx.text.HAL_NVIC_EnableIRQ), (8 bytes).
    Removing air001xx_hal_cortex.o(.text.HAL_NVIC_DisableIRQ), (32 bytes).
    Removing air001xx_hal_cortex.o(.ARM.exidx.text.HAL_NVIC_DisableIRQ), (8 bytes).
    Removing air001xx_hal_cortex.o(.text.HAL_NVIC_SystemReset), (28 bytes).
    Removing air001xx_hal_cortex.o(.ARM.exidx.text.HAL_NVIC_SystemReset), (8 bytes).
    Removing air001xx_hal_cortex.o(.ARM.exidx.text.HAL_SYSTICK_Config), (8 bytes).
    Removing air001xx_hal_cortex.o(.text.HAL_NVIC_GetPriority), (52 bytes).
    Removing air001xx_hal_cortex.o(.ARM.exidx.text.HAL_NVIC_GetPriority), (8 bytes).
    Removing air001xx_hal_cortex.o(.text.HAL_NVIC_SetPendingIRQ), (24 bytes).
    Removing air001xx_hal_cortex.o(.ARM.exidx.text.HAL_NVIC_SetPendingIRQ), (8 bytes).
    Removing air001xx_hal_cortex.o(.text.HAL_NVIC_GetPendingIRQ), (28 bytes).
    Removing air001xx_hal_cortex.o(.ARM.exidx.text.HAL_NVIC_GetPendingIRQ), (8 bytes).
    Removing air001xx_hal_cortex.o(.text.HAL_NVIC_ClearPendingIRQ), (24 bytes).
    Removing air001xx_hal_cortex.o(.ARM.exidx.text.HAL_NVIC_ClearPendingIRQ), (8 bytes).
    Removing air001xx_hal_cortex.o(.text.HAL_SYSTICK_CLKSourceConfig), (28 bytes).
    Removing air001xx_hal_cortex.o(.ARM.exidx.text.HAL_SYSTICK_CLKSourceConfig), (8 bytes).
    Removing air001xx_hal_cortex.o(.text.HAL_SYSTICK_IRQHandler), (8 bytes).
    Removing air001xx_hal_cortex.o(.ARM.exidx.text.HAL_SYSTICK_IRQHandler), (8 bytes).
    Removing air001xx_hal_cortex.o(.text.HAL_SYSTICK_Callback), (2 bytes).
    Removing air001xx_hal_cortex.o(.ARM.exidx.text.HAL_SYSTICK_Callback), (8 bytes).
    Removing air001xx_hal_crc.o(.text), (0 bytes).
    Removing air001xx_hal_exti.o(.text), (0 bytes).
    Removing air001xx_hal_exti.o(.text.HAL_EXTI_SetConfigLine), (152 bytes).
    Removing air001xx_hal_exti.o(.ARM.exidx.text.HAL_EXTI_SetConfigLine), (8 bytes).
    Removing air001xx_hal_exti.o(.text.HAL_EXTI_GetConfigLine), (128 bytes).
    Removing air001xx_hal_exti.o(.ARM.exidx.text.HAL_EXTI_GetConfigLine), (8 bytes).
    Removing air001xx_hal_exti.o(.text.HAL_EXTI_ClearConfigLine), (96 bytes).
    Removing air001xx_hal_exti.o(.ARM.exidx.text.HAL_EXTI_ClearConfigLine), (8 bytes).
    Removing air001xx_hal_exti.o(.text.HAL_EXTI_RegisterCallback), (14 bytes).
    Removing air001xx_hal_exti.o(.ARM.exidx.text.HAL_EXTI_RegisterCallback), (8 bytes).
    Removing air001xx_hal_exti.o(.text.HAL_EXTI_GetHandle), (14 bytes).
    Removing air001xx_hal_exti.o(.ARM.exidx.text.HAL_EXTI_GetHandle), (8 bytes).
    Removing air001xx_hal_exti.o(.text.HAL_EXTI_IRQHandler), (36 bytes).
    Removing air001xx_hal_exti.o(.ARM.exidx.text.HAL_EXTI_IRQHandler), (8 bytes).
    Removing air001xx_hal_exti.o(.text.HAL_EXTI_GetPending), (24 bytes).
    Removing air001xx_hal_exti.o(.ARM.exidx.text.HAL_EXTI_GetPending), (8 bytes).
    Removing air001xx_hal_exti.o(.text.HAL_EXTI_ClearPending), (20 bytes).
    Removing air001xx_hal_exti.o(.ARM.exidx.text.HAL_EXTI_ClearPending), (8 bytes).
    Removing air001xx_hal_exti.o(.text.HAL_EXTI_GenerateSWI), (20 bytes).
    Removing air001xx_hal_exti.o(.ARM.exidx.text.HAL_EXTI_GenerateSWI), (8 bytes).
    Removing air001xx_hal_gpio.o(.text), (0 bytes).
    Removing air001xx_hal_gpio.o(.ARM.exidx.text.HAL_GPIO_Init), (8 bytes).
    Removing air001xx_hal_gpio.o(.text.HAL_GPIO_DeInit), (240 bytes).
    Removing air001xx_hal_gpio.o(.ARM.exidx.text.HAL_GPIO_DeInit), (8 bytes).
    Removing air001xx_hal_gpio.o(.ARM.exidx.text.HAL_GPIO_ReadPin), (8 bytes).
    Removing air001xx_hal_gpio.o(.text.HAL_GPIO_WritePin), (14 bytes).
    Removing air001xx_hal_gpio.o(.ARM.exidx.text.HAL_GPIO_WritePin), (8 bytes).
    Removing air001xx_hal_gpio.o(.text.HAL_GPIO_TogglePin), (16 bytes).
    Removing air001xx_hal_gpio.o(.ARM.exidx.text.HAL_GPIO_TogglePin), (8 bytes).
    Removing air001xx_hal_gpio.o(.text.HAL_GPIO_LockPin), (44 bytes).
    Removing air001xx_hal_gpio.o(.ARM.exidx.text.HAL_GPIO_LockPin), (8 bytes).
    Removing air001xx_hal_gpio.o(.text.HAL_GPIO_EXTI_Callback), (2 bytes).
    Removing air001xx_hal_gpio.o(.ARM.exidx.text.HAL_GPIO_EXTI_Callback), (8 bytes).
    Removing air001xx_hal_gpio.o(.text.HAL_GPIO_EXTI_IRQHandler), (24 bytes).
    Removing air001xx_hal_gpio.o(.ARM.exidx.text.HAL_GPIO_EXTI_IRQHandler), (8 bytes).
    Removing air001xx_hal_rcc.o(.text), (0 bytes).
    Removing air001xx_hal_rcc.o(.text.HAL_RCC_DeInit), (164 bytes).
    Removing air001xx_hal_rcc.o(.ARM.exidx.text.HAL_RCC_DeInit), (8 bytes).
    Removing air001xx_hal_rcc.o(.ARM.exidx.text.HAL_RCC_OscConfig), (8 bytes).
    Removing air001xx_hal_rcc.o(.ARM.exidx.text.HAL_RCC_GetSysClockFreq), (8 bytes).
    Removing air001xx_hal_rcc.o(.ARM.exidx.text.HAL_RCC_ClockConfig), (8 bytes).
    Removing air001xx_hal_rcc.o(.text.HAL_RCC_MCOConfig), (228 bytes).
    Removing air001xx_hal_rcc.o(.ARM.exidx.text.HAL_RCC_MCOConfig), (8 bytes).
    Removing air001xx_hal_rcc.o(.text.HAL_RCC_GetHCLKFreq), (12 bytes).
    Removing air001xx_hal_rcc.o(.ARM.exidx.text.HAL_RCC_GetHCLKFreq), (8 bytes).
    Removing air001xx_hal_rcc.o(.ARM.exidx.text.HAL_RCC_GetPCLK1Freq), (8 bytes).
    Removing air001xx_hal_rcc.o(.text.HAL_RCC_GetOscConfig), (132 bytes).
    Removing air001xx_hal_rcc.o(.ARM.exidx.text.HAL_RCC_GetOscConfig), (8 bytes).
    Removing air001xx_hal_rcc.o(.text.HAL_RCC_GetClockConfig), (52 bytes).
    Removing air001xx_hal_rcc.o(.ARM.exidx.text.HAL_RCC_GetClockConfig), (8 bytes).
    Removing air001xx_hal_rcc.o(.text.HAL_RCC_EnableCSS), (20 bytes).
    Removing air001xx_hal_rcc.o(.ARM.exidx.text.HAL_RCC_EnableCSS), (8 bytes).
    Removing air001xx_hal_rcc.o(.text.HAL_RCC_EnableLSECSS), (16 bytes).
    Removing air001xx_hal_rcc.o(.ARM.exidx.text.HAL_RCC_EnableLSECSS), (8 bytes).
    Removing air001xx_hal_rcc.o(.text.HAL_RCC_DisableLSECSS), (16 bytes).
    Removing air001xx_hal_rcc.o(.ARM.exidx.text.HAL_RCC_DisableLSECSS), (8 bytes).
    Removing air001xx_hal_rcc.o(.text.HAL_RCC_NMI_IRQHandler), (36 bytes).
    Removing air001xx_hal_rcc.o(.ARM.exidx.text.HAL_RCC_NMI_IRQHandler), (8 bytes).
    Removing air001xx_hal_rcc.o(.text.HAL_RCC_CSSCallback), (2 bytes).
    Removing air001xx_hal_rcc.o(.ARM.exidx.text.HAL_RCC_CSSCallback), (8 bytes).
    Removing air001xx_hal_rcc.o(.text.HAL_RCC_LSECSSCallback), (2 bytes).
    Removing air001xx_hal_rcc.o(.ARM.exidx.text.HAL_RCC_LSECSSCallback), (8 bytes).
    Removing air001xx_hal_flash.o(.text), (0 bytes).
    Removing air001xx_hal_flash.o(.text.HAL_FLASH_Unlock), (40 bytes).
    Removing air001xx_hal_flash.o(.ARM.exidx.text.HAL_FLASH_Unlock), (8 bytes).
    Removing air001xx_hal_flash.o(.text.HAL_FLASH_Lock), (24 bytes).
    Removing air001xx_hal_flash.o(.ARM.exidx.text.HAL_FLASH_Lock), (8 bytes).
    Removing air001xx_hal_flash.o(.text.HAL_FLASH_OB_Unlock), (40 bytes).
    Removing air001xx_hal_flash.o(.ARM.exidx.text.HAL_FLASH_OB_Unlock), (8 bytes).
    Removing air001xx_hal_flash.o(.text.HAL_FLASH_OB_Lock), (24 bytes).
    Removing air001xx_hal_flash.o(.ARM.exidx.text.HAL_FLASH_OB_Lock), (8 bytes).
    Removing air001xx_hal_flash.o(.text.HAL_FLASH_OB_Launch), (20 bytes).
    Removing air001xx_hal_flash.o(.ARM.exidx.text.HAL_FLASH_OB_Launch), (8 bytes).
    Removing air001xx_hal_flash.o(.text.HAL_FLASH_GetError), (12 bytes).
    Removing air001xx_hal_flash.o(.ARM.exidx.text.HAL_FLASH_GetError), (8 bytes).
    Removing air001xx_hal_flash.o(.text.FLASH_WaitForLastOperation), (48 bytes).
    Removing air001xx_hal_flash.o(.ARM.exidx.text.FLASH_WaitForLastOperation), (8 bytes).
    Removing air001xx_hal_flash.o(.text.HAL_FLASH_Erase), (544 bytes).
    Removing air001xx_hal_flash.o(.ARM.exidx.text.HAL_FLASH_Erase), (8 bytes).
    Removing air001xx_hal_flash.o(.text.FLASH_PageErase), (84 bytes).
    Removing air001xx_hal_flash.o(.ARM.exidx.text.FLASH_PageErase), (8 bytes).
    Removing air001xx_hal_flash.o(.text.HAL_FLASH_Erase_IT), (364 bytes).
    Removing air001xx_hal_flash.o(.ARM.exidx.text.HAL_FLASH_Erase_IT), (8 bytes).
    Removing air001xx_hal_flash.o(.text.HAL_FLASH_PageProgram), (12 bytes).
    Removing air001xx_hal_flash.o(.ARM.exidx.text.HAL_FLASH_PageProgram), (8 bytes).
    Removing air001xx_hal_flash.o(.text.HAL_FLASH_Program), (304 bytes).
    Removing air001xx_hal_flash.o(.ARM.exidx.text.HAL_FLASH_Program), (8 bytes).
    Removing air001xx_hal_flash.o(.RamFunc), (64 bytes).
    Removing air001xx_hal_flash.o(.ARM.exidx.RamFunc), (8 bytes).
    Removing air001xx_hal_flash.o(.text.HAL_FLASH_PageProgram_IT), (14 bytes).
    Removing air001xx_hal_flash.o(.ARM.exidx.text.HAL_FLASH_PageProgram_IT), (8 bytes).
    Removing air001xx_hal_flash.o(.text.HAL_FLASH_Program_IT), (288 bytes).
    Removing air001xx_hal_flash.o(.ARM.exidx.text.HAL_FLASH_Program_IT), (8 bytes).
    Removing air001xx_hal_flash.o(.text.HAL_FLASH_OB_RDP_LevelConfig), (88 bytes).
    Removing air001xx_hal_flash.o(.ARM.exidx.text.HAL_FLASH_OB_RDP_LevelConfig), (8 bytes).
    Removing air001xx_hal_flash.o(.text.HAL_FLASH_OBProgram), (376 bytes).
    Removing air001xx_hal_flash.o(.ARM.exidx.text.HAL_FLASH_OBProgram), (8 bytes).
    Removing air001xx_hal_flash.o(.text.HAL_FLASH_OBGetConfig), (68 bytes).
    Removing air001xx_hal_flash.o(.ARM.exidx.text.HAL_FLASH_OBGetConfig), (8 bytes).
    Removing air001xx_hal_flash.o(.text.HAL_FLASH_IRQHandler), (180 bytes).
    Removing air001xx_hal_flash.o(.ARM.exidx.text.HAL_FLASH_IRQHandler), (8 bytes).
    Removing air001xx_hal_flash.o(.text.HAL_FLASH_OperationErrorCallback), (2 bytes).
    Removing air001xx_hal_flash.o(.ARM.exidx.text.HAL_FLASH_OperationErrorCallback), (8 bytes).
    Removing air001xx_hal_flash.o(.text.HAL_FLASH_EndOfOperationCallback), (2 bytes).
    Removing air001xx_hal_flash.o(.ARM.exidx.text.HAL_FLASH_EndOfOperationCallback), (8 bytes).
    Removing air001xx_hal_flash.o(.bss.pFlash), (24 bytes).
    Removing air001xx_hal_flash.o(.rodata._FlashTimmingParam), (32 bytes).
    Removing air001xx_hal_pwr.o(.text), (0 bytes).
    Removing air001xx_hal_pwr.o(.text.HAL_PWR_DeInit), (24 bytes).
    Removing air001xx_hal_pwr.o(.ARM.exidx.text.HAL_PWR_DeInit), (8 bytes).
    Removing air001xx_hal_pwr.o(.text.HAL_PWR_EnableBkUpAccess), (20 bytes).
    Removing air001xx_hal_pwr.o(.ARM.exidx.text.HAL_PWR_EnableBkUpAccess), (8 bytes).
    Removing air001xx_hal_pwr.o(.text.HAL_PWR_DisableBkUpAccess), (20 bytes).
    Removing air001xx_hal_pwr.o(.ARM.exidx.text.HAL_PWR_DisableBkUpAccess), (8 bytes).
    Removing air001xx_hal_pwr.o(.text.HAL_PWR_ConfigPVD), (124 bytes).
    Removing air001xx_hal_pwr.o(.ARM.exidx.text.HAL_PWR_ConfigPVD), (8 bytes).
    Removing air001xx_hal_pwr.o(.text.HAL_PWR_EnablePVD), (16 bytes).
    Removing air001xx_hal_pwr.o(.ARM.exidx.text.HAL_PWR_EnablePVD), (8 bytes).
    Removing air001xx_hal_pwr.o(.text.HAL_PWR_DisablePVD), (16 bytes).
    Removing air001xx_hal_pwr.o(.ARM.exidx.text.HAL_PWR_DisablePVD), (8 bytes).
    Removing air001xx_hal_pwr.o(.text.HAL_PWR_ConfigStopMode), (40 bytes).
    Removing air001xx_hal_pwr.o(.ARM.exidx.text.HAL_PWR_ConfigStopMode), (8 bytes).
    Removing air001xx_hal_pwr.o(.text.HAL_PWR_ConfigBIAS), (44 bytes).
    Removing air001xx_hal_pwr.o(.ARM.exidx.text.HAL_PWR_ConfigBIAS), (8 bytes).
    Removing air001xx_hal_pwr.o(.text.HAL_PWR_EnterSLEEPMode), (32 bytes).
    Removing air001xx_hal_pwr.o(.ARM.exidx.text.HAL_PWR_EnterSLEEPMode), (8 bytes).
    Removing air001xx_hal_pwr.o(.text.HAL_PWR_EnterSTOPMode), (64 bytes).
    Removing air001xx_hal_pwr.o(.ARM.exidx.text.HAL_PWR_EnterSTOPMode), (8 bytes).
    Removing air001xx_hal_pwr.o(.text.HAL_PWR_EnableSleepOnExit), (16 bytes).
    Removing air001xx_hal_pwr.o(.ARM.exidx.text.HAL_PWR_EnableSleepOnExit), (8 bytes).
    Removing air001xx_hal_pwr.o(.text.HAL_PWR_DisableSleepOnExit), (16 bytes).
    Removing air001xx_hal_pwr.o(.ARM.exidx.text.HAL_PWR_DisableSleepOnExit), (8 bytes).
    Removing air001xx_hal_pwr.o(.text.HAL_PWR_EnableSEVOnPend), (16 bytes).
    Removing air001xx_hal_pwr.o(.ARM.exidx.text.HAL_PWR_EnableSEVOnPend), (8 bytes).
    Removing air001xx_hal_pwr.o(.text.HAL_PWR_DisableSEVOnPend), (16 bytes).
    Removing air001xx_hal_pwr.o(.ARM.exidx.text.HAL_PWR_DisableSEVOnPend), (8 bytes).
    Removing air001xx_hal_pwr.o(.text.HAL_PWR_PVD_IRQHandler), (28 bytes).
    Removing air001xx_hal_pwr.o(.ARM.exidx.text.HAL_PWR_PVD_IRQHandler), (8 bytes).
    Removing air001xx_hal_pwr.o(.text.HAL_PWR_PVD_Callback), (2 bytes).
    Removing air001xx_hal_pwr.o(.ARM.exidx.text.HAL_PWR_PVD_Callback), (8 bytes).
    Removing air001xx_hal_uart.o(.text), (0 bytes).
    Removing air001xx_hal_uart.o(.ARM.exidx.text.HAL_UART_Init), (8 bytes).
    Removing air001xx_hal_uart.o(.ARM.exidx.text.HAL_UART_MspInit), (8 bytes).
    Removing air001xx_hal_uart.o(.ARM.exidx.text.UART_SetConfig), (8 bytes).
    Removing air001xx_hal_uart.o(.text.HAL_HalfDuplex_Init), (94 bytes).
    Removing air001xx_hal_uart.o(.ARM.exidx.text.HAL_HalfDuplex_Init), (8 bytes).
    Removing air001xx_hal_uart.o(.text.HAL_MultiProcessor_Init), (132 bytes).
    Removing air001xx_hal_uart.o(.ARM.exidx.text.HAL_MultiProcessor_Init), (8 bytes).
    Removing air001xx_hal_uart.o(.text.HAL_UART_DeInit), (50 bytes).
    Removing air001xx_hal_uart.o(.ARM.exidx.text.HAL_UART_DeInit), (8 bytes).
    Removing air001xx_hal_uart.o(.text.HAL_UART_MspDeInit), (2 bytes).
    Removing air001xx_hal_uart.o(.ARM.exidx.text.HAL_UART_MspDeInit), (8 bytes).
    Removing air001xx_hal_uart.o(.ARM.exidx.text.HAL_UART_Transmit), (8 bytes).
    Removing air001xx_hal_uart.o(.ARM.exidx.text.UART_WaitOnFlagUntilTimeout), (8 bytes).
    Removing air001xx_hal_uart.o(.text.HAL_UART_Receive), (204 bytes).
    Removing air001xx_hal_uart.o(.ARM.exidx.text.HAL_UART_Receive), (8 bytes).
    Removing air001xx_hal_uart.o(.text.HAL_UART_Transmit_IT), (68 bytes).
    Removing air001xx_hal_uart.o(.ARM.exidx.text.HAL_UART_Transmit_IT), (8 bytes).
    Removing air001xx_hal_uart.o(.text.HAL_UART_Receive_IT), (96 bytes).
    Removing air001xx_hal_uart.o(.ARM.exidx.text.HAL_UART_Receive_IT), (8 bytes).
    Removing air001xx_hal_uart.o(.text.HAL_UART_Transmit_DMA), (124 bytes).
    Removing air001xx_hal_uart.o(.ARM.exidx.text.HAL_UART_Transmit_DMA), (8 bytes).
    Removing air001xx_hal_uart.o(.text.UART_DMATransmitCplt), (44 bytes).
    Removing air001xx_hal_uart.o(.ARM.exidx.text.UART_DMATransmitCplt), (8 bytes).
    Removing air001xx_hal_uart.o(.text.UART_DMATxHalfCplt), (10 bytes).
    Removing air001xx_hal_uart.o(.ARM.exidx.text.UART_DMATxHalfCplt), (8 bytes).
    Removing air001xx_hal_uart.o(.text.UART_DMAError), (96 bytes).
    Removing air001xx_hal_uart.o(.ARM.exidx.text.UART_DMAError), (8 bytes).
    Removing air001xx_hal_uart.o(.text.HAL_UART_Receive_DMA), (164 bytes).
    Removing air001xx_hal_uart.o(.ARM.exidx.text.HAL_UART_Receive_DMA), (8 bytes).
    Removing air001xx_hal_uart.o(.text.UART_DMAReceiveCplt), (56 bytes).
    Removing air001xx_hal_uart.o(.ARM.exidx.text.UART_DMAReceiveCplt), (8 bytes).
    Removing air001xx_hal_uart.o(.text.UART_DMARxHalfCplt), (10 bytes).
    Removing air001xx_hal_uart.o(.ARM.exidx.text.UART_DMARxHalfCplt), (8 bytes).
    Removing air001xx_hal_uart.o(.text.HAL_UART_DMAPause), (82 bytes).
    Removing air001xx_hal_uart.o(.ARM.exidx.text.HAL_UART_DMAPause), (8 bytes).
    Removing air001xx_hal_uart.o(.text.HAL_UART_DMAResume), (92 bytes).
    Removing air001xx_hal_uart.o(.ARM.exidx.text.HAL_UART_DMAResume), (8 bytes).
    Removing air001xx_hal_uart.o(.text.HAL_UART_DMAStop), (114 bytes).
    Removing air001xx_hal_uart.o(.ARM.exidx.text.HAL_UART_DMAStop), (8 bytes).
    Removing air001xx_hal_uart.o(.text.HAL_UART_Abort), (138 bytes).
    Removing air001xx_hal_uart.o(.ARM.exidx.text.HAL_UART_Abort), (8 bytes).
    Removing air001xx_hal_uart.o(.text.HAL_UART_AbortTransmit), (76 bytes).
    Removing air001xx_hal_uart.o(.ARM.exidx.text.HAL_UART_AbortTransmit), (8 bytes).
    Removing air001xx_hal_uart.o(.text.HAL_UART_AbortReceive), (86 bytes).
    Removing air001xx_hal_uart.o(.ARM.exidx.text.HAL_UART_AbortReceive), (8 bytes).
    Removing air001xx_hal_uart.o(.text.HAL_UART_Abort_IT), (176 bytes).
    Removing air001xx_hal_uart.o(.ARM.exidx.text.HAL_UART_Abort_IT), (8 bytes).
    Removing air001xx_hal_uart.o(.text.UART_DMATxAbortCallback), (46 bytes).
    Removing air001xx_hal_uart.o(.ARM.exidx.text.UART_DMATxAbortCallback), (8 bytes).
    Removing air001xx_hal_uart.o(.text.UART_DMARxAbortCallback), (46 bytes).
    Removing air001xx_hal_uart.o(.ARM.exidx.text.UART_DMARxAbortCallback), (8 bytes).
    Removing air001xx_hal_uart.o(.text.HAL_UART_AbortCpltCallback), (2 bytes).
    Removing air001xx_hal_uart.o(.ARM.exidx.text.HAL_UART_AbortCpltCallback), (8 bytes).
    Removing air001xx_hal_uart.o(.text.HAL_UART_AbortTransmit_IT), (80 bytes).
    Removing air001xx_hal_uart.o(.ARM.exidx.text.HAL_UART_AbortTransmit_IT), (8 bytes).
    Removing air001xx_hal_uart.o(.text.UART_DMATxOnlyAbortCallback), (20 bytes).
    Removing air001xx_hal_uart.o(.ARM.exidx.text.UART_DMATxOnlyAbortCallback), (8 bytes).
    Removing air001xx_hal_uart.o(.text.HAL_UART_AbortTransmitCpltCallback), (2 bytes).
    Removing air001xx_hal_uart.o(.ARM.exidx.text.HAL_UART_AbortTransmitCpltCallback), (8 bytes).
    Removing air001xx_hal_uart.o(.text.HAL_UART_AbortReceive_IT), (88 bytes).
    Removing air001xx_hal_uart.o(.ARM.exidx.text.HAL_UART_AbortReceive_IT), (8 bytes).
    Removing air001xx_hal_uart.o(.text.UART_DMARxOnlyAbortCallback), (20 bytes).
    Removing air001xx_hal_uart.o(.ARM.exidx.text.UART_DMARxOnlyAbortCallback), (8 bytes).
    Removing air001xx_hal_uart.o(.text.HAL_UART_AbortReceiveCpltCallback), (2 bytes).
    Removing air001xx_hal_uart.o(.ARM.exidx.text.HAL_UART_AbortReceiveCpltCallback), (8 bytes).
    Removing air001xx_hal_uart.o(.ARM.exidx.text.HAL_UART_IRQHandler), (8 bytes).
    Removing air001xx_hal_uart.o(.ARM.exidx.text.UART_Receive_IT), (8 bytes).
    Removing air001xx_hal_uart.o(.ARM.exidx.text.UART_DMAAbortOnError), (8 bytes).
    Removing air001xx_hal_uart.o(.ARM.exidx.text.HAL_UART_ErrorCallback), (8 bytes).
    Removing air001xx_hal_uart.o(.ARM.exidx.text.HAL_UART_TxCpltCallback), (8 bytes).
    Removing air001xx_hal_uart.o(.text.HAL_UART_TxHalfCpltCallback), (2 bytes).
    Removing air001xx_hal_uart.o(.ARM.exidx.text.HAL_UART_TxHalfCpltCallback), (8 bytes).
    Removing air001xx_hal_uart.o(.ARM.exidx.text.HAL_UART_RxCpltCallback), (8 bytes).
    Removing air001xx_hal_uart.o(.text.HAL_UART_RxHalfCpltCallback), (2 bytes).
    Removing air001xx_hal_uart.o(.ARM.exidx.text.HAL_UART_RxHalfCpltCallback), (8 bytes).
    Removing air001xx_hal_uart.o(.text.HAL_UART_SendBreak), (40 bytes).
    Removing air001xx_hal_uart.o(.ARM.exidx.text.HAL_UART_SendBreak), (8 bytes).
    Removing air001xx_hal_uart.o(.text.HAL_MultiProcessor_EnterMuteMode), (40 bytes).
    Removing air001xx_hal_uart.o(.ARM.exidx.text.HAL_MultiProcessor_EnterMuteMode), (8 bytes).
    Removing air001xx_hal_uart.o(.text.HAL_MultiProcessor_ExitMuteMode), (40 bytes).
    Removing air001xx_hal_uart.o(.ARM.exidx.text.HAL_MultiProcessor_ExitMuteMode), (8 bytes).
    Removing air001xx_hal_uart.o(.text.HAL_HalfDuplex_EnableTransmitter), (44 bytes).
    Removing air001xx_hal_uart.o(.ARM.exidx.text.HAL_HalfDuplex_EnableTransmitter), (8 bytes).
    Removing air001xx_hal_uart.o(.text.HAL_HalfDuplex_EnableReceiver), (44 bytes).
    Removing air001xx_hal_uart.o(.ARM.exidx.text.HAL_HalfDuplex_EnableReceiver), (8 bytes).
    Removing air001xx_hal_uart.o(.text.HAL_UART_GetState), (14 bytes).
    Removing air001xx_hal_uart.o(.ARM.exidx.text.HAL_UART_GetState), (8 bytes).
    Removing air001xx_hal_uart.o(.text.HAL_UART_GetError), (4 bytes).
    Removing air001xx_hal_uart.o(.ARM.exidx.text.HAL_UART_GetError), (8 bytes).
    Removing air001xx_hal_dma.o(.text), (0 bytes).
    Removing air001xx_hal_dma.o(.text.HAL_DMA_Init), (120 bytes).
    Removing air001xx_hal_dma.o(.ARM.exidx.text.HAL_DMA_Init), (8 bytes).
    Removing air001xx_hal_dma.o(.text.HAL_DMA_DeInit), (88 bytes).
    Removing air001xx_hal_dma.o(.ARM.exidx.text.HAL_DMA_DeInit), (8 bytes).
    Removing air001xx_hal_dma.o(.text.HAL_DMA_Start), (102 bytes).
    Removing air001xx_hal_dma.o(.ARM.exidx.text.HAL_DMA_Start), (8 bytes).
    Removing air001xx_hal_dma.o(.text.HAL_DMA_Start_IT), (126 bytes).
    Removing air001xx_hal_dma.o(.ARM.exidx.text.HAL_DMA_Start_IT), (8 bytes).
    Removing air001xx_hal_dma.o(.text.HAL_DMA_Abort), (60 bytes).
    Removing air001xx_hal_dma.o(.ARM.exidx.text.HAL_DMA_Abort), (8 bytes).
    Removing air001xx_hal_dma.o(.ARM.exidx.text.HAL_DMA_Abort_IT), (8 bytes).
    Removing air001xx_hal_dma.o(.text.HAL_DMA_PollForTransfer), (300 bytes).
    Removing air001xx_hal_dma.o(.ARM.exidx.text.HAL_DMA_PollForTransfer), (8 bytes).
    Removing air001xx_hal_dma.o(.text.HAL_DMA_IRQHandler), (200 bytes).
    Removing air001xx_hal_dma.o(.ARM.exidx.text.HAL_DMA_IRQHandler), (8 bytes).
    Removing air001xx_hal_dma.o(.text.HAL_DMA_RegisterCallback), (78 bytes).
    Removing air001xx_hal_dma.o(.ARM.exidx.text.HAL_DMA_RegisterCallback), (8 bytes).
    Removing air001xx_hal_dma.o(.text.HAL_DMA_UnRegisterCallback), (98 bytes).
    Removing air001xx_hal_dma.o(.ARM.exidx.text.HAL_DMA_UnRegisterCallback), (8 bytes).
    Removing air001xx_hal_dma.o(.text.HAL_DMA_ChannelMap), (72 bytes).
    Removing air001xx_hal_dma.o(.ARM.exidx.text.HAL_DMA_ChannelMap), (8 bytes).
    Removing air001xx_hal_dma.o(.text.HAL_DMA_GetState), (6 bytes).
    Removing air001xx_hal_dma.o(.ARM.exidx.text.HAL_DMA_GetState), (8 bytes).
    Removing air001xx_hal_dma.o(.text.HAL_DMA_GetError), (4 bytes).
    Removing air001xx_hal_dma.o(.ARM.exidx.text.HAL_DMA_GetError), (8 bytes).
    Removing air001xx_hal_spi.o(.text), (0 bytes).
    Removing air001xx_hal_spi.o(.ARM.exidx.text.HAL_SPI_Init), (8 bytes).
    Removing air001xx_hal_spi.o(.text.HAL_SPI_MspInit), (2 bytes).
    Removing air001xx_hal_spi.o(.ARM.exidx.text.HAL_SPI_MspInit), (8 bytes).
    Removing air001xx_hal_spi.o(.ARM.exidx.text.HAL_SPI_DeInit), (8 bytes).
    Removing air001xx_hal_spi.o(.ARM.exidx.text.HAL_SPI_MspDeInit), (8 bytes).
    Removing air001xx_hal_spi.o(.ARM.exidx.text.HAL_SPI_Transmit), (8 bytes).
    Removing air001xx_hal_spi.o(.ARM.exidx.text.SPI_EndRxTxTransaction), (8 bytes).
    Removing air001xx_hal_spi.o(.text.HAL_SPI_Receive), (370 bytes).
    Removing air001xx_hal_spi.o(.ARM.exidx.text.HAL_SPI_Receive), (8 bytes).
    Removing air001xx_hal_spi.o(.text.HAL_SPI_TransmitReceive), (504 bytes).
    Removing air001xx_hal_spi.o(.ARM.exidx.text.HAL_SPI_TransmitReceive), (8 bytes).
    Removing air001xx_hal_spi.o(.text.SPI_EndRxTransaction), (130 bytes).
    Removing air001xx_hal_spi.o(.ARM.exidx.text.SPI_EndRxTransaction), (8 bytes).
    Removing air001xx_hal_spi.o(.text.HAL_SPI_Transmit_IT), (144 bytes).
    Removing air001xx_hal_spi.o(.ARM.exidx.text.HAL_SPI_Transmit_IT), (8 bytes).
    Removing air001xx_hal_spi.o(.text.SPI_TxISR_16BIT), (34 bytes).
    Removing air001xx_hal_spi.o(.ARM.exidx.text.SPI_TxISR_16BIT), (8 bytes).
    Removing air001xx_hal_spi.o(.text.SPI_TxISR_8BIT), (36 bytes).
    Removing air001xx_hal_spi.o(.ARM.exidx.text.SPI_TxISR_8BIT), (8 bytes).
    Removing air001xx_hal_spi.o(.text.HAL_SPI_Receive_IT), (236 bytes).
    Removing air001xx_hal_spi.o(.ARM.exidx.text.HAL_SPI_Receive_IT), (8 bytes).
    Removing air001xx_hal_spi.o(.text.HAL_SPI_TransmitReceive_IT), (204 bytes).
    Removing air001xx_hal_spi.o(.ARM.exidx.text.HAL_SPI_TransmitReceive_IT), (8 bytes).
    Removing air001xx_hal_spi.o(.text.SPI_RxISR_16BIT), (34 bytes).
    Removing air001xx_hal_spi.o(.ARM.exidx.text.SPI_RxISR_16BIT), (8 bytes).
    Removing air001xx_hal_spi.o(.text.SPI_RxISR_8BIT), (36 bytes).
    Removing air001xx_hal_spi.o(.ARM.exidx.text.SPI_RxISR_8BIT), (8 bytes).
    Removing air001xx_hal_spi.o(.text.SPI_2linesRxISR_16BIT), (48 bytes).
    Removing air001xx_hal_spi.o(.ARM.exidx.text.SPI_2linesRxISR_16BIT), (8 bytes).
    Removing air001xx_hal_spi.o(.text.SPI_2linesTxISR_16BIT), (48 bytes).
    Removing air001xx_hal_spi.o(.ARM.exidx.text.SPI_2linesTxISR_16BIT), (8 bytes).
    Removing air001xx_hal_spi.o(.text.SPI_2linesRxISR_8BIT), (92 bytes).
    Removing air001xx_hal_spi.o(.ARM.exidx.text.SPI_2linesRxISR_8BIT), (8 bytes).
    Removing air001xx_hal_spi.o(.text.SPI_2linesTxISR_8BIT), (80 bytes).
    Removing air001xx_hal_spi.o(.ARM.exidx.text.SPI_2linesTxISR_8BIT), (8 bytes).
    Removing air001xx_hal_spi.o(.text.HAL_SPI_Transmit_DMA), (276 bytes).
    Removing air001xx_hal_spi.o(.ARM.exidx.text.HAL_SPI_Transmit_DMA), (8 bytes).
    Removing air001xx_hal_spi.o(.text.SPI_DMAHalfTransmitCplt), (10 bytes).
    Removing air001xx_hal_spi.o(.ARM.exidx.text.SPI_DMAHalfTransmitCplt), (8 bytes).
    Removing air001xx_hal_spi.o(.text.SPI_DMATransmitCplt), (114 bytes).
    Removing air001xx_hal_spi.o(.ARM.exidx.text.SPI_DMATransmitCplt), (8 bytes).
    Removing air001xx_hal_spi.o(.text.SPI_DMAError), (34 bytes).
    Removing air001xx_hal_spi.o(.ARM.exidx.text.SPI_DMAError), (8 bytes).
    Removing air001xx_hal_spi.o(.text.HAL_SPI_Receive_DMA), (328 bytes).
    Removing air001xx_hal_spi.o(.ARM.exidx.text.HAL_SPI_Receive_DMA), (8 bytes).
    Removing air001xx_hal_spi.o(.text.HAL_SPI_TransmitReceive_DMA), (464 bytes).
    Removing air001xx_hal_spi.o(.ARM.exidx.text.HAL_SPI_TransmitReceive_DMA), (8 bytes).
    Removing air001xx_hal_spi.o(.text.SPI_DMAHalfReceiveCplt), (10 bytes).
    Removing air001xx_hal_spi.o(.ARM.exidx.text.SPI_DMAHalfReceiveCplt), (8 bytes).
    Removing air001xx_hal_spi.o(.text.SPI_DMAReceiveCplt), (104 bytes).
    Removing air001xx_hal_spi.o(.ARM.exidx.text.SPI_DMAReceiveCplt), (8 bytes).
    Removing air001xx_hal_spi.o(.text.SPI_DMAHalfTransmitReceiveCplt), (10 bytes).
    Removing air001xx_hal_spi.o(.ARM.exidx.text.SPI_DMAHalfTransmitReceiveCplt), (8 bytes).
    Removing air001xx_hal_spi.o(.text.SPI_DMATransmitReceiveCplt), (92 bytes).
    Removing air001xx_hal_spi.o(.ARM.exidx.text.SPI_DMATransmitReceiveCplt), (8 bytes).
    Removing air001xx_hal_spi.o(.text.HAL_SPI_Abort), (380 bytes).
    Removing air001xx_hal_spi.o(.ARM.exidx.text.HAL_SPI_Abort), (8 bytes).
    Removing air001xx_hal_spi.o(.text.SPI_AbortTx_ISR), (220 bytes).
    Removing air001xx_hal_spi.o(.ARM.exidx.text.SPI_AbortTx_ISR), (8 bytes).
    Removing air001xx_hal_spi.o(.text.SPI_AbortRx_ISR), (128 bytes).
    Removing air001xx_hal_spi.o(.ARM.exidx.text.SPI_AbortRx_ISR), (8 bytes).
    Removing air001xx_hal_spi.o(.ARM.exidx.text.SPI_WaitFifoStateUntilTimeout), (8 bytes).
    Removing air001xx_hal_spi.o(.ARM.exidx.text.SPI_WaitFlagStateUntilTimeout), (8 bytes).
    Removing air001xx_hal_spi.o(.text.HAL_SPI_Abort_IT), (324 bytes).
    Removing air001xx_hal_spi.o(.ARM.exidx.text.HAL_SPI_Abort_IT), (8 bytes).
    Removing air001xx_hal_spi.o(.text.SPI_DMATxAbortCallback), (142 bytes).
    Removing air001xx_hal_spi.o(.ARM.exidx.text.SPI_DMATxAbortCallback), (8 bytes).
    Removing air001xx_hal_spi.o(.text.SPI_DMARxAbortCallback), (136 bytes).
    Removing air001xx_hal_spi.o(.ARM.exidx.text.SPI_DMARxAbortCallback), (8 bytes).
    Removing air001xx_hal_spi.o(.text.HAL_SPI_AbortCpltCallback), (2 bytes).
    Removing air001xx_hal_spi.o(.ARM.exidx.text.HAL_SPI_AbortCpltCallback), (8 bytes).
    Removing air001xx_hal_spi.o(.text.HAL_SPI_DMAPause), (34 bytes).
    Removing air001xx_hal_spi.o(.ARM.exidx.text.HAL_SPI_DMAPause), (8 bytes).
    Removing air001xx_hal_spi.o(.text.HAL_SPI_DMAResume), (34 bytes).
    Removing air001xx_hal_spi.o(.ARM.exidx.text.HAL_SPI_DMAResume), (8 bytes).
    Removing air001xx_hal_spi.o(.text.HAL_SPI_DMAStop), (74 bytes).
    Removing air001xx_hal_spi.o(.ARM.exidx.text.HAL_SPI_DMAStop), (8 bytes).
    Removing air001xx_hal_spi.o(.text.HAL_SPI_IRQHandler), (240 bytes).
    Removing air001xx_hal_spi.o(.ARM.exidx.text.HAL_SPI_IRQHandler), (8 bytes).
    Removing air001xx_hal_spi.o(.text.SPI_DMAAbortOnError), (16 bytes).
    Removing air001xx_hal_spi.o(.ARM.exidx.text.SPI_DMAAbortOnError), (8 bytes).
    Removing air001xx_hal_spi.o(.text.HAL_SPI_ErrorCallback), (2 bytes).
    Removing air001xx_hal_spi.o(.ARM.exidx.text.HAL_SPI_ErrorCallback), (8 bytes).
    Removing air001xx_hal_spi.o(.text.HAL_SPI_TxCpltCallback), (2 bytes).
    Removing air001xx_hal_spi.o(.ARM.exidx.text.HAL_SPI_TxCpltCallback), (8 bytes).
    Removing air001xx_hal_spi.o(.text.HAL_SPI_RxCpltCallback), (2 bytes).
    Removing air001xx_hal_spi.o(.ARM.exidx.text.HAL_SPI_RxCpltCallback), (8 bytes).
    Removing air001xx_hal_spi.o(.text.HAL_SPI_TxRxCpltCallback), (2 bytes).
    Removing air001xx_hal_spi.o(.ARM.exidx.text.HAL_SPI_TxRxCpltCallback), (8 bytes).
    Removing air001xx_hal_spi.o(.text.HAL_SPI_TxHalfCpltCallback), (2 bytes).
    Removing air001xx_hal_spi.o(.ARM.exidx.text.HAL_SPI_TxHalfCpltCallback), (8 bytes).
    Removing air001xx_hal_spi.o(.text.HAL_SPI_RxHalfCpltCallback), (2 bytes).
    Removing air001xx_hal_spi.o(.ARM.exidx.text.HAL_SPI_RxHalfCpltCallback), (8 bytes).
    Removing air001xx_hal_spi.o(.text.HAL_SPI_TxRxHalfCpltCallback), (2 bytes).
    Removing air001xx_hal_spi.o(.ARM.exidx.text.HAL_SPI_TxRxHalfCpltCallback), (8 bytes).
    Removing air001xx_hal_spi.o(.text.HAL_SPI_GetState), (6 bytes).
    Removing air001xx_hal_spi.o(.ARM.exidx.text.HAL_SPI_GetState), (8 bytes).
    Removing air001xx_hal_spi.o(.text.HAL_SPI_GetError), (4 bytes).
    Removing air001xx_hal_spi.o(.ARM.exidx.text.HAL_SPI_GetError), (8 bytes).
    Removing air001xx_hal_spi.o(.text.SPI_CloseRxTx_ISR), (84 bytes).
    Removing air001xx_hal_spi.o(.ARM.exidx.text.SPI_CloseRxTx_ISR), (8 bytes).
    Removing air001xx_hal_spi.o(.text.SPI_CloseRx_ISR), (68 bytes).
    Removing air001xx_hal_spi.o(.ARM.exidx.text.SPI_CloseRx_ISR), (8 bytes).
    Removing air001xx_hal_spi.o(.text.SPI_CloseTx_ISR), (94 bytes).
    Removing air001xx_hal_spi.o(.ARM.exidx.text.SPI_CloseTx_ISR), (8 bytes).
    Removing air001xx_hal_iwdg.o(.text), (0 bytes).
    Removing air001xx_hal_iwdg.o(.ARM.exidx.text.HAL_IWDG_Init), (8 bytes).
    Removing air001xx_hal_iwdg.o(.ARM.exidx.text.HAL_IWDG_Refresh), (8 bytes).
    Removing air001xx_it.o(.text), (0 bytes).
    Removing air001xx_it.o(.ARM.exidx.text.NMI_Handler), (8 bytes).
    Removing air001xx_it.o(.ARM.exidx.text.HardFault_Handler), (8 bytes).
    Removing air001xx_it.o(.ARM.exidx.text.SVC_Handler), (8 bytes).
    Removing air001xx_it.o(.ARM.exidx.text.PendSV_Handler), (8 bytes).
    Removing air001xx_it.o(.ARM.exidx.text.SysTick_Handler), (8 bytes).
    Removing air001xx_it.o(.text.Handle_Handshake), (28 bytes).
    Removing air001xx_it.o(.ARM.exidx.text.Handle_Handshake), (8 bytes).
    Removing air001xx_it.o(.ARM.exidx.text.USART1_IRQHandler), (8 bytes).
    Removing main.o(.text), (0 bytes).
    Removing main.o(.ARM.exidx.text.screen_mode_loop), (8 bytes).
    Removing main.o(.ARM.exidx.text.normal_mode), (8 bytes).
    Removing main.o(.ARM.exidx.text.KEY_CONFIG), (8 bytes).
    Removing main.o(.ARM.exidx.text.short_press), (8 bytes).
    Removing main.o(.text.long_press), (36 bytes).
    Removing main.o(.ARM.exidx.text.long_press), (8 bytes).
    Removing main.o(.ARM.exidx.text.clear), (8 bytes).
    Removing main.o(.text.longlong_press), (2 bytes).
    Removing main.o(.ARM.exidx.text.longlong_press), (8 bytes).
    Removing main.o(.ARM.exidx.text.main), (8 bytes).
    Removing main.o(.ARM.exidx.text.user_key_handle), (8 bytes).
    Removing main.o(.ARM.exidx.text.Error_Handler), (8 bytes).
    Removing main.o(.text.clear_flag), (28 bytes).
    Removing main.o(.ARM.exidx.text.clear_flag), (8 bytes).
    Removing main.o(.text.Color_Browse), (104 bytes).
    Removing main.o(.ARM.exidx.text.Color_Browse), (8 bytes).
    Removing main.o(.text.RGB_to_HSV), (324 bytes).
    Removing main.o(.ARM.exidx.text.RGB_to_HSV), (8 bytes).
    Removing main.o(.text.HSV_to_RGB), (308 bytes).
    Removing main.o(.ARM.exidx.text.HSV_to_RGB), (8 bytes).
    Removing main.o(.text.breathing_light), (116 bytes).
    Removing main.o(.ARM.exidx.text.breathing_light), (8 bytes).
    Removing main.o(.text.pwm_mode), (124 bytes).
    Removing main.o(.ARM.exidx.text.pwm_mode), (8 bytes).
    Removing main.o(.text.transform_mode), (2 bytes).
    Removing main.o(.ARM.exidx.text.transform_mode), (8 bytes).
    Removing main.o(.bss.first_press), (1 bytes).
    Removing main.o(.bss.pwm_flag), (1 bytes).
    Removing main.o(.bss.breathing_light.brightness_dir), (1 bytes).
    Removing main.o(.bss.breathing_light.current_V), (1 bytes).
    Removing main.o(.data.pwm_mode.initial_R), (1 bytes).
    Removing main.o(.bss.pwm_mode.initial_G), (1 bytes).
    Removing main.o(.bss.pwm_mode.initial_B), (1 bytes).
    Removing main.o(.bss.rgb_range), (6 bytes).
    Removing main.o(.bss.rgb_range_old), (6 bytes).
    Removing main.o(.bss.tran_count), (3 bytes).
    Removing main.o(.ARM.use_no_argv), (4 bytes).
    Removing uart.o(.text), (0 bytes).
    Removing uart.o(.ARM.exidx.text.Uart_Init), (8 bytes).
    Removing uart.o(.text.Usart_SendString), (36 bytes).
    Removing uart.o(.ARM.exidx.text.Usart_SendString), (8 bytes).
    Removing uart.o(.text.fputc), (32 bytes).
    Removing uart.o(.ARM.exidx.text.fputc), (8 bytes).
    Removing uart.o(.text.fgetc), (28 bytes).
    Removing uart.o(.ARM.exidx.text.fgetc), (8 bytes).
    Removing spi.o(.text), (0 bytes).
    Removing spi.o(.ARM.exidx.text.HAL_MspInit), (8 bytes).
    Removing spi.o(.ARM.exidx.text.HAL_SPI_MspInit), (8 bytes).
    Removing spi.o(.ARM.exidx.text.SPI_CONFIG), (8 bytes).
    Removing spi.o(.text.WS2812_RESET), (52 bytes).
    Removing spi.o(.ARM.exidx.text.WS2812_RESET), (8 bytes).
    Removing spi.o(.ARM.exidx.text.WS2812B_SendRGB), (8 bytes).
    Removing spi.o(.text.SetColor), (28 bytes).
    Removing spi.o(.ARM.exidx.text.SetColor), (8 bytes).
    Removing startup_air001_dev.o(HEAP), (384 bytes).
    Removing system_air001xx.o(.text), (0 bytes).
    Removing system_air001xx.o(.text.SystemCoreClockUpdate), (128 bytes).
    Removing system_air001xx.o(.ARM.exidx.text.SystemCoreClockUpdate), (8 bytes).
    Removing system_air001xx.o(.ARM.exidx.text.SystemInit), (8 bytes).
    Removing system_air001xx.o(.ARM.exidx.text.$Sub$$main), (8 bytes).
    Removing fadd.o(.text), (178 bytes).
    Removing fmul.o(.text), (122 bytes).
    Removing fdiv.o(.text), (124 bytes).
    Removing ddiv.o(.text), (240 bytes).
    Removing fcmpeq.o(.text), (28 bytes).
    Removing fflti.o(.text), (22 bytes).
    Removing ffltui.o(.text), (14 bytes).
    Removing dfltui.o(.text), (28 bytes).
    Removing ffixi.o(.text), (50 bytes).
    Removing d2f.o(.text), (56 bytes).
    Removing fepilogue.o(.text), (130 bytes).
    Removing depilogue.o(.text), (190 bytes).
    Removing fcmp4.o(.text), (52 bytes).
    Removing depilogue.o(i.__ARM_clz), (46 bytes).

512 unused section(s) (total 19496 bytes) removed from the image.

==============================================================================

Image Symbol Table

    Local Symbols

    Symbol Name                              Value     Ov Type        Size  Object(Section)

    ../clib/../cmprslib/zerorunl.c           0x00000000   Number         0  __dczerorl.o ABSOLUTE
    ../clib/division.s                       0x00000000   Number         0  aeabi_sdiv.o ABSOLUTE
    ../clib/division.s                       0x00000000   Number         0  aeabi_sdiv_div0.o ABSOLUTE
    ../clib/microlib/division.c              0x00000000   Number         0  uidiv.o ABSOLUTE
    ../clib/microlib/division.c              0x00000000   Number         0  idiv.o ABSOLUTE
    ../clib/microlib/division.c              0x00000000   Number         0  uidiv_div0.o ABSOLUTE
    ../clib/microlib/division.c              0x00000000   Number         0  idiv_div0.o ABSOLUTE
    ../clib/microlib/division.c              0x00000000   Number         0  idiv0.o ABSOLUTE
    ../clib/microlib/init/entry.s            0x00000000   Number         0  entry.o ABSOLUTE
    ../clib/microlib/init/entry.s            0x00000000   Number         0  entry2.o ABSOLUTE
    ../clib/microlib/init/entry.s            0x00000000   Number         0  entry5.o ABSOLUTE
    ../clib/microlib/init/entry.s            0x00000000   Number         0  entry7a.o ABSOLUTE
    ../clib/microlib/init/entry.s            0x00000000   Number         0  entry7b.o ABSOLUTE
    ../clib/microlib/init/entry.s            0x00000000   Number         0  entry8a.o ABSOLUTE
    ../clib/microlib/init/entry.s            0x00000000   Number         0  entry8b.o ABSOLUTE
    ../clib/microlib/init/entry.s            0x00000000   Number         0  entry9a.o ABSOLUTE
    ../clib/microlib/init/entry.s            0x00000000   Number         0  entry9b.o ABSOLUTE
    ../clib/microlib/init/entry.s            0x00000000   Number         0  entry10a.o ABSOLUTE
    ../clib/microlib/init/entry.s            0x00000000   Number         0  entry10b.o ABSOLUTE
    ../clib/microlib/init/entry.s            0x00000000   Number         0  entry11a.o ABSOLUTE
    ../clib/microlib/init/entry.s            0x00000000   Number         0  entry11b.o ABSOLUTE
    ../clib/microlib/longlong.c              0x00000000   Number         0  llshl.o ABSOLUTE
    ../clib/microlib/longlong.c              0x00000000   Number         0  llushr.o ABSOLUTE
    ../clib/microlib/stdlib/rand.c           0x00000000   Number         0  rand.o ABSOLUTE
    ../clib/microlib/string/memset.c         0x00000000   Number         0  memseta.o ABSOLUTE
    ../clib/microlib/stubs.s                 0x00000000   Number         0  iusefp.o ABSOLUTE
    ../fplib/microlib/d2f.c                  0x00000000   Number         0  d2f.o ABSOLUTE
    ../fplib/microlib/fpadd.c                0x00000000   Number         0  fadd.o ABSOLUTE
    ../fplib/microlib/fpcmp.c                0x00000000   Number         0  fcmpeq.o ABSOLUTE
    ../fplib/microlib/fpcmp4.c               0x00000000   Number         0  fcmp4.o ABSOLUTE
    ../fplib/microlib/fpdiv.c                0x00000000   Number         0  fdiv.o ABSOLUTE
    ../fplib/microlib/fpdiv.c                0x00000000   Number         0  ddiv.o ABSOLUTE
    ../fplib/microlib/fpepilogue.c           0x00000000   Number         0  fepilogue.o ABSOLUTE
    ../fplib/microlib/fpepilogue.c           0x00000000   Number         0  depilogue.o ABSOLUTE
    ../fplib/microlib/fpfix.c                0x00000000   Number         0  ffixi.o ABSOLUTE
    ../fplib/microlib/fpflt.c                0x00000000   Number         0  fflti.o ABSOLUTE
    ../fplib/microlib/fpflt.c                0x00000000   Number         0  ffltui.o ABSOLUTE
    ../fplib/microlib/fpflt.c                0x00000000   Number         0  dfltui.o ABSOLUTE
    ../fplib/microlib/fpmul.c                0x00000000   Number         0  fmul.o ABSOLUTE
    ../mathlib/fmax.c                        0x00000000   Number         0  fmaxf.o ABSOLUTE
    ../mathlib/fmax.c                        0x00000000   Number         0  fminf.o ABSOLUTE
    RTE\Device\AIR001Dev\startup_air001_dev.s 0x00000000   Number         0  startup_air001_dev.o ABSOLUTE
    air001xx_hal.c                           0x00000000   Number         0  air001xx_hal.o ABSOLUTE
    air001xx_hal_cortex.c                    0x00000000   Number         0  air001xx_hal_cortex.o ABSOLUTE
    air001xx_hal_crc.c                       0x00000000   Number         0  air001xx_hal_crc.o ABSOLUTE
    air001xx_hal_dma.c                       0x00000000   Number         0  air001xx_hal_dma.o ABSOLUTE
    air001xx_hal_exti.c                      0x00000000   Number         0  air001xx_hal_exti.o ABSOLUTE
    air001xx_hal_flash.c                     0x00000000   Number         0  air001xx_hal_flash.o ABSOLUTE
    air001xx_hal_gpio.c                      0x00000000   Number         0  air001xx_hal_gpio.o ABSOLUTE
    air001xx_hal_iwdg.c                      0x00000000   Number         0  air001xx_hal_iwdg.o ABSOLUTE
    air001xx_hal_pwr.c                       0x00000000   Number         0  air001xx_hal_pwr.o ABSOLUTE
    air001xx_hal_rcc.c                       0x00000000   Number         0  air001xx_hal_rcc.o ABSOLUTE
    air001xx_hal_spi.c                       0x00000000   Number         0  air001xx_hal_spi.o ABSOLUTE
    air001xx_hal_uart.c                      0x00000000   Number         0  air001xx_hal_uart.o ABSOLUTE
    air001xx_it.c                            0x00000000   Number         0  air001xx_it.o ABSOLUTE
    dc.s                                     0x00000000   Number         0  dc.o ABSOLUTE
    handlers.s                               0x00000000   Number         0  handlers.o ABSOLUTE
    init.s                                   0x00000000   Number         0  init.o ABSOLUTE
    main.c                                   0x00000000   Number         0  main.o ABSOLUTE
    spi.c                                    0x00000000   Number         0  spi.o ABSOLUTE
    system_air001xx.c                        0x00000000   Number         0  system_air001xx.o ABSOLUTE
    uart.c                                   0x00000000   Number         0  uart.o ABSOLUTE
    RESET                                    0x08000000   Section      192  startup_air001_dev.o(RESET)
    .ARM.Collect$$$$00000000                 0x080000c0   Section        0  entry.o(.ARM.Collect$$$$00000000)
    .ARM.Collect$$$$00000001                 0x080000c0   Section        4  entry2.o(.ARM.Collect$$$$00000001)
    .ARM.Collect$$$$00000004                 0x080000c4   Section        4  entry5.o(.ARM.Collect$$$$00000004)
    .ARM.Collect$$$$00000008                 0x080000c8   Section        0  entry7b.o(.ARM.Collect$$$$00000008)
    .ARM.Collect$$$$0000000A                 0x080000c8   Section        0  entry8b.o(.ARM.Collect$$$$0000000A)
    .ARM.Collect$$$$0000000B                 0x080000c8   Section        8  entry9a.o(.ARM.Collect$$$$0000000B)
    __lit__00000000                          0x080000d0   Data           4  entry2.o(.ARM.Collect$$$$00002712)
    .ARM.Collect$$$$0000000D                 0x080000d0   Section        0  entry10a.o(.ARM.Collect$$$$0000000D)
    .ARM.Collect$$$$0000000F                 0x080000d0   Section        0  entry11a.o(.ARM.Collect$$$$0000000F)
    .ARM.Collect$$$$00002712                 0x080000d0   Section        4  entry2.o(.ARM.Collect$$$$00002712)
    .text                                    0x080000d4   Section       28  startup_air001_dev.o(.text)
    .text                                    0x080000f0   Section        0  rand.o(.text)
    .text                                    0x08000114   Section        0  uidiv_div0.o(.text)
    .text                                    0x08000154   Section        0  idiv_div0.o(.text)
    .text                                    0x080001a4   Section       36  init.o(.text)
    .text                                    0x080001c8   Section        0  __dczerorl.o(.text)
    [Anonymous Symbol]                       0x08000204   Section        0  system_air001xx.o(.text.$Sub$$main)
    __arm_cp.2_0                             0x08000228   Number         4  system_air001xx.o(.text.$Sub$$main)
    __arm_cp.2_1                             0x0800022c   Number         4  system_air001xx.o(.text.$Sub$$main)
    [Anonymous Symbol]                       0x08000230   Section        0  main.o(.text.Error_Handler)
    [Anonymous Symbol]                       0x08000234   Section        0  air001xx_hal_dma.o(.text.HAL_DMA_Abort_IT)
    __arm_cp.5_0                             0x0800028c   Number         4  air001xx_hal_dma.o(.text.HAL_DMA_Abort_IT)
    [Anonymous Symbol]                       0x08000290   Section        0  air001xx_hal_gpio.o(.text.HAL_GPIO_Init)
    __arm_cp.0_0                             0x080003e4   Number         4  air001xx_hal_gpio.o(.text.HAL_GPIO_Init)
    __arm_cp.0_1                             0x080003e8   Number         4  air001xx_hal_gpio.o(.text.HAL_GPIO_Init)
    __arm_cp.0_2                             0x080003ec   Number         4  air001xx_hal_gpio.o(.text.HAL_GPIO_Init)
    __arm_cp.0_3                             0x080003f0   Number         4  air001xx_hal_gpio.o(.text.HAL_GPIO_Init)
    [Anonymous Symbol]                       0x080003f4   Section        0  air001xx_hal_gpio.o(.text.HAL_GPIO_ReadPin)
    [Anonymous Symbol]                       0x08000400   Section        0  air001xx_hal.o(.text.HAL_GetTick)
    [Anonymous Symbol]                       0x08000408   Section        0  air001xx_hal_iwdg.o(.text.HAL_IWDG_Init)
    __arm_cp.0_0                             0x0800044c   Number         4  air001xx_hal_iwdg.o(.text.HAL_IWDG_Init)
    __arm_cp.0_1                             0x08000450   Number         4  air001xx_hal_iwdg.o(.text.HAL_IWDG_Init)
    [Anonymous Symbol]                       0x08000454   Section        0  air001xx_hal_iwdg.o(.text.HAL_IWDG_Refresh)
    __arm_cp.1_0                             0x08000460   Number         4  air001xx_hal_iwdg.o(.text.HAL_IWDG_Refresh)
    [Anonymous Symbol]                       0x08000464   Section        0  air001xx_hal.o(.text.HAL_IncTick)
    __arm_cp.5_1                             0x08000474   Number         4  air001xx_hal.o(.text.HAL_IncTick)
    [Anonymous Symbol]                       0x08000478   Section        0  air001xx_hal.o(.text.HAL_Init)
    [Anonymous Symbol]                       0x08000494   Section        0  air001xx_hal.o(.text.HAL_InitTick)
    __arm_cp.1_0                             0x080004d4   Number         4  air001xx_hal.o(.text.HAL_InitTick)
    [Anonymous Symbol]                       0x080004d8   Section        0  spi.o(.text.HAL_MspInit)
    __arm_cp.0_0                             0x08000500   Number         4  spi.o(.text.HAL_MspInit)
    [Anonymous Symbol]                       0x08000504   Section        0  air001xx_hal_cortex.o(.text.HAL_NVIC_EnableIRQ)
    __arm_cp.1_0                             0x08000518   Number         4  air001xx_hal_cortex.o(.text.HAL_NVIC_EnableIRQ)
    [Anonymous Symbol]                       0x0800051c   Section        0  air001xx_hal_cortex.o(.text.HAL_NVIC_SetPriority)
    __arm_cp.0_0                             0x08000554   Number         4  air001xx_hal_cortex.o(.text.HAL_NVIC_SetPriority)
    __arm_cp.0_1                             0x08000558   Number         4  air001xx_hal_cortex.o(.text.HAL_NVIC_SetPriority)
    [Anonymous Symbol]                       0x0800055c   Section        0  air001xx_hal_rcc.o(.text.HAL_RCC_ClockConfig)
    __arm_cp.3_0                             0x080006bc   Number         4  air001xx_hal_rcc.o(.text.HAL_RCC_ClockConfig)
    __arm_cp.3_1                             0x080006c0   Number         4  air001xx_hal_rcc.o(.text.HAL_RCC_ClockConfig)
    __arm_cp.3_3                             0x080006c4   Number         4  air001xx_hal_rcc.o(.text.HAL_RCC_ClockConfig)
    __arm_cp.3_5                             0x080006c8   Number         4  air001xx_hal_rcc.o(.text.HAL_RCC_ClockConfig)
    [Anonymous Symbol]                       0x080006cc   Section        0  air001xx_hal_rcc.o(.text.HAL_RCC_GetPCLK1Freq)
    __arm_cp.6_0                             0x080006e8   Number         4  air001xx_hal_rcc.o(.text.HAL_RCC_GetPCLK1Freq)
    __arm_cp.6_1                             0x080006ec   Number         4  air001xx_hal_rcc.o(.text.HAL_RCC_GetPCLK1Freq)
    __arm_cp.6_2                             0x080006f0   Number         4  air001xx_hal_rcc.o(.text.HAL_RCC_GetPCLK1Freq)
    [Anonymous Symbol]                       0x080006f4   Section        0  air001xx_hal_rcc.o(.text.HAL_RCC_GetSysClockFreq)
    __arm_cp.2_0                             0x08000770   Number         4  air001xx_hal_rcc.o(.text.HAL_RCC_GetSysClockFreq)
    __arm_cp.2_1                             0x08000774   Number         4  air001xx_hal_rcc.o(.text.HAL_RCC_GetSysClockFreq)
    __arm_cp.2_2                             0x08000778   Number         4  air001xx_hal_rcc.o(.text.HAL_RCC_GetSysClockFreq)
    __arm_cp.2_3                             0x0800077c   Number         4  air001xx_hal_rcc.o(.text.HAL_RCC_GetSysClockFreq)
    [Anonymous Symbol]                       0x08000780   Section        0  air001xx_hal_rcc.o(.text.HAL_RCC_OscConfig)
    __arm_cp.1_0                             0x08000bf4   Number         4  air001xx_hal_rcc.o(.text.HAL_RCC_OscConfig)
    __arm_cp.1_1                             0x08000bf8   Number         4  air001xx_hal_rcc.o(.text.HAL_RCC_OscConfig)
    __arm_cp.1_2                             0x08000bfc   Number         4  air001xx_hal_rcc.o(.text.HAL_RCC_OscConfig)
    __arm_cp.1_3                             0x08000c00   Number         4  air001xx_hal_rcc.o(.text.HAL_RCC_OscConfig)
    __arm_cp.1_4                             0x08000c04   Number         4  air001xx_hal_rcc.o(.text.HAL_RCC_OscConfig)
    __arm_cp.1_5                             0x08000c08   Number         4  air001xx_hal_rcc.o(.text.HAL_RCC_OscConfig)
    __arm_cp.1_6                             0x08000c0c   Number         4  air001xx_hal_rcc.o(.text.HAL_RCC_OscConfig)
    __arm_cp.1_7                             0x08000c10   Number         4  air001xx_hal_rcc.o(.text.HAL_RCC_OscConfig)
    __arm_cp.1_8                             0x08000c14   Number         4  air001xx_hal_rcc.o(.text.HAL_RCC_OscConfig)
    [Anonymous Symbol]                       0x08000c18   Section        0  air001xx_hal_spi.o(.text.HAL_SPI_DeInit)
    [Anonymous Symbol]                       0x08000c48   Section        0  air001xx_hal_spi.o(.text.HAL_SPI_Init)
    [Anonymous Symbol]                       0x08000cc4   Section        0  air001xx_hal_spi.o(.text.HAL_SPI_MspDeInit)
    [Anonymous Symbol]                       0x08000cc8   Section        0  spi.o(.text.HAL_SPI_MspInit)
    __arm_cp.1_0                             0x08000d3c   Number         4  spi.o(.text.HAL_SPI_MspInit)
    __arm_cp.1_1                             0x08000d40   Number         4  spi.o(.text.HAL_SPI_MspInit)
    [Anonymous Symbol]                       0x08000d44   Section        0  air001xx_hal_spi.o(.text.HAL_SPI_Transmit)
    __arm_cp.4_0                             0x08000eb0   Number         4  air001xx_hal_spi.o(.text.HAL_SPI_Transmit)
    [Anonymous Symbol]                       0x08000eb4   Section        0  air001xx_hal_cortex.o(.text.HAL_SYSTICK_Config)
    __arm_cp.4_0                             0x08000edc   Number         4  air001xx_hal_cortex.o(.text.HAL_SYSTICK_Config)
    __arm_cp.4_1                             0x08000ee0   Number         4  air001xx_hal_cortex.o(.text.HAL_SYSTICK_Config)
    __arm_cp.4_2                             0x08000ee4   Number         4  air001xx_hal_cortex.o(.text.HAL_SYSTICK_Config)
    [Anonymous Symbol]                       0x08000ee8   Section        0  air001xx_hal_uart.o(.text.HAL_UART_ErrorCallback)
    [Anonymous Symbol]                       0x08000eec   Section        0  air001xx_hal_uart.o(.text.HAL_UART_IRQHandler)
    __arm_cp.35_0                            0x08001054   Number         4  air001xx_hal_uart.o(.text.HAL_UART_IRQHandler)
    [Anonymous Symbol]                       0x08001058   Section        0  air001xx_hal_uart.o(.text.HAL_UART_Init)
    [Anonymous Symbol]                       0x080010de   Section        0  air001xx_hal_uart.o(.text.HAL_UART_MspInit)
    [Anonymous Symbol]                       0x080010e0   Section        0  air001xx_hal_uart.o(.text.HAL_UART_RxCpltCallback)
    [Anonymous Symbol]                       0x080010e4   Section        0  air001xx_hal_uart.o(.text.HAL_UART_Transmit)
    __arm_cp.7_0                             0x080011c4   Number         4  air001xx_hal_uart.o(.text.HAL_UART_Transmit)
    [Anonymous Symbol]                       0x080011c8   Section        0  air001xx_hal_uart.o(.text.HAL_UART_TxCpltCallback)
    [Anonymous Symbol]                       0x080011ca   Section        0  air001xx_it.o(.text.HardFault_Handler)
    [Anonymous Symbol]                       0x080011cc   Section        0  main.o(.text.KEY_CONFIG)
    __arm_cp.2_0                             0x080011fc   Number         4  main.o(.text.KEY_CONFIG)
    __arm_cp.2_1                             0x08001200   Number         4  main.o(.text.KEY_CONFIG)
    [Anonymous Symbol]                       0x08001204   Section        0  air001xx_it.o(.text.NMI_Handler)
    [Anonymous Symbol]                       0x08001206   Section        0  air001xx_it.o(.text.PendSV_Handler)
    [Anonymous Symbol]                       0x08001208   Section        0  spi.o(.text.SPI_CONFIG)
    __arm_cp.2_0                             0x08001270   Number         4  spi.o(.text.SPI_CONFIG)
    __arm_cp.2_1                             0x08001274   Number         4  spi.o(.text.SPI_CONFIG)
    __arm_cp.2_2                             0x08001278   Number         4  spi.o(.text.SPI_CONFIG)
    SPI_EndRxTxTransaction                   0x0800127d   Thumb Code    76  air001xx_hal_spi.o(.text.SPI_EndRxTxTransaction)
    [Anonymous Symbol]                       0x0800127c   Section        0  air001xx_hal_spi.o(.text.SPI_EndRxTxTransaction)
    SPI_WaitFifoStateUntilTimeout            0x080012c9   Thumb Code   200  air001xx_hal_spi.o(.text.SPI_WaitFifoStateUntilTimeout)
    [Anonymous Symbol]                       0x080012c8   Section        0  air001xx_hal_spi.o(.text.SPI_WaitFifoStateUntilTimeout)
    SPI_WaitFlagStateUntilTimeout            0x08001391   Thumb Code   156  air001xx_hal_spi.o(.text.SPI_WaitFlagStateUntilTimeout)
    [Anonymous Symbol]                       0x08001390   Section        0  air001xx_hal_spi.o(.text.SPI_WaitFlagStateUntilTimeout)
    __arm_cp.34_0                            0x0800142c   Number         4  air001xx_hal_spi.o(.text.SPI_WaitFlagStateUntilTimeout)
    [Anonymous Symbol]                       0x08001430   Section        0  air001xx_it.o(.text.SVC_Handler)
    [Anonymous Symbol]                       0x08001432   Section        0  air001xx_it.o(.text.SysTick_Handler)
    [Anonymous Symbol]                       0x0800143c   Section        0  system_air001xx.o(.text.SystemInit)
    __arm_cp.1_0                             0x0800145c   Number         4  system_air001xx.o(.text.SystemInit)
    __arm_cp.1_1                             0x08001460   Number         4  system_air001xx.o(.text.SystemInit)
    __arm_cp.1_2                             0x08001464   Number         4  system_air001xx.o(.text.SystemInit)
    __arm_cp.1_3                             0x08001468   Number         4  system_air001xx.o(.text.SystemInit)
    UART_DMAAbortOnError                     0x0800146d   Thumb Code    16  air001xx_hal_uart.o(.text.UART_DMAAbortOnError)
    [Anonymous Symbol]                       0x0800146c   Section        0  air001xx_hal_uart.o(.text.UART_DMAAbortOnError)
    UART_Receive_IT                          0x0800147d   Thumb Code   104  air001xx_hal_uart.o(.text.UART_Receive_IT)
    [Anonymous Symbol]                       0x0800147c   Section        0  air001xx_hal_uart.o(.text.UART_Receive_IT)
    __arm_cp.36_0                            0x080014e4   Number         4  air001xx_hal_uart.o(.text.UART_Receive_IT)
    UART_SetConfig                           0x080014e9   Thumb Code   188  air001xx_hal_uart.o(.text.UART_SetConfig)
    [Anonymous Symbol]                       0x080014e8   Section        0  air001xx_hal_uart.o(.text.UART_SetConfig)
    __arm_cp.2_0                             0x080015a4   Number         4  air001xx_hal_uart.o(.text.UART_SetConfig)
    UART_WaitOnFlagUntilTimeout              0x080015a9   Thumb Code   100  air001xx_hal_uart.o(.text.UART_WaitOnFlagUntilTimeout)
    [Anonymous Symbol]                       0x080015a8   Section        0  air001xx_hal_uart.o(.text.UART_WaitOnFlagUntilTimeout)
    [Anonymous Symbol]                       0x0800160c   Section        0  air001xx_it.o(.text.USART1_IRQHandler)
    __arm_cp.6_1                             0x08001664   Number         4  air001xx_it.o(.text.USART1_IRQHandler)
    __arm_cp.6_2                             0x08001668   Number         4  air001xx_it.o(.text.USART1_IRQHandler)
    __arm_cp.6_5                             0x0800166c   Number         4  air001xx_it.o(.text.USART1_IRQHandler)
    [Anonymous Symbol]                       0x08001670   Section        0  uart.o(.text.Uart_Init)
    __arm_cp.0_2                             0x0800170c   Number         4  uart.o(.text.Uart_Init)
    [Anonymous Symbol]                       0x08001710   Section        0  spi.o(.text.WS2812B_SendRGB)
    __arm_cp.4_0                             0x08001790   Number         4  spi.o(.text.WS2812B_SendRGB)
    __arm_cp.4_1                             0x08001794   Number         4  spi.o(.text.WS2812B_SendRGB)
    __arm_cp.4_2                             0x08001798   Number         4  spi.o(.text.WS2812B_SendRGB)
    [Anonymous Symbol]                       0x0800179c   Section        0  main.o(.text.clear)
    [Anonymous Symbol]                       0x080017d4   Section        0  main.o(.text.main)
    __arm_cp.7_0                             0x080018c8   Number         4  main.o(.text.main)
    __arm_cp.7_1                             0x080018cc   Number         4  main.o(.text.main)
    __arm_cp.7_2                             0x080018d0   Number         4  main.o(.text.main)
    __arm_cp.7_3                             0x080018d4   Number         4  main.o(.text.main)
    __arm_cp.7_4                             0x080018d8   Number         4  main.o(.text.main)
    __arm_cp.7_6                             0x080018dc   Number         4  main.o(.text.main)
    __arm_cp.7_7                             0x080018e0   Number         4  main.o(.text.main)
    [Anonymous Symbol]                       0x080018e4   Section        0  main.o(.text.normal_mode)
    [Anonymous Symbol]                       0x08001924   Section        0  main.o(.text.screen_mode_loop)
    __arm_cp.0_1                             0x080019d0   Number         4  main.o(.text.screen_mode_loop)
    __arm_cp.0_2                             0x080019d4   Number         4  main.o(.text.screen_mode_loop)
    __arm_cp.0_3                             0x080019d8   Number         4  main.o(.text.screen_mode_loop)
    [Anonymous Symbol]                       0x080019dc   Section        0  main.o(.text.short_press)
    __arm_cp.3_1                             0x08001a10   Number         4  main.o(.text.short_press)
    [Anonymous Symbol]                       0x08001a14   Section        0  main.o(.text.user_key_handle)
    __arm_cp.8_0                             0x08001acc   Number         4  main.o(.text.user_key_handle)
    __arm_cp.8_1                             0x08001ad0   Number         4  main.o(.text.user_key_handle)
    __arm_cp.8_2                             0x08001ad4   Number         4  main.o(.text.user_key_handle)
    __arm_cp.8_3                             0x08001ad8   Number         4  main.o(.text.user_key_handle)
    __arm_cp.8_4                             0x08001adc   Number         4  main.o(.text.user_key_handle)
    __arm_cp.8_5                             0x08001ae0   Number         4  main.o(.text.user_key_handle)
    __arm_cp.8_6                             0x08001ae4   Number         4  main.o(.text.user_key_handle)
    __arm_cp.8_7                             0x08001ae8   Number         4  main.o(.text.user_key_handle)
    __arm_cp.8_8                             0x08001aec   Number         4  main.o(.text.user_key_handle)
    __arm_cp.8_9                             0x08001af0   Number         4  main.o(.text.user_key_handle)
    __arm_cp.8_10                            0x08001af4   Number         4  main.o(.text.user_key_handle)
    i.__scatterload_copy                     0x08001af8   Section       14  handlers.o(i.__scatterload_copy)
    i.__scatterload_null                     0x08001b06   Section        2  handlers.o(i.__scatterload_null)
    i.__scatterload_zeroinit                 0x08001b08   Section       14  handlers.o(i.__scatterload_zeroinit)
    [Anonymous Symbol]                       0x08001b18   Section        0  air001xx_hal_rcc.o(.rodata..L__const.HAL_RCC_GetSysClockFreq.hsiValue)
    [Anonymous Symbol]                       0x08001bac   Section        0  air001xx_it.o(.rodata.str1.1)
    _rand_state                              0x200000c0   Data           4  rand.o(.data)
    .data                                    0x200000c0   Section        4  rand.o(.data)
    STACK                                    0x20000e28   Section      384  startup_air001_dev.o(STACK)

    Global Symbols

    Symbol Name                              Value     Ov Type        Size  Object(Section)

    BuildAttributes$$THM_ISAv3M$S$PE$A:L22$X:L11$S22$IEEE1$IW$~IW$USESV6$~STKCKD$USESV7$~SHL$OTIME$ROPI$IEEEJ$EBA8$MICROLIB$REQ8$PRES8$EABIv2 0x00000000   Number         0  anon$$obj.o ABSOLUTE
    __cpp_initialize__aeabi_                  - Undefined Weak Reference
    __cxa_finalize                            - Undefined Weak Reference
    _clock_init                               - Undefined Weak Reference
    _microlib_exit                            - Undefined Weak Reference
    __Vectors_Size                           0x000000c0   Number         0  startup_air001_dev.o ABSOLUTE
    __Vectors                                0x08000000   Data           4  startup_air001_dev.o(RESET)
    __Vectors_End                            0x080000c0   Data           0  startup_air001_dev.o(RESET)
    __main                                   0x080000c1   Thumb Code     0  entry.o(.ARM.Collect$$$$00000000)
    _main_stk                                0x080000c1   Thumb Code     0  entry2.o(.ARM.Collect$$$$00000001)
    _main_scatterload                        0x080000c5   Thumb Code     0  entry5.o(.ARM.Collect$$$$00000004)
    __main_after_scatterload                 0x080000c9   Thumb Code     0  entry5.o(.ARM.Collect$$$$00000004)
    _main_clock                              0x080000c9   Thumb Code     0  entry7b.o(.ARM.Collect$$$$00000008)
    _main_cpp_init                           0x080000c9   Thumb Code     0  entry8b.o(.ARM.Collect$$$$0000000A)
    _main_init                               0x080000c9   Thumb Code     0  entry9a.o(.ARM.Collect$$$$0000000B)
    __rt_final_cpp                           0x080000d1   Thumb Code     0  entry10a.o(.ARM.Collect$$$$0000000D)
    __rt_final_exit                          0x080000d1   Thumb Code     0  entry11a.o(.ARM.Collect$$$$0000000F)
    Reset_Handler                            0x080000d5   Thumb Code     8  startup_air001_dev.o(.text)
    ADC_COMP_IRQHandler                      0x080000e7   Thumb Code     0  startup_air001_dev.o(.text)
    DMA1_Channel1_IRQHandler                 0x080000e7   Thumb Code     0  startup_air001_dev.o(.text)
    DMA1_Channel2_3_IRQHandler               0x080000e7   Thumb Code     0  startup_air001_dev.o(.text)
    EXTI0_1_IRQHandler                       0x080000e7   Thumb Code     0  startup_air001_dev.o(.text)
    EXTI2_3_IRQHandler                       0x080000e7   Thumb Code     0  startup_air001_dev.o(.text)
    EXTI4_15_IRQHandler                      0x080000e7   Thumb Code     0  startup_air001_dev.o(.text)
    FLASH_IRQHandler                         0x080000e7   Thumb Code     0  startup_air001_dev.o(.text)
    I2C1_IRQHandler                          0x080000e7   Thumb Code     0  startup_air001_dev.o(.text)
    LED_IRQHandler                           0x080000e7   Thumb Code     0  startup_air001_dev.o(.text)
    LPTIM1_IRQHandler                        0x080000e7   Thumb Code     0  startup_air001_dev.o(.text)
    PVD_IRQHandler                           0x080000e7   Thumb Code     0  startup_air001_dev.o(.text)
    RCC_IRQHandler                           0x080000e7   Thumb Code     0  startup_air001_dev.o(.text)
    RTC_IRQHandler                           0x080000e7   Thumb Code     0  startup_air001_dev.o(.text)
    SPI1_IRQHandler                          0x080000e7   Thumb Code     0  startup_air001_dev.o(.text)
    SPI2_IRQHandler                          0x080000e7   Thumb Code     0  startup_air001_dev.o(.text)
    TIM14_IRQHandler                         0x080000e7   Thumb Code     0  startup_air001_dev.o(.text)
    TIM16_IRQHandler                         0x080000e7   Thumb Code     0  startup_air001_dev.o(.text)
    TIM17_IRQHandler                         0x080000e7   Thumb Code     0  startup_air001_dev.o(.text)
    TIM1_BRK_UP_TRG_COM_IRQHandler           0x080000e7   Thumb Code     0  startup_air001_dev.o(.text)
    TIM1_CC_IRQHandler                       0x080000e7   Thumb Code     0  startup_air001_dev.o(.text)
    TIM3_IRQHandler                          0x080000e7   Thumb Code     0  startup_air001_dev.o(.text)
    USART2_IRQHandler                        0x080000e7   Thumb Code     0  startup_air001_dev.o(.text)
    WWDG_IRQHandler                          0x080000e7   Thumb Code     0  startup_air001_dev.o(.text)
    rand                                     0x080000f1   Thumb Code    18  rand.o(.text)
    srand                                    0x08000103   Thumb Code     6  rand.o(.text)
    __aeabi_uidiv                            0x08000115   Thumb Code     0  uidiv_div0.o(.text)
    __aeabi_uidivmod                         0x08000115   Thumb Code    62  uidiv_div0.o(.text)
    __aeabi_idiv$div0                        0x08000155   Thumb Code     0  idiv_div0.o(.text)
    __aeabi_idivmod                          0x08000155   Thumb Code    74  idiv_div0.o(.text)
    __scatterload                            0x080001a5   Thumb Code    28  init.o(.text)
    __scatterload_rt2                        0x080001a5   Thumb Code     0  init.o(.text)
    __decompress                             0x080001c9   Thumb Code     0  __dczerorl.o(.text)
    __decompress0                            0x080001c9   Thumb Code    58  __dczerorl.o(.text)
    main                                     0x08000205   Thumb Code    36  system_air001xx.o(.text.$Sub$$main)
    Error_Handler                            0x08000231   Thumb Code     2  main.o(.text.Error_Handler)
    HAL_DMA_Abort_IT                         0x08000235   Thumb Code    88  air001xx_hal_dma.o(.text.HAL_DMA_Abort_IT)
    HAL_GPIO_Init                            0x08000291   Thumb Code   340  air001xx_hal_gpio.o(.text.HAL_GPIO_Init)
    HAL_GPIO_ReadPin                         0x080003f5   Thumb Code    10  air001xx_hal_gpio.o(.text.HAL_GPIO_ReadPin)
    HAL_GetTick                              0x08000401   Thumb Code     8  air001xx_hal.o(.text.HAL_GetTick)
    HAL_IWDG_Init                            0x08000409   Thumb Code    68  air001xx_hal_iwdg.o(.text.HAL_IWDG_Init)
    HAL_IWDG_Refresh                         0x08000455   Thumb Code    12  air001xx_hal_iwdg.o(.text.HAL_IWDG_Refresh)
    HAL_IncTick                              0x08000465   Thumb Code    16  air001xx_hal.o(.text.HAL_IncTick)
    HAL_Init                                 0x08000479   Thumb Code    26  air001xx_hal.o(.text.HAL_Init)
    HAL_InitTick                             0x08000495   Thumb Code    64  air001xx_hal.o(.text.HAL_InitTick)
    HAL_MspInit                              0x080004d9   Thumb Code    40  spi.o(.text.HAL_MspInit)
    HAL_NVIC_EnableIRQ                       0x08000505   Thumb Code    20  air001xx_hal_cortex.o(.text.HAL_NVIC_EnableIRQ)
    HAL_NVIC_SetPriority                     0x0800051d   Thumb Code    56  air001xx_hal_cortex.o(.text.HAL_NVIC_SetPriority)
    HAL_RCC_ClockConfig                      0x0800055d   Thumb Code   352  air001xx_hal_rcc.o(.text.HAL_RCC_ClockConfig)
    HAL_RCC_GetPCLK1Freq                     0x080006cd   Thumb Code    28  air001xx_hal_rcc.o(.text.HAL_RCC_GetPCLK1Freq)
    HAL_RCC_GetSysClockFreq                  0x080006f5   Thumb Code   124  air001xx_hal_rcc.o(.text.HAL_RCC_GetSysClockFreq)
    HAL_RCC_OscConfig                        0x08000781   Thumb Code  1140  air001xx_hal_rcc.o(.text.HAL_RCC_OscConfig)
    HAL_SPI_DeInit                           0x08000c19   Thumb Code    46  air001xx_hal_spi.o(.text.HAL_SPI_DeInit)
    HAL_SPI_Init                             0x08000c49   Thumb Code   124  air001xx_hal_spi.o(.text.HAL_SPI_Init)
    HAL_SPI_MspDeInit                        0x08000cc5   Thumb Code     2  air001xx_hal_spi.o(.text.HAL_SPI_MspDeInit)
    HAL_SPI_MspInit                          0x08000cc9   Thumb Code   116  spi.o(.text.HAL_SPI_MspInit)
    HAL_SPI_Transmit                         0x08000d45   Thumb Code   364  air001xx_hal_spi.o(.text.HAL_SPI_Transmit)
    HAL_SYSTICK_Config                       0x08000eb5   Thumb Code    40  air001xx_hal_cortex.o(.text.HAL_SYSTICK_Config)
    HAL_UART_ErrorCallback                   0x08000ee9   Thumb Code     2  air001xx_hal_uart.o(.text.HAL_UART_ErrorCallback)
    HAL_UART_IRQHandler                      0x08000eed   Thumb Code   360  air001xx_hal_uart.o(.text.HAL_UART_IRQHandler)
    HAL_UART_Init                            0x08001059   Thumb Code   134  air001xx_hal_uart.o(.text.HAL_UART_Init)
    HAL_UART_MspInit                         0x080010df   Thumb Code     2  air001xx_hal_uart.o(.text.HAL_UART_MspInit)
    HAL_UART_RxCpltCallback                  0x080010e1   Thumb Code     2  air001xx_hal_uart.o(.text.HAL_UART_RxCpltCallback)
    HAL_UART_Transmit                        0x080010e5   Thumb Code   224  air001xx_hal_uart.o(.text.HAL_UART_Transmit)
    HAL_UART_TxCpltCallback                  0x080011c9   Thumb Code     2  air001xx_hal_uart.o(.text.HAL_UART_TxCpltCallback)
    HardFault_Handler                        0x080011cb   Thumb Code     2  air001xx_it.o(.text.HardFault_Handler)
    KEY_CONFIG                               0x080011cd   Thumb Code    48  main.o(.text.KEY_CONFIG)
    NMI_Handler                              0x08001205   Thumb Code     2  air001xx_it.o(.text.NMI_Handler)
    PendSV_Handler                           0x08001207   Thumb Code     2  air001xx_it.o(.text.PendSV_Handler)
    SPI_CONFIG                               0x08001209   Thumb Code   104  spi.o(.text.SPI_CONFIG)
    SVC_Handler                              0x08001431   Thumb Code     2  air001xx_it.o(.text.SVC_Handler)
    SysTick_Handler                          0x08001433   Thumb Code     8  air001xx_it.o(.text.SysTick_Handler)
    SystemInit                               0x0800143d   Thumb Code    32  system_air001xx.o(.text.SystemInit)
    USART1_IRQHandler                        0x0800160d   Thumb Code    88  air001xx_it.o(.text.USART1_IRQHandler)
    Uart_Init                                0x08001671   Thumb Code   156  uart.o(.text.Uart_Init)
    WS2812B_SendRGB                          0x08001711   Thumb Code   128  spi.o(.text.WS2812B_SendRGB)
    clear                                    0x0800179d   Thumb Code    56  main.o(.text.clear)
    $Super$$main                             0x080017d5   Thumb Code   244  main.o(.text.main)
    normal_mode                              0x080018e5   Thumb Code    64  main.o(.text.normal_mode)
    screen_mode_loop                         0x08001925   Thumb Code   172  main.o(.text.screen_mode_loop)
    short_press                              0x080019dd   Thumb Code    52  main.o(.text.short_press)
    user_key_handle                          0x08001a15   Thumb Code   184  main.o(.text.user_key_handle)
    __scatterload_copy                       0x08001af9   Thumb Code    14  handlers.o(i.__scatterload_copy)
    __scatterload_null                       0x08001b07   Thumb Code     2  handlers.o(i.__scatterload_null)
    __scatterload_zeroinit                   0x08001b09   Thumb Code    14  handlers.o(i.__scatterload_zeroinit)
    AHBPrescTable                            0x08001b2c   Data          64  system_air001xx.o(.rodata.AHBPrescTable)
    APBPrescTable                            0x08001b6c   Data          32  system_air001xx.o(.rodata.APBPrescTable)
    HSIFreqTable                             0x08001b8c   Data          32  system_air001xx.o(.rodata.HSIFreqTable)
    Region$$Table$$Base                      0x08001bb8   Number         0  anon$$obj.o(Region$$Table)
    Region$$Table$$Limit                     0x08001bd8   Number         0  anon$$obj.o(Region$$Table)
    VECT_SRAM_TAB                            0x20000000   Data         192  system_air001xx.o(.ARM.__at_0x20000000)
    SystemCoreClock                          0x200000c4   Data           4  system_air001xx.o(.data.SystemCoreClock)
    mode_select_t                            0x200000c8   Data          16  main.o(.data.mode_select_t)
    rgb_t                                    0x200000d8   Data         306  main.o(.data.rgb_t)
    uwTickFreq                               0x2000020c   Data           4  air001xx_hal.o(.data.uwTickFreq)
    uwTickPrio                               0x20000210   Data           4  air001xx_hal.o(.data.uwTickPrio)
    IwdgHandle                               0x20000218   Data          12  main.o(.bss.IwdgHandle)
    Spi1Handle                               0x20000224   Data          80  spi.o(.bss.Spi1Handle)
    UartHandle                               0x20000274   Data          76  uart.o(.bss.UartHandle)
    ch                                       0x200002c0   Data           1  air001xx_it.o(.bss.ch)
    count                                    0x200002c2   Data           2  air001xx_it.o(.bss.count)
    data                                     0x200002c4   Data        2400  spi.o(.bss.data)
    i                                        0x20000c24   Data           2  main.o(.bss.i)
    key_time                                 0x20000c26   Data           2  main.o(.bss.key_time)
    key_type                                 0x20000c28   Data           1  main.o(.bss.key_type)
    key_value                                0x20000c29   Data           1  main.o(.bss.key_value)
    long_press_flag                          0x20000c2a   Data           1  main.o(.bss.long_press_flag)
    rx_buffer                                0x20000c2b   Data         500  main.o(.bss.rx_buffer)
    tick_time                                0x20000e20   Data           2  main.o(.bss.tick_time)
    uwTick                                   0x20000e24   Data           4  air001xx_hal.o(.bss.uwTick)
    __initial_sp                             0x20000fa8   Data           0  startup_air001_dev.o(STACK)



==============================================================================

Memory Map of the image

  Image Entry point : 0x080000d5

  Load Region LR_1 (Base: 0x08000000, Size: 0x00001dec, Max: 0xffffffff, ABSOLUTE, COMPRESSED[0x00001bf0])

    Execution Region ER_RO (Exec base: 0x08000000, Load base: 0x08000000, Size: 0x00001bd8, Max: 0xffffffff, ABSOLUTE)

    Exec Addr    Load Addr    Size         Type   Attr      Idx    E Section Name        Object

    0x08000000   0x08000000   0x000000c0   Data   RO          673    RESET               startup_air001_dev.o
    0x080000c0   0x080000c0   0x00000000   Code   RO          703  * .ARM.Collect$$$$00000000  mc_p.l(entry.o)
    0x080000c0   0x080000c0   0x00000004   Code   RO          737    .ARM.Collect$$$$00000001  mc_p.l(entry2.o)
    0x080000c4   0x080000c4   0x00000004   Code   RO          740    .ARM.Collect$$$$00000004  mc_p.l(entry5.o)
    0x080000c8   0x080000c8   0x00000000   Code   RO          742    .ARM.Collect$$$$00000008  mc_p.l(entry7b.o)
    0x080000c8   0x080000c8   0x00000000   Code   RO          744    .ARM.Collect$$$$0000000A  mc_p.l(entry8b.o)
    0x080000c8   0x080000c8   0x00000008   Code   RO          745    .ARM.Collect$$$$0000000B  mc_p.l(entry9a.o)
    0x080000d0   0x080000d0   0x00000000   Code   RO          747    .ARM.Collect$$$$0000000D  mc_p.l(entry10a.o)
    0x080000d0   0x080000d0   0x00000000   Code   RO          749    .ARM.Collect$$$$0000000F  mc_p.l(entry11a.o)
    0x080000d0   0x080000d0   0x00000004   Code   RO          738    .ARM.Collect$$$$00002712  mc_p.l(entry2.o)
    0x080000d4   0x080000d4   0x0000001c   Code   RO          674  * .text               startup_air001_dev.o
    0x080000f0   0x080000f0   0x00000024   Code   RO          712    .text               mc_p.l(rand.o)
    0x08000114   0x08000114   0x0000003e   Code   RO          753    .text               mc_p.l(uidiv_div0.o)
    0x08000152   0x08000152   0x00000002   PAD
    0x08000154   0x08000154   0x00000050   Code   RO          755    .text               mc_p.l(idiv_div0.o)
    0x080001a4   0x080001a4   0x00000024   Code   RO          768    .text               mc_p.l(init.o)
    0x080001c8   0x080001c8   0x0000003a   Code   RO          782    .text               mc_p.l(__dczerorl.o)
    0x08000202   0x08000202   0x00000002   PAD
    0x08000204   0x08000204   0x0000002c   Code   RO          685    .text.$Sub$$main    system_air001xx.o
    0x08000230   0x08000230   0x00000002   Code   RO          588    .text.Error_Handler  main.o
    0x08000232   0x08000232   0x00000002   PAD
    0x08000234   0x08000234   0x0000005c   Code   RO          389    .text.HAL_DMA_Abort_IT  air001xx_hal_dma.o
    0x08000290   0x08000290   0x00000164   Code   RO          116    .text.HAL_GPIO_Init  air001xx_hal_gpio.o
    0x080003f4   0x080003f4   0x0000000a   Code   RO          120    .text.HAL_GPIO_ReadPin  air001xx_hal_gpio.o
    0x080003fe   0x080003fe   0x00000002   PAD
    0x08000400   0x08000400   0x00000008   Code   RO           14    .text.HAL_GetTick   air001xx_hal.o
    0x08000408   0x08000408   0x0000004c   Code   RO          533    .text.HAL_IWDG_Init  air001xx_hal_iwdg.o
    0x08000454   0x08000454   0x00000010   Code   RO          535    .text.HAL_IWDG_Refresh  air001xx_hal_iwdg.o
    0x08000464   0x08000464   0x00000014   Code   RO           12    .text.HAL_IncTick   air001xx_hal.o
    0x08000478   0x08000478   0x0000001a   Code   RO            2    .text.HAL_Init      air001xx_hal.o
    0x08000492   0x08000492   0x00000002   PAD
    0x08000494   0x08000494   0x00000044   Code   RO            4    .text.HAL_InitTick  air001xx_hal.o
    0x080004d8   0x080004d8   0x0000002c   Code   RO          650    .text.HAL_MspInit   spi.o
    0x08000504   0x08000504   0x00000018   Code   RO           59    .text.HAL_NVIC_EnableIRQ  air001xx_hal_cortex.o
    0x0800051c   0x0800051c   0x00000040   Code   RO           57    .text.HAL_NVIC_SetPriority  air001xx_hal_cortex.o
    0x0800055c   0x0800055c   0x00000170   Code   RO          146    .text.HAL_RCC_ClockConfig  air001xx_hal_rcc.o
    0x080006cc   0x080006cc   0x00000028   Code   RO          152    .text.HAL_RCC_GetPCLK1Freq  air001xx_hal_rcc.o
    0x080006f4   0x080006f4   0x0000008c   Code   RO          144    .text.HAL_RCC_GetSysClockFreq  air001xx_hal_rcc.o
    0x08000780   0x08000780   0x00000498   Code   RO          142    .text.HAL_RCC_OscConfig  air001xx_hal_rcc.o
    0x08000c18   0x08000c18   0x0000002e   Code   RO          417    .text.HAL_SPI_DeInit  air001xx_hal_spi.o
    0x08000c46   0x08000c46   0x00000002   PAD
    0x08000c48   0x08000c48   0x0000007c   Code   RO          413    .text.HAL_SPI_Init  air001xx_hal_spi.o
    0x08000cc4   0x08000cc4   0x00000002   Code   RO          419    .text.HAL_SPI_MspDeInit  air001xx_hal_spi.o
    0x08000cc6   0x08000cc6   0x00000002   PAD
    0x08000cc8   0x08000cc8   0x0000007c   Code   RO          652    .text.HAL_SPI_MspInit  spi.o
    0x08000d44   0x08000d44   0x00000170   Code   RO          421    .text.HAL_SPI_Transmit  air001xx_hal_spi.o
    0x08000eb4   0x08000eb4   0x00000034   Code   RO           65    .text.HAL_SYSTICK_Config  air001xx_hal_cortex.o
    0x08000ee8   0x08000ee8   0x00000002   Code   RO          347    .text.HAL_UART_ErrorCallback  air001xx_hal_uart.o
    0x08000eea   0x08000eea   0x00000002   PAD
    0x08000eec   0x08000eec   0x0000016c   Code   RO          341    .text.HAL_UART_IRQHandler  air001xx_hal_uart.o
    0x08001058   0x08001058   0x00000086   Code   RO          271    .text.HAL_UART_Init  air001xx_hal_uart.o
    0x080010de   0x080010de   0x00000002   Code   RO          273    .text.HAL_UART_MspInit  air001xx_hal_uart.o
    0x080010e0   0x080010e0   0x00000002   Code   RO          353    .text.HAL_UART_RxCpltCallback  air001xx_hal_uart.o
    0x080010e2   0x080010e2   0x00000002   PAD
    0x080010e4   0x080010e4   0x000000e4   Code   RO          285    .text.HAL_UART_Transmit  air001xx_hal_uart.o
    0x080011c8   0x080011c8   0x00000002   Code   RO          349    .text.HAL_UART_TxCpltCallback  air001xx_hal_uart.o
    0x080011ca   0x080011ca   0x00000002   Code   RO          547    .text.HardFault_Handler  air001xx_it.o
    0x080011cc   0x080011cc   0x00000038   Code   RO          574    .text.KEY_CONFIG    main.o
    0x08001204   0x08001204   0x00000002   Code   RO          545    .text.NMI_Handler   air001xx_it.o
    0x08001206   0x08001206   0x00000002   Code   RO          551    .text.PendSV_Handler  air001xx_it.o
    0x08001208   0x08001208   0x00000074   Code   RO          654    .text.SPI_CONFIG    spi.o
    0x0800127c   0x0800127c   0x0000004c   Code   RO          423    .text.SPI_EndRxTxTransaction  air001xx_hal_spi.o
    0x080012c8   0x080012c8   0x000000c8   Code   RO          479    .text.SPI_WaitFifoStateUntilTimeout  air001xx_hal_spi.o
    0x08001390   0x08001390   0x000000a0   Code   RO          481    .text.SPI_WaitFlagStateUntilTimeout  air001xx_hal_spi.o
    0x08001430   0x08001430   0x00000002   Code   RO          549    .text.SVC_Handler   air001xx_it.o
    0x08001432   0x08001432   0x00000008   Code   RO          553    .text.SysTick_Handler  air001xx_it.o
    0x0800143a   0x0800143a   0x00000002   PAD
    0x0800143c   0x0800143c   0x00000030   Code   RO          683    .text.SystemInit    system_air001xx.o
    0x0800146c   0x0800146c   0x00000010   Code   RO          345    .text.UART_DMAAbortOnError  air001xx_hal_uart.o
    0x0800147c   0x0800147c   0x0000006c   Code   RO          343    .text.UART_Receive_IT  air001xx_hal_uart.o
    0x080014e8   0x080014e8   0x000000c0   Code   RO          275    .text.UART_SetConfig  air001xx_hal_uart.o
    0x080015a8   0x080015a8   0x00000064   Code   RO          287    .text.UART_WaitOnFlagUntilTimeout  air001xx_hal_uart.o
    0x0800160c   0x0800160c   0x00000064   Code   RO          557    .text.USART1_IRQHandler  air001xx_it.o
    0x08001670   0x08001670   0x000000a0   Code   RO          633    .text.Uart_Init     uart.o
    0x08001710   0x08001710   0x0000008c   Code   RO          658    .text.WS2812B_SendRGB  spi.o
    0x0800179c   0x0800179c   0x00000038   Code   RO          580    .text.clear         main.o
    0x080017d4   0x080017d4   0x00000110   Code   RO          584    .text.main          main.o
    0x080018e4   0x080018e4   0x00000040   Code   RO          572    .text.normal_mode   main.o
    0x08001924   0x08001924   0x000000b8   Code   RO          570    .text.screen_mode_loop  main.o
    0x080019dc   0x080019dc   0x00000038   Code   RO          576    .text.short_press   main.o
    0x08001a14   0x08001a14   0x000000e4   Code   RO          586    .text.user_key_handle  main.o
    0x08001af8   0x08001af8   0x0000000e   Code   RO          776    i.__scatterload_copy  mc_p.l(handlers.o)
    0x08001b06   0x08001b06   0x00000002   Code   RO          777    i.__scatterload_null  mc_p.l(handlers.o)
    0x08001b08   0x08001b08   0x0000000e   Code   RO          778    i.__scatterload_zeroinit  mc_p.l(handlers.o)
    0x08001b16   0x08001b16   0x00000002   PAD
    0x08001b18   0x08001b18   0x00000014   Data   RO          170    .rodata..L__const.HAL_RCC_GetSysClockFreq.hsiValue  air001xx_hal_rcc.o
    0x08001b2c   0x08001b2c   0x00000040   Data   RO          688    .rodata.AHBPrescTable  system_air001xx.o
    0x08001b6c   0x08001b6c   0x00000020   Data   RO          689    .rodata.APBPrescTable  system_air001xx.o
    0x08001b8c   0x08001b8c   0x00000020   Data   RO          690    .rodata.HSIFreqTable  system_air001xx.o
    0x08001bac   0x08001bac   0x0000000b   Data   RO          561    .rodata.str1.1      air001xx_it.o
    0x08001bb7   0x08001bb7   0x00000001   PAD
    0x08001bb8   0x08001bb8   0x00000020   Data   RO          775    Region$$Table       anon$$obj.o


    Execution Region ER_RW (Exec base: 0x20000000, Load base: 0x08001bd8, Size: 0x00000214, Max: 0xffffffff, ABSOLUTE, COMPRESSED[0x00000018])

    Exec Addr    Load Addr    Size         Type   Attr      Idx    E Section Name        Object

    0x20000000   COMPRESSED   0x000000c0   Data   RW          691    .ARM.__at_0x20000000  system_air001xx.o
    0x200000c0   COMPRESSED   0x00000004   Data   RW          713    .data               mc_p.l(rand.o)
    0x200000c4   COMPRESSED   0x00000004   Data   RW          687    .data.SystemCoreClock  system_air001xx.o
    0x200000c8   COMPRESSED   0x00000010   Data   RW          613    .data.mode_select_t  main.o
    0x200000d8   COMPRESSED   0x00000132   Data   RW          612    .data.rgb_t         main.o
    0x2000020a   COMPRESSED   0x00000002   PAD
    0x2000020c   COMPRESSED   0x00000004   Data   RW           47    .data.uwTickFreq    air001xx_hal.o
    0x20000210   COMPRESSED   0x00000004   Data   RW           46    .data.uwTickPrio    air001xx_hal.o


    Execution Region ER_ZI (Exec base: 0x20000218, Load base: 0x08001bf0, Size: 0x00000d90, Max: 0xffffffff, ABSOLUTE)

    Exec Addr    Load Addr    Size         Type   Attr      Idx    E Section Name        Object

    0x20000218        -       0x0000000c   Zero   RW          615    .bss.IwdgHandle     main.o
    0x20000224        -       0x00000050   Zero   RW          662    .bss.Spi1Handle     spi.o
    0x20000274        -       0x0000004c   Zero   RW          641    .bss.UartHandle     uart.o
    0x200002c0        -       0x00000001   Zero   RW          559    .bss.ch             air001xx_it.o
    0x200002c1   0x08001bf0   0x00000001   PAD
    0x200002c2        -       0x00000002   Zero   RW          560    .bss.count          air001xx_it.o
    0x200002c4        -       0x00000960   Zero   RW          663    .bss.data           spi.o
    0x20000c24        -       0x00000002   Zero   RW          614    .bss.i              main.o
    0x20000c26        -       0x00000002   Zero   RW          609    .bss.key_time       main.o
    0x20000c28        -       0x00000001   Zero   RW          608    .bss.key_type       main.o
    0x20000c29        -       0x00000001   Zero   RW          606    .bss.key_value      main.o
    0x20000c2a        -       0x00000001   Zero   RW          610    .bss.long_press_flag  main.o
    0x20000c2b        -       0x000001f4   Zero   RW          604    .bss.rx_buffer      main.o
    0x20000e1f   0x08001bf0   0x00000001   PAD
    0x20000e20        -       0x00000002   Zero   RW          607    .bss.tick_time      main.o
    0x20000e22   0x08001bf0   0x00000002   PAD
    0x20000e24        -       0x00000004   Zero   RW           48    .bss.uwTick         air001xx_hal.o
    0x20000e28        -       0x00000180   Zero   RW          671    STACK               startup_air001_dev.o


==============================================================================

Image component sizes


      Code (inc. data)   RO Data    RW Data    ZI Data      Debug   Object Name

       122          8          0          8          4       5267   air001xx_hal.o
       140         24          0          0          0       5435   air001xx_hal_cortex.o
        92          4          0          0          0       8415   air001xx_hal_dma.o
       366         16          0          0          0       4397   air001xx_hal_gpio.o
        92         12          0          0          0       1653   air001xx_hal_iwdg.o
      1724        108         20          0          0       8693   air001xx_hal_rcc.o
       976          8          0          0          0      23015   air001xx_hal_spi.o
      1150         16          0          0          0      18145   air001xx_hal_uart.o
       116         12         11          0          3       2164   air001xx_it.o
       918         96          0        322        521      10433   main.o
       424         36          0          0       2480       5411   spi.o
        28          8        192          0        384        636   startup_air001_dev.o
        92         24        128        196          0       2276   system_air001xx.o
       160          4          0          0         76       5608   uart.o

    ----------------------------------------------------------------------
      6416        376        384        528       3472     101548   Object Totals
         0          0         32          0          0          0   (incl. Generated)
        16          0          1          2          4          0   (incl. Padding)

    ----------------------------------------------------------------------

      Code (inc. data)   RO Data    RW Data    ZI Data      Debug   Library Member Name

        58          0          0          0          0          0   __dczerorl.o
         0          0          0          0          0          0   entry.o
         0          0          0          0          0          0   entry10a.o
         0          0          0          0          0          0   entry11a.o
         8          4          0          0          0          0   entry2.o
         4          0          0          0          0          0   entry5.o
         0          0          0          0          0          0   entry7b.o
         0          0          0          0          0          0   entry8b.o
         8          4          0          0          0          0   entry9a.o
        30          0          0          0          0          0   handlers.o
        80          6          0          0          0         72   idiv_div0.o
        36          8          0          0          0         68   init.o
        36         12          0          4          0        120   rand.o
        62          0          0          0          0         72   uidiv_div0.o

    ----------------------------------------------------------------------
       328         34          0          4          0        332   Library Totals
         6          0          0          0          0          0   (incl. Padding)

    ----------------------------------------------------------------------

      Code (inc. data)   RO Data    RW Data    ZI Data      Debug   Library Name

       322         34          0          4          0        332   mc_p.l

    ----------------------------------------------------------------------
       328         34          0          4          0        332   Library Totals

    ----------------------------------------------------------------------

==============================================================================


      Code (inc. data)   RO Data    RW Data    ZI Data      Debug   

      6744        410        384        532       3472     101820   Grand Totals
      6744        410        384         24       3472     101820   ELF Image Totals (compressed)
      6744        410        384         24          0          0   ROM Totals

==============================================================================

    Total RO  Size (Code + RO Data)                 7128 (   6.96kB)
    Total RW  Size (RW Data + ZI Data)              4004 (   3.91kB)
    Total ROM Size (Code + RO Data + RW Data)       7152 (   6.98kB)

==============================================================================

