Component: Arm Compiler for Embedded 6.19 Tool: armlink [5e73cb00]

==============================================================================

Section Cross References

    air001xx_hal.o(.text.HAL_Init) refers to air001xx_hal.o(.text.HAL_InitTick) for HAL_InitTick
    air001xx_hal.o(.text.HAL_Init) refers to air001xx_hal.o(.text.HAL_MspInit) for HAL_MspInit
    air001xx_hal.o(.ARM.exidx.text.HAL_Init) refers to air001xx_hal.o(.text.HAL_Init) for [Anonymous Symbol]
    air001xx_hal.o(.text.HAL_InitTick) refers to uidiv_div0.o(.text) for __aeabi_uidiv
    air001xx_hal.o(.text.HAL_InitTick) refers to air001xx_hal_cortex.o(.text.HAL_SYSTICK_Config) for HAL_SYSTICK_Config
    air001xx_hal.o(.text.HAL_InitTick) refers to air001xx_hal_cortex.o(.text.HAL_NVIC_SetPriority) for HAL_NVIC_SetPriority
    air001xx_hal.o(.text.HAL_InitTick) refers to air001xx_hal.o(.data.uwTickFreq) for uwTickFreq
    air001xx_hal.o(.text.HAL_InitTick) refers to system_air001xx.o(.data.SystemCoreClock) for SystemCoreClock
    air001xx_hal.o(.text.HAL_InitTick) refers to air001xx_hal.o(.data.uwTickPrio) for uwTickPrio
    air001xx_hal.o(.ARM.exidx.text.HAL_InitTick) refers to air001xx_hal.o(.text.HAL_InitTick) for [Anonymous Symbol]
    air001xx_hal.o(.ARM.exidx.text.HAL_MspInit) refers to air001xx_hal.o(.text.HAL_MspInit) for [Anonymous Symbol]
    air001xx_hal.o(.text.HAL_DeInit) refers to air001xx_hal.o(.text.HAL_MspDeInit) for HAL_MspDeInit
    air001xx_hal.o(.ARM.exidx.text.HAL_DeInit) refers to air001xx_hal.o(.text.HAL_DeInit) for [Anonymous Symbol]
    air001xx_hal.o(.ARM.exidx.text.HAL_MspDeInit) refers to air001xx_hal.o(.text.HAL_MspDeInit) for [Anonymous Symbol]
    air001xx_hal.o(.text.HAL_IncTick) refers to air001xx_hal.o(.data.uwTickFreq) for uwTickFreq
    air001xx_hal.o(.text.HAL_IncTick) refers to air001xx_hal.o(.bss.uwTick) for uwTick
    air001xx_hal.o(.ARM.exidx.text.HAL_IncTick) refers to air001xx_hal.o(.text.HAL_IncTick) for [Anonymous Symbol]
    air001xx_hal.o(.text.HAL_GetTick) refers to air001xx_hal.o(.bss.uwTick) for uwTick
    air001xx_hal.o(.ARM.exidx.text.HAL_GetTick) refers to air001xx_hal.o(.text.HAL_GetTick) for [Anonymous Symbol]
    air001xx_hal.o(.text.HAL_GetTickPrio) refers to air001xx_hal.o(.data.uwTickPrio) for uwTickPrio
    air001xx_hal.o(.ARM.exidx.text.HAL_GetTickPrio) refers to air001xx_hal.o(.text.HAL_GetTickPrio) for [Anonymous Symbol]
    air001xx_hal.o(.text.HAL_SetTickFreq) refers to air001xx_hal.o(.text.HAL_InitTick) for HAL_InitTick
    air001xx_hal.o(.text.HAL_SetTickFreq) refers to air001xx_hal.o(.data.uwTickFreq) for uwTickFreq
    air001xx_hal.o(.text.HAL_SetTickFreq) refers to air001xx_hal.o(.data.uwTickPrio) for uwTickPrio
    air001xx_hal.o(.ARM.exidx.text.HAL_SetTickFreq) refers to air001xx_hal.o(.text.HAL_SetTickFreq) for [Anonymous Symbol]
    air001xx_hal.o(.text.HAL_GetTickFreq) refers to air001xx_hal.o(.data.uwTickFreq) for uwTickFreq
    air001xx_hal.o(.ARM.exidx.text.HAL_GetTickFreq) refers to air001xx_hal.o(.text.HAL_GetTickFreq) for [Anonymous Symbol]
    air001xx_hal.o(.text.HAL_Delay) refers to air001xx_hal.o(.text.HAL_GetTick) for HAL_GetTick
    air001xx_hal.o(.text.HAL_Delay) refers to air001xx_hal.o(.data.uwTickFreq) for uwTickFreq
    air001xx_hal.o(.ARM.exidx.text.HAL_Delay) refers to air001xx_hal.o(.text.HAL_Delay) for [Anonymous Symbol]
    air001xx_hal.o(.ARM.exidx.text.HAL_SuspendTick) refers to air001xx_hal.o(.text.HAL_SuspendTick) for [Anonymous Symbol]
    air001xx_hal.o(.ARM.exidx.text.HAL_ResumeTick) refers to air001xx_hal.o(.text.HAL_ResumeTick) for [Anonymous Symbol]
    air001xx_hal.o(.ARM.exidx.text.HAL_GetHalVersion) refers to air001xx_hal.o(.text.HAL_GetHalVersion) for [Anonymous Symbol]
    air001xx_hal.o(.ARM.exidx.text.HAL_GetREVID) refers to air001xx_hal.o(.text.HAL_GetREVID) for [Anonymous Symbol]
    air001xx_hal.o(.ARM.exidx.text.HAL_GetDEVID) refers to air001xx_hal.o(.text.HAL_GetDEVID) for [Anonymous Symbol]
    air001xx_hal.o(.ARM.exidx.text.HAL_GetUIDw0) refers to air001xx_hal.o(.text.HAL_GetUIDw0) for [Anonymous Symbol]
    air001xx_hal.o(.ARM.exidx.text.HAL_GetUIDw1) refers to air001xx_hal.o(.text.HAL_GetUIDw1) for [Anonymous Symbol]
    air001xx_hal.o(.ARM.exidx.text.HAL_GetUIDw2) refers to air001xx_hal.o(.text.HAL_GetUIDw2) for [Anonymous Symbol]
    air001xx_hal.o(.ARM.exidx.text.HAL_DBGMCU_EnableDBGMCUStopMode) refers to air001xx_hal.o(.text.HAL_DBGMCU_EnableDBGMCUStopMode) for [Anonymous Symbol]
    air001xx_hal.o(.ARM.exidx.text.HAL_DBGMCU_DisableDBGMCUStopMode) refers to air001xx_hal.o(.text.HAL_DBGMCU_DisableDBGMCUStopMode) for [Anonymous Symbol]
    air001xx_hal.o(.ARM.exidx.text.HAL_SYSCFG_DMA_Req) refers to air001xx_hal.o(.text.HAL_SYSCFG_DMA_Req) for [Anonymous Symbol]
    air001xx_hal_cortex.o(.ARM.exidx.text.HAL_NVIC_SetPriority) refers to air001xx_hal_cortex.o(.text.HAL_NVIC_SetPriority) for [Anonymous Symbol]
    air001xx_hal_cortex.o(.ARM.exidx.text.HAL_NVIC_EnableIRQ) refers to air001xx_hal_cortex.o(.text.HAL_NVIC_EnableIRQ) for [Anonymous Symbol]
    air001xx_hal_cortex.o(.ARM.exidx.text.HAL_NVIC_DisableIRQ) refers to air001xx_hal_cortex.o(.text.HAL_NVIC_DisableIRQ) for [Anonymous Symbol]
    air001xx_hal_cortex.o(.ARM.exidx.text.HAL_NVIC_SystemReset) refers to air001xx_hal_cortex.o(.text.HAL_NVIC_SystemReset) for [Anonymous Symbol]
    air001xx_hal_cortex.o(.ARM.exidx.text.HAL_SYSTICK_Config) refers to air001xx_hal_cortex.o(.text.HAL_SYSTICK_Config) for [Anonymous Symbol]
    air001xx_hal_cortex.o(.ARM.exidx.text.HAL_NVIC_GetPriority) refers to air001xx_hal_cortex.o(.text.HAL_NVIC_GetPriority) for [Anonymous Symbol]
    air001xx_hal_cortex.o(.ARM.exidx.text.HAL_NVIC_SetPendingIRQ) refers to air001xx_hal_cortex.o(.text.HAL_NVIC_SetPendingIRQ) for [Anonymous Symbol]
    air001xx_hal_cortex.o(.ARM.exidx.text.HAL_NVIC_GetPendingIRQ) refers to air001xx_hal_cortex.o(.text.HAL_NVIC_GetPendingIRQ) for [Anonymous Symbol]
    air001xx_hal_cortex.o(.ARM.exidx.text.HAL_NVIC_ClearPendingIRQ) refers to air001xx_hal_cortex.o(.text.HAL_NVIC_ClearPendingIRQ) for [Anonymous Symbol]
    air001xx_hal_cortex.o(.ARM.exidx.text.HAL_SYSTICK_CLKSourceConfig) refers to air001xx_hal_cortex.o(.text.HAL_SYSTICK_CLKSourceConfig) for [Anonymous Symbol]
    air001xx_hal_cortex.o(.text.HAL_SYSTICK_IRQHandler) refers to air001xx_hal_cortex.o(.text.HAL_SYSTICK_Callback) for HAL_SYSTICK_Callback
    air001xx_hal_cortex.o(.ARM.exidx.text.HAL_SYSTICK_IRQHandler) refers to air001xx_hal_cortex.o(.text.HAL_SYSTICK_IRQHandler) for [Anonymous Symbol]
    air001xx_hal_cortex.o(.ARM.exidx.text.HAL_SYSTICK_Callback) refers to air001xx_hal_cortex.o(.text.HAL_SYSTICK_Callback) for [Anonymous Symbol]
    air001xx_hal_exti.o(.ARM.exidx.text.HAL_EXTI_SetConfigLine) refers to air001xx_hal_exti.o(.text.HAL_EXTI_SetConfigLine) for [Anonymous Symbol]
    air001xx_hal_exti.o(.ARM.exidx.text.HAL_EXTI_GetConfigLine) refers to air001xx_hal_exti.o(.text.HAL_EXTI_GetConfigLine) for [Anonymous Symbol]
    air001xx_hal_exti.o(.ARM.exidx.text.HAL_EXTI_ClearConfigLine) refers to air001xx_hal_exti.o(.text.HAL_EXTI_ClearConfigLine) for [Anonymous Symbol]
    air001xx_hal_exti.o(.ARM.exidx.text.HAL_EXTI_RegisterCallback) refers to air001xx_hal_exti.o(.text.HAL_EXTI_RegisterCallback) for [Anonymous Symbol]
    air001xx_hal_exti.o(.ARM.exidx.text.HAL_EXTI_GetHandle) refers to air001xx_hal_exti.o(.text.HAL_EXTI_GetHandle) for [Anonymous Symbol]
    air001xx_hal_exti.o(.ARM.exidx.text.HAL_EXTI_IRQHandler) refers to air001xx_hal_exti.o(.text.HAL_EXTI_IRQHandler) for [Anonymous Symbol]
    air001xx_hal_exti.o(.ARM.exidx.text.HAL_EXTI_GetPending) refers to air001xx_hal_exti.o(.text.HAL_EXTI_GetPending) for [Anonymous Symbol]
    air001xx_hal_exti.o(.ARM.exidx.text.HAL_EXTI_ClearPending) refers to air001xx_hal_exti.o(.text.HAL_EXTI_ClearPending) for [Anonymous Symbol]
    air001xx_hal_exti.o(.ARM.exidx.text.HAL_EXTI_GenerateSWI) refers to air001xx_hal_exti.o(.text.HAL_EXTI_GenerateSWI) for [Anonymous Symbol]
    air001xx_hal_gpio.o(.ARM.exidx.text.HAL_GPIO_Init) refers to air001xx_hal_gpio.o(.text.HAL_GPIO_Init) for [Anonymous Symbol]
    air001xx_hal_gpio.o(.ARM.exidx.text.HAL_GPIO_DeInit) refers to air001xx_hal_gpio.o(.text.HAL_GPIO_DeInit) for [Anonymous Symbol]
    air001xx_hal_gpio.o(.ARM.exidx.text.HAL_GPIO_ReadPin) refers to air001xx_hal_gpio.o(.text.HAL_GPIO_ReadPin) for [Anonymous Symbol]
    air001xx_hal_gpio.o(.ARM.exidx.text.HAL_GPIO_WritePin) refers to air001xx_hal_gpio.o(.text.HAL_GPIO_WritePin) for [Anonymous Symbol]
    air001xx_hal_gpio.o(.ARM.exidx.text.HAL_GPIO_TogglePin) refers to air001xx_hal_gpio.o(.text.HAL_GPIO_TogglePin) for [Anonymous Symbol]
    air001xx_hal_gpio.o(.ARM.exidx.text.HAL_GPIO_LockPin) refers to air001xx_hal_gpio.o(.text.HAL_GPIO_LockPin) for [Anonymous Symbol]
    air001xx_hal_gpio.o(.ARM.exidx.text.HAL_GPIO_EXTI_Callback) refers to air001xx_hal_gpio.o(.text.HAL_GPIO_EXTI_Callback) for [Anonymous Symbol]
    air001xx_hal_gpio.o(.text.HAL_GPIO_EXTI_IRQHandler) refers to air001xx_hal_gpio.o(.text.HAL_GPIO_EXTI_Callback) for HAL_GPIO_EXTI_Callback
    air001xx_hal_gpio.o(.ARM.exidx.text.HAL_GPIO_EXTI_IRQHandler) refers to air001xx_hal_gpio.o(.text.HAL_GPIO_EXTI_IRQHandler) for [Anonymous Symbol]
    air001xx_hal_rcc.o(.text.HAL_RCC_DeInit) refers to air001xx_hal.o(.text.HAL_GetTick) for HAL_GetTick
    air001xx_hal_rcc.o(.text.HAL_RCC_DeInit) refers to air001xx_hal.o(.text.HAL_InitTick) for HAL_InitTick
    air001xx_hal_rcc.o(.text.HAL_RCC_DeInit) refers to system_air001xx.o(.data.SystemCoreClock) for SystemCoreClock
    air001xx_hal_rcc.o(.text.HAL_RCC_DeInit) refers to air001xx_hal.o(.data.uwTickPrio) for uwTickPrio
    air001xx_hal_rcc.o(.ARM.exidx.text.HAL_RCC_DeInit) refers to air001xx_hal_rcc.o(.text.HAL_RCC_DeInit) for [Anonymous Symbol]
    air001xx_hal_rcc.o(.text.HAL_RCC_OscConfig) refers to air001xx_hal.o(.text.HAL_GetTick) for HAL_GetTick
    air001xx_hal_rcc.o(.text.HAL_RCC_OscConfig) refers to air001xx_hal_rcc.o(.text.HAL_RCC_GetSysClockFreq) for HAL_RCC_GetSysClockFreq
    air001xx_hal_rcc.o(.text.HAL_RCC_OscConfig) refers to air001xx_hal.o(.text.HAL_InitTick) for HAL_InitTick
    air001xx_hal_rcc.o(.text.HAL_RCC_OscConfig) refers to system_air001xx.o(.rodata.AHBPrescTable) for AHBPrescTable
    air001xx_hal_rcc.o(.text.HAL_RCC_OscConfig) refers to system_air001xx.o(.data.SystemCoreClock) for SystemCoreClock
    air001xx_hal_rcc.o(.text.HAL_RCC_OscConfig) refers to air001xx_hal.o(.data.uwTickPrio) for uwTickPrio
    air001xx_hal_rcc.o(.text.HAL_RCC_OscConfig) refers to system_air001xx.o(.rodata.HSIFreqTable) for HSIFreqTable
    air001xx_hal_rcc.o(.ARM.exidx.text.HAL_RCC_OscConfig) refers to air001xx_hal_rcc.o(.text.HAL_RCC_OscConfig) for [Anonymous Symbol]
    air001xx_hal_rcc.o(.text.HAL_RCC_GetSysClockFreq) refers to air001xx_hal_rcc.o(.rodata..L__const.HAL_RCC_GetSysClockFreq.hsiValue) for [Anonymous Symbol]
    air001xx_hal_rcc.o(.ARM.exidx.text.HAL_RCC_GetSysClockFreq) refers to air001xx_hal_rcc.o(.text.HAL_RCC_GetSysClockFreq) for [Anonymous Symbol]
    air001xx_hal_rcc.o(.text.HAL_RCC_ClockConfig) refers to air001xx_hal.o(.text.HAL_GetTick) for HAL_GetTick
    air001xx_hal_rcc.o(.text.HAL_RCC_ClockConfig) refers to air001xx_hal.o(.text.HAL_InitTick) for HAL_InitTick
    air001xx_hal_rcc.o(.text.HAL_RCC_ClockConfig) refers to air001xx_hal_rcc.o(.rodata..L__const.HAL_RCC_GetSysClockFreq.hsiValue) for [Anonymous Symbol]
    air001xx_hal_rcc.o(.text.HAL_RCC_ClockConfig) refers to system_air001xx.o(.rodata.AHBPrescTable) for AHBPrescTable
    air001xx_hal_rcc.o(.text.HAL_RCC_ClockConfig) refers to system_air001xx.o(.data.SystemCoreClock) for SystemCoreClock
    air001xx_hal_rcc.o(.text.HAL_RCC_ClockConfig) refers to air001xx_hal.o(.data.uwTickPrio) for uwTickPrio
    air001xx_hal_rcc.o(.ARM.exidx.text.HAL_RCC_ClockConfig) refers to air001xx_hal_rcc.o(.text.HAL_RCC_ClockConfig) for [Anonymous Symbol]
    air001xx_hal_rcc.o(.text.HAL_RCC_MCOConfig) refers to air001xx_hal_gpio.o(.text.HAL_GPIO_Init) for HAL_GPIO_Init
    air001xx_hal_rcc.o(.ARM.exidx.text.HAL_RCC_MCOConfig) refers to air001xx_hal_rcc.o(.text.HAL_RCC_MCOConfig) for [Anonymous Symbol]
    air001xx_hal_rcc.o(.text.HAL_RCC_GetHCLKFreq) refers to system_air001xx.o(.data.SystemCoreClock) for SystemCoreClock
    air001xx_hal_rcc.o(.ARM.exidx.text.HAL_RCC_GetHCLKFreq) refers to air001xx_hal_rcc.o(.text.HAL_RCC_GetHCLKFreq) for [Anonymous Symbol]
    air001xx_hal_rcc.o(.text.HAL_RCC_GetPCLK1Freq) refers to system_air001xx.o(.data.SystemCoreClock) for SystemCoreClock
    air001xx_hal_rcc.o(.text.HAL_RCC_GetPCLK1Freq) refers to system_air001xx.o(.rodata.APBPrescTable) for APBPrescTable
    air001xx_hal_rcc.o(.ARM.exidx.text.HAL_RCC_GetPCLK1Freq) refers to air001xx_hal_rcc.o(.text.HAL_RCC_GetPCLK1Freq) for [Anonymous Symbol]
    air001xx_hal_rcc.o(.ARM.exidx.text.HAL_RCC_GetOscConfig) refers to air001xx_hal_rcc.o(.text.HAL_RCC_GetOscConfig) for [Anonymous Symbol]
    air001xx_hal_rcc.o(.ARM.exidx.text.HAL_RCC_GetClockConfig) refers to air001xx_hal_rcc.o(.text.HAL_RCC_GetClockConfig) for [Anonymous Symbol]
    air001xx_hal_rcc.o(.ARM.exidx.text.HAL_RCC_EnableCSS) refers to air001xx_hal_rcc.o(.text.HAL_RCC_EnableCSS) for [Anonymous Symbol]
    air001xx_hal_rcc.o(.ARM.exidx.text.HAL_RCC_EnableLSECSS) refers to air001xx_hal_rcc.o(.text.HAL_RCC_EnableLSECSS) for [Anonymous Symbol]
    air001xx_hal_rcc.o(.ARM.exidx.text.HAL_RCC_DisableLSECSS) refers to air001xx_hal_rcc.o(.text.HAL_RCC_DisableLSECSS) for [Anonymous Symbol]
    air001xx_hal_rcc.o(.text.HAL_RCC_NMI_IRQHandler) refers to air001xx_hal_rcc.o(.text.HAL_RCC_CSSCallback) for HAL_RCC_CSSCallback
    air001xx_hal_rcc.o(.text.HAL_RCC_NMI_IRQHandler) refers to air001xx_hal_rcc.o(.text.HAL_RCC_LSECSSCallback) for HAL_RCC_LSECSSCallback
    air001xx_hal_rcc.o(.ARM.exidx.text.HAL_RCC_NMI_IRQHandler) refers to air001xx_hal_rcc.o(.text.HAL_RCC_NMI_IRQHandler) for [Anonymous Symbol]
    air001xx_hal_rcc.o(.ARM.exidx.text.HAL_RCC_CSSCallback) refers to air001xx_hal_rcc.o(.text.HAL_RCC_CSSCallback) for [Anonymous Symbol]
    air001xx_hal_rcc.o(.ARM.exidx.text.HAL_RCC_LSECSSCallback) refers to air001xx_hal_rcc.o(.text.HAL_RCC_LSECSSCallback) for [Anonymous Symbol]
    air001xx_hal_flash.o(.ARM.exidx.text.HAL_FLASH_Unlock) refers to air001xx_hal_flash.o(.text.HAL_FLASH_Unlock) for [Anonymous Symbol]
    air001xx_hal_flash.o(.ARM.exidx.text.HAL_FLASH_Lock) refers to air001xx_hal_flash.o(.text.HAL_FLASH_Lock) for [Anonymous Symbol]
    air001xx_hal_flash.o(.ARM.exidx.text.HAL_FLASH_OB_Unlock) refers to air001xx_hal_flash.o(.text.HAL_FLASH_OB_Unlock) for [Anonymous Symbol]
    air001xx_hal_flash.o(.ARM.exidx.text.HAL_FLASH_OB_Lock) refers to air001xx_hal_flash.o(.text.HAL_FLASH_OB_Lock) for [Anonymous Symbol]
    air001xx_hal_flash.o(.ARM.exidx.text.HAL_FLASH_OB_Launch) refers to air001xx_hal_flash.o(.text.HAL_FLASH_OB_Launch) for [Anonymous Symbol]
    air001xx_hal_flash.o(.text.HAL_FLASH_GetError) refers to air001xx_hal_flash.o(.bss.pFlash) for pFlash
    air001xx_hal_flash.o(.ARM.exidx.text.HAL_FLASH_GetError) refers to air001xx_hal_flash.o(.text.HAL_FLASH_GetError) for [Anonymous Symbol]
    air001xx_hal_flash.o(.text.FLASH_WaitForLastOperation) refers to air001xx_hal.o(.text.HAL_GetTick) for HAL_GetTick
    air001xx_hal_flash.o(.ARM.exidx.text.FLASH_WaitForLastOperation) refers to air001xx_hal_flash.o(.text.FLASH_WaitForLastOperation) for [Anonymous Symbol]
    air001xx_hal_flash.o(.text.HAL_FLASH_Erase) refers to air001xx_hal.o(.text.HAL_GetTick) for HAL_GetTick
    air001xx_hal_flash.o(.text.HAL_FLASH_Erase) refers to air001xx_hal_flash.o(.bss.pFlash) for pFlash
    air001xx_hal_flash.o(.text.HAL_FLASH_Erase) refers to air001xx_hal_flash.o(.rodata._FlashTimmingParam) for _FlashTimmingParam
    air001xx_hal_flash.o(.ARM.exidx.text.HAL_FLASH_Erase) refers to air001xx_hal_flash.o(.text.HAL_FLASH_Erase) for [Anonymous Symbol]
    air001xx_hal_flash.o(.text.HAL_FLASH_Erase_IT) refers to air001xx_hal.o(.text.HAL_GetTick) for HAL_GetTick
    air001xx_hal_flash.o(.text.HAL_FLASH_Erase_IT) refers to air001xx_hal_flash.o(.bss.pFlash) for pFlash
    air001xx_hal_flash.o(.text.HAL_FLASH_Erase_IT) refers to air001xx_hal_flash.o(.rodata._FlashTimmingParam) for _FlashTimmingParam
    air001xx_hal_flash.o(.ARM.exidx.text.HAL_FLASH_Erase_IT) refers to air001xx_hal_flash.o(.text.HAL_FLASH_Erase_IT) for [Anonymous Symbol]
    air001xx_hal_flash.o(.text.HAL_FLASH_PageProgram) refers to air001xx_hal_flash.o(.text.HAL_FLASH_Program) for HAL_FLASH_Program
    air001xx_hal_flash.o(.ARM.exidx.text.HAL_FLASH_PageProgram) refers to air001xx_hal_flash.o(.text.HAL_FLASH_PageProgram) for [Anonymous Symbol]
    air001xx_hal_flash.o(.text.HAL_FLASH_Program) refers to air001xx_hal.o(.text.HAL_GetTick) for HAL_GetTick
    air001xx_hal_flash.o(.text.HAL_FLASH_Program) refers to air001xx_hal_flash.o(.bss.pFlash) for pFlash
    air001xx_hal_flash.o(.text.HAL_FLASH_Program) refers to air001xx_hal_flash.o(.rodata._FlashTimmingParam) for _FlashTimmingParam
    air001xx_hal_flash.o(.ARM.exidx.text.HAL_FLASH_Program) refers to air001xx_hal_flash.o(.text.HAL_FLASH_Program) for [Anonymous Symbol]
    air001xx_hal_flash.o(.text.HAL_FLASH_PageProgram_IT) refers to air001xx_hal_flash.o(.text.HAL_FLASH_Program_IT) for HAL_FLASH_Program_IT
    air001xx_hal_flash.o(.ARM.exidx.text.HAL_FLASH_PageProgram_IT) refers to air001xx_hal_flash.o(.text.HAL_FLASH_PageProgram_IT) for [Anonymous Symbol]
    air001xx_hal_flash.o(.text.HAL_FLASH_Program_IT) refers to air001xx_hal.o(.text.HAL_GetTick) for HAL_GetTick
    air001xx_hal_flash.o(.text.HAL_FLASH_Program_IT) refers to air001xx_hal_flash.o(.bss.pFlash) for pFlash
    air001xx_hal_flash.o(.text.HAL_FLASH_Program_IT) refers to air001xx_hal_flash.o(.rodata._FlashTimmingParam) for _FlashTimmingParam
    air001xx_hal_flash.o(.ARM.exidx.text.HAL_FLASH_Program_IT) refers to air001xx_hal_flash.o(.text.HAL_FLASH_Program_IT) for [Anonymous Symbol]
    air001xx_hal_flash.o(.text.HAL_FLASH_OB_RDP_LevelConfig) refers to air001xx_hal.o(.text.HAL_GetTick) for HAL_GetTick
    air001xx_hal_flash.o(.text.HAL_FLASH_OB_RDP_LevelConfig) refers to air001xx_hal_flash.o(.bss.pFlash) for pFlash
    air001xx_hal_flash.o(.ARM.exidx.text.HAL_FLASH_OB_RDP_LevelConfig) refers to air001xx_hal_flash.o(.text.HAL_FLASH_OB_RDP_LevelConfig) for [Anonymous Symbol]
    air001xx_hal_flash.o(.text.HAL_FLASH_OBProgram) refers to air001xx_hal.o(.text.HAL_GetTick) for HAL_GetTick
    air001xx_hal_flash.o(.text.HAL_FLASH_OBProgram) refers to air001xx_hal_flash.o(.bss.pFlash) for pFlash
    air001xx_hal_flash.o(.text.HAL_FLASH_OBProgram) refers to air001xx_hal_flash.o(.rodata._FlashTimmingParam) for _FlashTimmingParam
    air001xx_hal_flash.o(.ARM.exidx.text.HAL_FLASH_OBProgram) refers to air001xx_hal_flash.o(.text.HAL_FLASH_OBProgram) for [Anonymous Symbol]
    air001xx_hal_flash.o(.ARM.exidx.text.HAL_FLASH_OBGetConfig) refers to air001xx_hal_flash.o(.text.HAL_FLASH_OBGetConfig) for [Anonymous Symbol]
    air001xx_hal_flash.o(.text.HAL_FLASH_IRQHandler) refers to air001xx_hal_flash.o(.text.HAL_FLASH_OperationErrorCallback) for HAL_FLASH_OperationErrorCallback
    air001xx_hal_flash.o(.text.HAL_FLASH_IRQHandler) refers to air001xx_hal_flash.o(.text.HAL_FLASH_EndOfOperationCallback) for HAL_FLASH_EndOfOperationCallback
    air001xx_hal_flash.o(.text.HAL_FLASH_IRQHandler) refers to air001xx_hal_flash.o(.bss.pFlash) for pFlash
    air001xx_hal_flash.o(.ARM.exidx.text.HAL_FLASH_IRQHandler) refers to air001xx_hal_flash.o(.text.HAL_FLASH_IRQHandler) for [Anonymous Symbol]
    air001xx_hal_flash.o(.ARM.exidx.text.HAL_FLASH_OperationErrorCallback) refers to air001xx_hal_flash.o(.text.HAL_FLASH_OperationErrorCallback) for [Anonymous Symbol]
    air001xx_hal_flash.o(.ARM.exidx.text.HAL_FLASH_EndOfOperationCallback) refers to air001xx_hal_flash.o(.text.HAL_FLASH_EndOfOperationCallback) for [Anonymous Symbol]
    air001xx_hal_pwr.o(.ARM.exidx.text.HAL_PWR_DeInit) refers to air001xx_hal_pwr.o(.text.HAL_PWR_DeInit) for [Anonymous Symbol]
    air001xx_hal_pwr.o(.ARM.exidx.text.HAL_PWR_EnableBkUpAccess) refers to air001xx_hal_pwr.o(.text.HAL_PWR_EnableBkUpAccess) for [Anonymous Symbol]
    air001xx_hal_pwr.o(.ARM.exidx.text.HAL_PWR_DisableBkUpAccess) refers to air001xx_hal_pwr.o(.text.HAL_PWR_DisableBkUpAccess) for [Anonymous Symbol]
    air001xx_hal_pwr.o(.ARM.exidx.text.HAL_PWR_ConfigPVD) refers to air001xx_hal_pwr.o(.text.HAL_PWR_ConfigPVD) for [Anonymous Symbol]
    air001xx_hal_pwr.o(.ARM.exidx.text.HAL_PWR_EnablePVD) refers to air001xx_hal_pwr.o(.text.HAL_PWR_EnablePVD) for [Anonymous Symbol]
    air001xx_hal_pwr.o(.ARM.exidx.text.HAL_PWR_DisablePVD) refers to air001xx_hal_pwr.o(.text.HAL_PWR_DisablePVD) for [Anonymous Symbol]
    air001xx_hal_pwr.o(.ARM.exidx.text.HAL_PWR_ConfigStopMode) refers to air001xx_hal_pwr.o(.text.HAL_PWR_ConfigStopMode) for [Anonymous Symbol]
    air001xx_hal_pwr.o(.ARM.exidx.text.HAL_PWR_ConfigBIAS) refers to air001xx_hal_pwr.o(.text.HAL_PWR_ConfigBIAS) for [Anonymous Symbol]
    air001xx_hal_pwr.o(.ARM.exidx.text.HAL_PWR_EnterSLEEPMode) refers to air001xx_hal_pwr.o(.text.HAL_PWR_EnterSLEEPMode) for [Anonymous Symbol]
    air001xx_hal_pwr.o(.ARM.exidx.text.HAL_PWR_EnterSTOPMode) refers to air001xx_hal_pwr.o(.text.HAL_PWR_EnterSTOPMode) for [Anonymous Symbol]
    air001xx_hal_pwr.o(.ARM.exidx.text.HAL_PWR_EnableSleepOnExit) refers to air001xx_hal_pwr.o(.text.HAL_PWR_EnableSleepOnExit) for [Anonymous Symbol]
    air001xx_hal_pwr.o(.ARM.exidx.text.HAL_PWR_DisableSleepOnExit) refers to air001xx_hal_pwr.o(.text.HAL_PWR_DisableSleepOnExit) for [Anonymous Symbol]
    air001xx_hal_pwr.o(.ARM.exidx.text.HAL_PWR_EnableSEVOnPend) refers to air001xx_hal_pwr.o(.text.HAL_PWR_EnableSEVOnPend) for [Anonymous Symbol]
    air001xx_hal_pwr.o(.ARM.exidx.text.HAL_PWR_DisableSEVOnPend) refers to air001xx_hal_pwr.o(.text.HAL_PWR_DisableSEVOnPend) for [Anonymous Symbol]
    air001xx_hal_pwr.o(.text.HAL_PWR_PVD_IRQHandler) refers to air001xx_hal_pwr.o(.text.HAL_PWR_PVD_Callback) for HAL_PWR_PVD_Callback
    air001xx_hal_pwr.o(.ARM.exidx.text.HAL_PWR_PVD_IRQHandler) refers to air001xx_hal_pwr.o(.text.HAL_PWR_PVD_IRQHandler) for [Anonymous Symbol]
    air001xx_hal_pwr.o(.ARM.exidx.text.HAL_PWR_PVD_Callback) refers to air001xx_hal_pwr.o(.text.HAL_PWR_PVD_Callback) for [Anonymous Symbol]
    air001xx_it.o(.ARM.exidx.text.NMI_Handler) refers to air001xx_it.o(.text.NMI_Handler) for [Anonymous Symbol]
    air001xx_it.o(.ARM.exidx.text.HardFault_Handler) refers to air001xx_it.o(.text.HardFault_Handler) for [Anonymous Symbol]
    air001xx_it.o(.ARM.exidx.text.SVC_Handler) refers to air001xx_it.o(.text.SVC_Handler) for [Anonymous Symbol]
    air001xx_it.o(.ARM.exidx.text.PendSV_Handler) refers to air001xx_it.o(.text.PendSV_Handler) for [Anonymous Symbol]
    air001xx_it.o(.text.SysTick_Handler) refers to air001xx_hal.o(.text.HAL_IncTick) for HAL_IncTick
    air001xx_it.o(.ARM.exidx.text.SysTick_Handler) refers to air001xx_it.o(.text.SysTick_Handler) for [Anonymous Symbol]
    air001xx_it.o(.ARM.exidx.text.EXTI0_1_IRQHandler) refers to air001xx_it.o(.text.EXTI0_1_IRQHandler) for [Anonymous Symbol]
    air001xx_it.o(.ARM.exidx.text.EXTI2_3_IRQHandler) refers to air001xx_it.o(.text.EXTI2_3_IRQHandler) for [Anonymous Symbol]
    key.o(.text.KEY_CONFIG) refers to air001xx_hal_gpio.o(.text.HAL_GPIO_Init) for HAL_GPIO_Init
    key.o(.ARM.exidx.text.KEY_CONFIG) refers to key.o(.text.KEY_CONFIG) for [Anonymous Symbol]
    main.o(.text.main) refers to air001xx_hal.o(.text.HAL_Init) for HAL_Init
    main.o(.text.main) refers to memseta.o(.text) for __aeabi_memclr4
    main.o(.text.main) refers to air001xx_hal_rcc.o(.text.HAL_RCC_OscConfig) for HAL_RCC_OscConfig
    main.o(.text.main) refers to air001xx_hal_rcc.o(.text.HAL_RCC_ClockConfig) for HAL_RCC_ClockConfig
    main.o(.ARM.exidx.text.main) refers to main.o(.text.main) for [Anonymous Symbol]
    main.o(.ARM.exidx.text.Error_Handler) refers to main.o(.text.Error_Handler) for [Anonymous Symbol]
    startup_air001_dev.o(RESET) refers to startup_air001_dev.o(STACK) for __initial_sp
    startup_air001_dev.o(RESET) refers to startup_air001_dev.o(.text) for Reset_Handler
    startup_air001_dev.o(RESET) refers to air001xx_it.o(.text.NMI_Handler) for NMI_Handler
    startup_air001_dev.o(RESET) refers to air001xx_it.o(.text.HardFault_Handler) for HardFault_Handler
    startup_air001_dev.o(RESET) refers to air001xx_it.o(.text.SVC_Handler) for SVC_Handler
    startup_air001_dev.o(RESET) refers to air001xx_it.o(.text.PendSV_Handler) for PendSV_Handler
    startup_air001_dev.o(RESET) refers to air001xx_it.o(.text.SysTick_Handler) for SysTick_Handler
    startup_air001_dev.o(RESET) refers to air001xx_it.o(.text.EXTI0_1_IRQHandler) for EXTI0_1_IRQHandler
    startup_air001_dev.o(RESET) refers to air001xx_it.o(.text.EXTI2_3_IRQHandler) for EXTI2_3_IRQHandler
    startup_air001_dev.o(.text) refers to system_air001xx.o(.text.SystemInit) for SystemInit
    startup_air001_dev.o(.text) refers to entry.o(.ARM.Collect$$$$00000000) for __main
    system_air001xx.o(.text.SystemCoreClockUpdate) refers to system_air001xx.o(.rodata.HSIFreqTable) for HSIFreqTable
    system_air001xx.o(.text.SystemCoreClockUpdate) refers to system_air001xx.o(.data.SystemCoreClock) for SystemCoreClock
    system_air001xx.o(.text.SystemCoreClockUpdate) refers to system_air001xx.o(.rodata.AHBPrescTable) for AHBPrescTable
    system_air001xx.o(.ARM.exidx.text.SystemCoreClockUpdate) refers to system_air001xx.o(.text.SystemCoreClockUpdate) for [Anonymous Symbol]
    system_air001xx.o(.ARM.exidx.text.SystemInit) refers to system_air001xx.o(.text.SystemInit) for [Anonymous Symbol]
    system_air001xx.o(.text.$Sub$$main) refers to main.o(.text.main) for $Super$$main
    system_air001xx.o(.text.$Sub$$main) refers to system_air001xx.o(.ARM.__at_0x20000000) for VECT_SRAM_TAB
    system_air001xx.o(.ARM.exidx.text.$Sub$$main) refers to system_air001xx.o(.text.$Sub$$main) for [Anonymous Symbol]
    entry.o(.ARM.Collect$$$$00000000) refers (Special) to entry10a.o(.ARM.Collect$$$$0000000D) for __rt_final_cpp
    entry.o(.ARM.Collect$$$$00000000) refers (Special) to entry11a.o(.ARM.Collect$$$$0000000F) for __rt_final_exit
    entry.o(.ARM.Collect$$$$00000000) refers (Special) to entry7b.o(.ARM.Collect$$$$00000008) for _main_clock
    entry.o(.ARM.Collect$$$$00000000) refers (Special) to entry8b.o(.ARM.Collect$$$$0000000A) for _main_cpp_init
    entry.o(.ARM.Collect$$$$00000000) refers (Special) to entry9a.o(.ARM.Collect$$$$0000000B) for _main_init
    entry.o(.ARM.Collect$$$$00000000) refers (Special) to entry5.o(.ARM.Collect$$$$00000004) for _main_scatterload
    entry.o(.ARM.Collect$$$$00000000) refers (Special) to entry2.o(.ARM.Collect$$$$00000001) for _main_stk
    entry2.o(.ARM.Collect$$$$00000001) refers to entry2.o(.ARM.Collect$$$$00002712) for __lit__00000000
    entry2.o(.ARM.Collect$$$$00002712) refers to startup_air001_dev.o(STACK) for __initial_sp
    entry2.o(__vectab_stack_and_reset_area) refers to startup_air001_dev.o(STACK) for __initial_sp
    entry2.o(__vectab_stack_and_reset_area) refers to entry.o(.ARM.Collect$$$$00000000) for __main
    entry5.o(.ARM.Collect$$$$00000004) refers to init.o(.text) for __scatterload
    entry9a.o(.ARM.Collect$$$$0000000B) refers to system_air001xx.o(.text.$Sub$$main) for main
    entry9b.o(.ARM.Collect$$$$0000000C) refers to system_air001xx.o(.text.$Sub$$main) for main
    idiv_div0.o(.text) refers to uidiv_div0.o(.text) for __aeabi_uidivmod
    init.o(.text) refers to entry5.o(.ARM.Collect$$$$00000004) for __main_after_scatterload


==============================================================================

Removing Unused input sections from the image.

    Removing air001xx_hal.o(.text), (0 bytes).
    Removing air001xx_hal.o(.ARM.exidx.text.HAL_Init), (8 bytes).
    Removing air001xx_hal.o(.ARM.exidx.text.HAL_InitTick), (8 bytes).
    Removing air001xx_hal.o(.ARM.exidx.text.HAL_MspInit), (8 bytes).
    Removing air001xx_hal.o(.text.HAL_DeInit), (36 bytes).
    Removing air001xx_hal.o(.ARM.exidx.text.HAL_DeInit), (8 bytes).
    Removing air001xx_hal.o(.text.HAL_MspDeInit), (2 bytes).
    Removing air001xx_hal.o(.ARM.exidx.text.HAL_MspDeInit), (8 bytes).
    Removing air001xx_hal.o(.ARM.exidx.text.HAL_IncTick), (8 bytes).
    Removing air001xx_hal.o(.ARM.exidx.text.HAL_GetTick), (8 bytes).
    Removing air001xx_hal.o(.text.HAL_GetTickPrio), (12 bytes).
    Removing air001xx_hal.o(.ARM.exidx.text.HAL_GetTickPrio), (8 bytes).
    Removing air001xx_hal.o(.text.HAL_SetTickFreq), (44 bytes).
    Removing air001xx_hal.o(.ARM.exidx.text.HAL_SetTickFreq), (8 bytes).
    Removing air001xx_hal.o(.text.HAL_GetTickFreq), (12 bytes).
    Removing air001xx_hal.o(.ARM.exidx.text.HAL_GetTickFreq), (8 bytes).
    Removing air001xx_hal.o(.text.HAL_Delay), (36 bytes).
    Removing air001xx_hal.o(.ARM.exidx.text.HAL_Delay), (8 bytes).
    Removing air001xx_hal.o(.text.HAL_SuspendTick), (16 bytes).
    Removing air001xx_hal.o(.ARM.exidx.text.HAL_SuspendTick), (8 bytes).
    Removing air001xx_hal.o(.text.HAL_ResumeTick), (16 bytes).
    Removing air001xx_hal.o(.ARM.exidx.text.HAL_ResumeTick), (8 bytes).
    Removing air001xx_hal.o(.text.HAL_GetHalVersion), (8 bytes).
    Removing air001xx_hal.o(.ARM.exidx.text.HAL_GetHalVersion), (8 bytes).
    Removing air001xx_hal.o(.text.HAL_GetREVID), (12 bytes).
    Removing air001xx_hal.o(.ARM.exidx.text.HAL_GetREVID), (8 bytes).
    Removing air001xx_hal.o(.text.HAL_GetDEVID), (20 bytes).
    Removing air001xx_hal.o(.ARM.exidx.text.HAL_GetDEVID), (8 bytes).
    Removing air001xx_hal.o(.text.HAL_GetUIDw0), (12 bytes).
    Removing air001xx_hal.o(.ARM.exidx.text.HAL_GetUIDw0), (8 bytes).
    Removing air001xx_hal.o(.text.HAL_GetUIDw1), (12 bytes).
    Removing air001xx_hal.o(.ARM.exidx.text.HAL_GetUIDw1), (8 bytes).
    Removing air001xx_hal.o(.text.HAL_GetUIDw2), (12 bytes).
    Removing air001xx_hal.o(.ARM.exidx.text.HAL_GetUIDw2), (8 bytes).
    Removing air001xx_hal.o(.text.HAL_DBGMCU_EnableDBGMCUStopMode), (16 bytes).
    Removing air001xx_hal.o(.ARM.exidx.text.HAL_DBGMCU_EnableDBGMCUStopMode), (8 bytes).
    Removing air001xx_hal.o(.text.HAL_DBGMCU_DisableDBGMCUStopMode), (16 bytes).
    Removing air001xx_hal.o(.ARM.exidx.text.HAL_DBGMCU_DisableDBGMCUStopMode), (8 bytes).
    Removing air001xx_hal.o(.text.HAL_SYSCFG_DMA_Req), (16 bytes).
    Removing air001xx_hal.o(.ARM.exidx.text.HAL_SYSCFG_DMA_Req), (8 bytes).
    Removing air001xx_hal_cortex.o(.text), (0 bytes).
    Removing air001xx_hal_cortex.o(.ARM.exidx.text.HAL_NVIC_SetPriority), (8 bytes).
    Removing air001xx_hal_cortex.o(.text.HAL_NVIC_EnableIRQ), (24 bytes).
    Removing air001xx_hal_cortex.o(.ARM.exidx.text.HAL_NVIC_EnableIRQ), (8 bytes).
    Removing air001xx_hal_cortex.o(.text.HAL_NVIC_DisableIRQ), (32 bytes).
    Removing air001xx_hal_cortex.o(.ARM.exidx.text.HAL_NVIC_DisableIRQ), (8 bytes).
    Removing air001xx_hal_cortex.o(.text.HAL_NVIC_SystemReset), (28 bytes).
    Removing air001xx_hal_cortex.o(.ARM.exidx.text.HAL_NVIC_SystemReset), (8 bytes).
    Removing air001xx_hal_cortex.o(.ARM.exidx.text.HAL_SYSTICK_Config), (8 bytes).
    Removing air001xx_hal_cortex.o(.text.HAL_NVIC_GetPriority), (48 bytes).
    Removing air001xx_hal_cortex.o(.ARM.exidx.text.HAL_NVIC_GetPriority), (8 bytes).
    Removing air001xx_hal_cortex.o(.text.HAL_NVIC_SetPendingIRQ), (24 bytes).
    Removing air001xx_hal_cortex.o(.ARM.exidx.text.HAL_NVIC_SetPendingIRQ), (8 bytes).
    Removing air001xx_hal_cortex.o(.text.HAL_NVIC_GetPendingIRQ), (28 bytes).
    Removing air001xx_hal_cortex.o(.ARM.exidx.text.HAL_NVIC_GetPendingIRQ), (8 bytes).
    Removing air001xx_hal_cortex.o(.text.HAL_NVIC_ClearPendingIRQ), (24 bytes).
    Removing air001xx_hal_cortex.o(.ARM.exidx.text.HAL_NVIC_ClearPendingIRQ), (8 bytes).
    Removing air001xx_hal_cortex.o(.text.HAL_SYSTICK_CLKSourceConfig), (28 bytes).
    Removing air001xx_hal_cortex.o(.ARM.exidx.text.HAL_SYSTICK_CLKSourceConfig), (8 bytes).
    Removing air001xx_hal_cortex.o(.text.HAL_SYSTICK_IRQHandler), (8 bytes).
    Removing air001xx_hal_cortex.o(.ARM.exidx.text.HAL_SYSTICK_IRQHandler), (8 bytes).
    Removing air001xx_hal_cortex.o(.text.HAL_SYSTICK_Callback), (2 bytes).
    Removing air001xx_hal_cortex.o(.ARM.exidx.text.HAL_SYSTICK_Callback), (8 bytes).
    Removing air001xx_hal_crc.o(.text), (0 bytes).
    Removing air001xx_hal_exti.o(.text), (0 bytes).
    Removing air001xx_hal_exti.o(.text.HAL_EXTI_SetConfigLine), (152 bytes).
    Removing air001xx_hal_exti.o(.ARM.exidx.text.HAL_EXTI_SetConfigLine), (8 bytes).
    Removing air001xx_hal_exti.o(.text.HAL_EXTI_GetConfigLine), (136 bytes).
    Removing air001xx_hal_exti.o(.ARM.exidx.text.HAL_EXTI_GetConfigLine), (8 bytes).
    Removing air001xx_hal_exti.o(.text.HAL_EXTI_ClearConfigLine), (96 bytes).
    Removing air001xx_hal_exti.o(.ARM.exidx.text.HAL_EXTI_ClearConfigLine), (8 bytes).
    Removing air001xx_hal_exti.o(.text.HAL_EXTI_RegisterCallback), (14 bytes).
    Removing air001xx_hal_exti.o(.ARM.exidx.text.HAL_EXTI_RegisterCallback), (8 bytes).
    Removing air001xx_hal_exti.o(.text.HAL_EXTI_GetHandle), (14 bytes).
    Removing air001xx_hal_exti.o(.ARM.exidx.text.HAL_EXTI_GetHandle), (8 bytes).
    Removing air001xx_hal_exti.o(.text.HAL_EXTI_IRQHandler), (36 bytes).
    Removing air001xx_hal_exti.o(.ARM.exidx.text.HAL_EXTI_IRQHandler), (8 bytes).
    Removing air001xx_hal_exti.o(.text.HAL_EXTI_GetPending), (24 bytes).
    Removing air001xx_hal_exti.o(.ARM.exidx.text.HAL_EXTI_GetPending), (8 bytes).
    Removing air001xx_hal_exti.o(.text.HAL_EXTI_ClearPending), (20 bytes).
    Removing air001xx_hal_exti.o(.ARM.exidx.text.HAL_EXTI_ClearPending), (8 bytes).
    Removing air001xx_hal_exti.o(.text.HAL_EXTI_GenerateSWI), (20 bytes).
    Removing air001xx_hal_exti.o(.ARM.exidx.text.HAL_EXTI_GenerateSWI), (8 bytes).
    Removing air001xx_hal_gpio.o(.text), (0 bytes).
    Removing air001xx_hal_gpio.o(.text.HAL_GPIO_Init), (376 bytes).
    Removing air001xx_hal_gpio.o(.ARM.exidx.text.HAL_GPIO_Init), (8 bytes).
    Removing air001xx_hal_gpio.o(.text.HAL_GPIO_DeInit), (236 bytes).
    Removing air001xx_hal_gpio.o(.ARM.exidx.text.HAL_GPIO_DeInit), (8 bytes).
    Removing air001xx_hal_gpio.o(.text.HAL_GPIO_ReadPin), (10 bytes).
    Removing air001xx_hal_gpio.o(.ARM.exidx.text.HAL_GPIO_ReadPin), (8 bytes).
    Removing air001xx_hal_gpio.o(.text.HAL_GPIO_WritePin), (16 bytes).
    Removing air001xx_hal_gpio.o(.ARM.exidx.text.HAL_GPIO_WritePin), (8 bytes).
    Removing air001xx_hal_gpio.o(.text.HAL_GPIO_TogglePin), (18 bytes).
    Removing air001xx_hal_gpio.o(.ARM.exidx.text.HAL_GPIO_TogglePin), (8 bytes).
    Removing air001xx_hal_gpio.o(.text.HAL_GPIO_LockPin), (44 bytes).
    Removing air001xx_hal_gpio.o(.ARM.exidx.text.HAL_GPIO_LockPin), (8 bytes).
    Removing air001xx_hal_gpio.o(.text.HAL_GPIO_EXTI_Callback), (2 bytes).
    Removing air001xx_hal_gpio.o(.ARM.exidx.text.HAL_GPIO_EXTI_Callback), (8 bytes).
    Removing air001xx_hal_gpio.o(.text.HAL_GPIO_EXTI_IRQHandler), (24 bytes).
    Removing air001xx_hal_gpio.o(.ARM.exidx.text.HAL_GPIO_EXTI_IRQHandler), (8 bytes).
    Removing air001xx_hal_rcc.o(.text), (0 bytes).
    Removing air001xx_hal_rcc.o(.text.HAL_RCC_DeInit), (168 bytes).
    Removing air001xx_hal_rcc.o(.ARM.exidx.text.HAL_RCC_DeInit), (8 bytes).
    Removing air001xx_hal_rcc.o(.ARM.exidx.text.HAL_RCC_OscConfig), (8 bytes).
    Removing air001xx_hal_rcc.o(.ARM.exidx.text.HAL_RCC_GetSysClockFreq), (8 bytes).
    Removing air001xx_hal_rcc.o(.ARM.exidx.text.HAL_RCC_ClockConfig), (8 bytes).
    Removing air001xx_hal_rcc.o(.text.HAL_RCC_MCOConfig), (264 bytes).
    Removing air001xx_hal_rcc.o(.ARM.exidx.text.HAL_RCC_MCOConfig), (8 bytes).
    Removing air001xx_hal_rcc.o(.text.HAL_RCC_GetHCLKFreq), (12 bytes).
    Removing air001xx_hal_rcc.o(.ARM.exidx.text.HAL_RCC_GetHCLKFreq), (8 bytes).
    Removing air001xx_hal_rcc.o(.text.HAL_RCC_GetPCLK1Freq), (40 bytes).
    Removing air001xx_hal_rcc.o(.ARM.exidx.text.HAL_RCC_GetPCLK1Freq), (8 bytes).
    Removing air001xx_hal_rcc.o(.text.HAL_RCC_GetOscConfig), (132 bytes).
    Removing air001xx_hal_rcc.o(.ARM.exidx.text.HAL_RCC_GetOscConfig), (8 bytes).
    Removing air001xx_hal_rcc.o(.text.HAL_RCC_GetClockConfig), (52 bytes).
    Removing air001xx_hal_rcc.o(.ARM.exidx.text.HAL_RCC_GetClockConfig), (8 bytes).
    Removing air001xx_hal_rcc.o(.text.HAL_RCC_EnableCSS), (20 bytes).
    Removing air001xx_hal_rcc.o(.ARM.exidx.text.HAL_RCC_EnableCSS), (8 bytes).
    Removing air001xx_hal_rcc.o(.text.HAL_RCC_EnableLSECSS), (16 bytes).
    Removing air001xx_hal_rcc.o(.ARM.exidx.text.HAL_RCC_EnableLSECSS), (8 bytes).
    Removing air001xx_hal_rcc.o(.text.HAL_RCC_DisableLSECSS), (16 bytes).
    Removing air001xx_hal_rcc.o(.ARM.exidx.text.HAL_RCC_DisableLSECSS), (8 bytes).
    Removing air001xx_hal_rcc.o(.text.HAL_RCC_NMI_IRQHandler), (44 bytes).
    Removing air001xx_hal_rcc.o(.ARM.exidx.text.HAL_RCC_NMI_IRQHandler), (8 bytes).
    Removing air001xx_hal_rcc.o(.text.HAL_RCC_CSSCallback), (2 bytes).
    Removing air001xx_hal_rcc.o(.ARM.exidx.text.HAL_RCC_CSSCallback), (8 bytes).
    Removing air001xx_hal_rcc.o(.text.HAL_RCC_LSECSSCallback), (2 bytes).
    Removing air001xx_hal_rcc.o(.ARM.exidx.text.HAL_RCC_LSECSSCallback), (8 bytes).
    Removing air001xx_hal_flash.o(.text), (0 bytes).
    Removing air001xx_hal_flash.o(.text.HAL_FLASH_Unlock), (40 bytes).
    Removing air001xx_hal_flash.o(.ARM.exidx.text.HAL_FLASH_Unlock), (8 bytes).
    Removing air001xx_hal_flash.o(.text.HAL_FLASH_Lock), (24 bytes).
    Removing air001xx_hal_flash.o(.ARM.exidx.text.HAL_FLASH_Lock), (8 bytes).
    Removing air001xx_hal_flash.o(.text.HAL_FLASH_OB_Unlock), (40 bytes).
    Removing air001xx_hal_flash.o(.ARM.exidx.text.HAL_FLASH_OB_Unlock), (8 bytes).
    Removing air001xx_hal_flash.o(.text.HAL_FLASH_OB_Lock), (24 bytes).
    Removing air001xx_hal_flash.o(.ARM.exidx.text.HAL_FLASH_OB_Lock), (8 bytes).
    Removing air001xx_hal_flash.o(.text.HAL_FLASH_OB_Launch), (20 bytes).
    Removing air001xx_hal_flash.o(.ARM.exidx.text.HAL_FLASH_OB_Launch), (8 bytes).
    Removing air001xx_hal_flash.o(.text.HAL_FLASH_GetError), (12 bytes).
    Removing air001xx_hal_flash.o(.ARM.exidx.text.HAL_FLASH_GetError), (8 bytes).
    Removing air001xx_hal_flash.o(.text.FLASH_WaitForLastOperation), (48 bytes).
    Removing air001xx_hal_flash.o(.ARM.exidx.text.FLASH_WaitForLastOperation), (8 bytes).
    Removing air001xx_hal_flash.o(.text.HAL_FLASH_Erase), (816 bytes).
    Removing air001xx_hal_flash.o(.ARM.exidx.text.HAL_FLASH_Erase), (8 bytes).
    Removing air001xx_hal_flash.o(.text.HAL_FLASH_Erase_IT), (476 bytes).
    Removing air001xx_hal_flash.o(.ARM.exidx.text.HAL_FLASH_Erase_IT), (8 bytes).
    Removing air001xx_hal_flash.o(.text.HAL_FLASH_PageProgram), (12 bytes).
    Removing air001xx_hal_flash.o(.ARM.exidx.text.HAL_FLASH_PageProgram), (8 bytes).
    Removing air001xx_hal_flash.o(.text.HAL_FLASH_Program), (432 bytes).
    Removing air001xx_hal_flash.o(.ARM.exidx.text.HAL_FLASH_Program), (8 bytes).
    Removing air001xx_hal_flash.o(.text.HAL_FLASH_PageProgram_IT), (14 bytes).
    Removing air001xx_hal_flash.o(.ARM.exidx.text.HAL_FLASH_PageProgram_IT), (8 bytes).
    Removing air001xx_hal_flash.o(.text.HAL_FLASH_Program_IT), (380 bytes).
    Removing air001xx_hal_flash.o(.ARM.exidx.text.HAL_FLASH_Program_IT), (8 bytes).
    Removing air001xx_hal_flash.o(.text.HAL_FLASH_OB_RDP_LevelConfig), (168 bytes).
    Removing air001xx_hal_flash.o(.ARM.exidx.text.HAL_FLASH_OB_RDP_LevelConfig), (8 bytes).
    Removing air001xx_hal_flash.o(.text.HAL_FLASH_OBProgram), (428 bytes).
    Removing air001xx_hal_flash.o(.ARM.exidx.text.HAL_FLASH_OBProgram), (8 bytes).
    Removing air001xx_hal_flash.o(.text.HAL_FLASH_OBGetConfig), (68 bytes).
    Removing air001xx_hal_flash.o(.ARM.exidx.text.HAL_FLASH_OBGetConfig), (8 bytes).
    Removing air001xx_hal_flash.o(.text.HAL_FLASH_IRQHandler), (260 bytes).
    Removing air001xx_hal_flash.o(.ARM.exidx.text.HAL_FLASH_IRQHandler), (8 bytes).
    Removing air001xx_hal_flash.o(.text.HAL_FLASH_OperationErrorCallback), (2 bytes).
    Removing air001xx_hal_flash.o(.ARM.exidx.text.HAL_FLASH_OperationErrorCallback), (8 bytes).
    Removing air001xx_hal_flash.o(.text.HAL_FLASH_EndOfOperationCallback), (2 bytes).
    Removing air001xx_hal_flash.o(.ARM.exidx.text.HAL_FLASH_EndOfOperationCallback), (8 bytes).
    Removing air001xx_hal_flash.o(.bss.pFlash), (24 bytes).
    Removing air001xx_hal_flash.o(.rodata._FlashTimmingParam), (32 bytes).
    Removing air001xx_hal_pwr.o(.text), (0 bytes).
    Removing air001xx_hal_pwr.o(.text.HAL_PWR_DeInit), (24 bytes).
    Removing air001xx_hal_pwr.o(.ARM.exidx.text.HAL_PWR_DeInit), (8 bytes).
    Removing air001xx_hal_pwr.o(.text.HAL_PWR_EnableBkUpAccess), (20 bytes).
    Removing air001xx_hal_pwr.o(.ARM.exidx.text.HAL_PWR_EnableBkUpAccess), (8 bytes).
    Removing air001xx_hal_pwr.o(.text.HAL_PWR_DisableBkUpAccess), (20 bytes).
    Removing air001xx_hal_pwr.o(.ARM.exidx.text.HAL_PWR_DisableBkUpAccess), (8 bytes).
    Removing air001xx_hal_pwr.o(.text.HAL_PWR_ConfigPVD), (140 bytes).
    Removing air001xx_hal_pwr.o(.ARM.exidx.text.HAL_PWR_ConfigPVD), (8 bytes).
    Removing air001xx_hal_pwr.o(.text.HAL_PWR_EnablePVD), (16 bytes).
    Removing air001xx_hal_pwr.o(.ARM.exidx.text.HAL_PWR_EnablePVD), (8 bytes).
    Removing air001xx_hal_pwr.o(.text.HAL_PWR_DisablePVD), (16 bytes).
    Removing air001xx_hal_pwr.o(.ARM.exidx.text.HAL_PWR_DisablePVD), (8 bytes).
    Removing air001xx_hal_pwr.o(.text.HAL_PWR_ConfigStopMode), (40 bytes).
    Removing air001xx_hal_pwr.o(.ARM.exidx.text.HAL_PWR_ConfigStopMode), (8 bytes).
    Removing air001xx_hal_pwr.o(.text.HAL_PWR_ConfigBIAS), (40 bytes).
    Removing air001xx_hal_pwr.o(.ARM.exidx.text.HAL_PWR_ConfigBIAS), (8 bytes).
    Removing air001xx_hal_pwr.o(.text.HAL_PWR_EnterSLEEPMode), (32 bytes).
    Removing air001xx_hal_pwr.o(.ARM.exidx.text.HAL_PWR_EnterSLEEPMode), (8 bytes).
    Removing air001xx_hal_pwr.o(.text.HAL_PWR_EnterSTOPMode), (64 bytes).
    Removing air001xx_hal_pwr.o(.ARM.exidx.text.HAL_PWR_EnterSTOPMode), (8 bytes).
    Removing air001xx_hal_pwr.o(.text.HAL_PWR_EnableSleepOnExit), (16 bytes).
    Removing air001xx_hal_pwr.o(.ARM.exidx.text.HAL_PWR_EnableSleepOnExit), (8 bytes).
    Removing air001xx_hal_pwr.o(.text.HAL_PWR_DisableSleepOnExit), (16 bytes).
    Removing air001xx_hal_pwr.o(.ARM.exidx.text.HAL_PWR_DisableSleepOnExit), (8 bytes).
    Removing air001xx_hal_pwr.o(.text.HAL_PWR_EnableSEVOnPend), (16 bytes).
    Removing air001xx_hal_pwr.o(.ARM.exidx.text.HAL_PWR_EnableSEVOnPend), (8 bytes).
    Removing air001xx_hal_pwr.o(.text.HAL_PWR_DisableSEVOnPend), (16 bytes).
    Removing air001xx_hal_pwr.o(.ARM.exidx.text.HAL_PWR_DisableSEVOnPend), (8 bytes).
    Removing air001xx_hal_pwr.o(.text.HAL_PWR_PVD_IRQHandler), (28 bytes).
    Removing air001xx_hal_pwr.o(.ARM.exidx.text.HAL_PWR_PVD_IRQHandler), (8 bytes).
    Removing air001xx_hal_pwr.o(.text.HAL_PWR_PVD_Callback), (2 bytes).
    Removing air001xx_hal_pwr.o(.ARM.exidx.text.HAL_PWR_PVD_Callback), (8 bytes).
    Removing air001xx_it.o(.text), (0 bytes).
    Removing air001xx_it.o(.ARM.exidx.text.NMI_Handler), (8 bytes).
    Removing air001xx_it.o(.ARM.exidx.text.HardFault_Handler), (8 bytes).
    Removing air001xx_it.o(.ARM.exidx.text.SVC_Handler), (8 bytes).
    Removing air001xx_it.o(.ARM.exidx.text.PendSV_Handler), (8 bytes).
    Removing air001xx_it.o(.ARM.exidx.text.SysTick_Handler), (8 bytes).
    Removing air001xx_it.o(.ARM.exidx.text.EXTI0_1_IRQHandler), (8 bytes).
    Removing air001xx_it.o(.ARM.exidx.text.EXTI2_3_IRQHandler), (8 bytes).
    Removing key.o(.text), (0 bytes).
    Removing key.o(.text.KEY_CONFIG), (120 bytes).
    Removing key.o(.ARM.exidx.text.KEY_CONFIG), (8 bytes).
    Removing main.o(.text), (0 bytes).
    Removing main.o(.ARM.exidx.text.main), (8 bytes).
    Removing main.o(.text.Error_Handler), (2 bytes).
    Removing main.o(.ARM.exidx.text.Error_Handler), (8 bytes).
    Removing main.o(.ARM.use_no_argv), (4 bytes).
    Removing startup_air001_dev.o(HEAP), (512 bytes).
    Removing system_air001xx.o(.text), (0 bytes).
    Removing system_air001xx.o(.text.SystemCoreClockUpdate), (136 bytes).
    Removing system_air001xx.o(.ARM.exidx.text.SystemCoreClockUpdate), (8 bytes).
    Removing system_air001xx.o(.ARM.exidx.text.SystemInit), (8 bytes).
    Removing system_air001xx.o(.ARM.exidx.text.$Sub$$main), (8 bytes).
    Removing system_air001xx.o(.rodata.APBPrescTable), (32 bytes).

225 unused section(s) (total 8096 bytes) removed from the image.

==============================================================================

Image Symbol Table

    Local Symbols

    Symbol Name                              Value     Ov Type        Size  Object(Section)

    ../clib/division.s                       0x00000000   Number         0  aeabi_sdivfast.o ABSOLUTE
    ../clib/division.s                       0x00000000   Number         0  aeabi_sdivfast_div0.o ABSOLUTE
    ../clib/microlib/division.c              0x00000000   Number         0  uidiv.o ABSOLUTE
    ../clib/microlib/division.c              0x00000000   Number         0  uidiv_div0.o ABSOLUTE
    ../clib/microlib/division.c              0x00000000   Number         0  idiv_div0.o ABSOLUTE
    ../clib/microlib/division.c              0x00000000   Number         0  idiv0.o ABSOLUTE
    ../clib/microlib/init/entry.s            0x00000000   Number         0  entry.o ABSOLUTE
    ../clib/microlib/init/entry.s            0x00000000   Number         0  entry2.o ABSOLUTE
    ../clib/microlib/init/entry.s            0x00000000   Number         0  entry5.o ABSOLUTE
    ../clib/microlib/init/entry.s            0x00000000   Number         0  entry7a.o ABSOLUTE
    ../clib/microlib/init/entry.s            0x00000000   Number         0  entry7b.o ABSOLUTE
    ../clib/microlib/init/entry.s            0x00000000   Number         0  entry8a.o ABSOLUTE
    ../clib/microlib/init/entry.s            0x00000000   Number         0  entry8b.o ABSOLUTE
    ../clib/microlib/init/entry.s            0x00000000   Number         0  entry9a.o ABSOLUTE
    ../clib/microlib/init/entry.s            0x00000000   Number         0  entry9b.o ABSOLUTE
    ../clib/microlib/init/entry.s            0x00000000   Number         0  entry10a.o ABSOLUTE
    ../clib/microlib/init/entry.s            0x00000000   Number         0  entry10b.o ABSOLUTE
    ../clib/microlib/init/entry.s            0x00000000   Number         0  entry11a.o ABSOLUTE
    ../clib/microlib/init/entry.s            0x00000000   Number         0  entry11b.o ABSOLUTE
    ../clib/microlib/string/memset.c         0x00000000   Number         0  memseta.o ABSOLUTE
    RTE/Device/AIR001Dev/startup_air001_dev.s 0x00000000   Number         0  startup_air001_dev.o ABSOLUTE
    air001xx_hal.c                           0x00000000   Number         0  air001xx_hal.o ABSOLUTE
    air001xx_hal_cortex.c                    0x00000000   Number         0  air001xx_hal_cortex.o ABSOLUTE
    air001xx_hal_crc.c                       0x00000000   Number         0  air001xx_hal_crc.o ABSOLUTE
    air001xx_hal_exti.c                      0x00000000   Number         0  air001xx_hal_exti.o ABSOLUTE
    air001xx_hal_flash.c                     0x00000000   Number         0  air001xx_hal_flash.o ABSOLUTE
    air001xx_hal_gpio.c                      0x00000000   Number         0  air001xx_hal_gpio.o ABSOLUTE
    air001xx_hal_pwr.c                       0x00000000   Number         0  air001xx_hal_pwr.o ABSOLUTE
    air001xx_hal_rcc.c                       0x00000000   Number         0  air001xx_hal_rcc.o ABSOLUTE
    air001xx_it.c                            0x00000000   Number         0  air001xx_it.o ABSOLUTE
    dc.s                                     0x00000000   Number         0  dc.o ABSOLUTE
    handlers.s                               0x00000000   Number         0  handlers.o ABSOLUTE
    init.s                                   0x00000000   Number         0  init.o ABSOLUTE
    key.c                                    0x00000000   Number         0  key.o ABSOLUTE
    main.c                                   0x00000000   Number         0  main.o ABSOLUTE
    system_air001xx.c                        0x00000000   Number         0  system_air001xx.o ABSOLUTE
    RESET                                    0x08000000   Section      192  startup_air001_dev.o(RESET)
    .ARM.Collect$$$$00000000                 0x080000c0   Section        0  entry.o(.ARM.Collect$$$$00000000)
    .ARM.Collect$$$$00000001                 0x080000c0   Section        4  entry2.o(.ARM.Collect$$$$00000001)
    .ARM.Collect$$$$00000004                 0x080000c4   Section        4  entry5.o(.ARM.Collect$$$$00000004)
    .ARM.Collect$$$$00000008                 0x080000c8   Section        0  entry7b.o(.ARM.Collect$$$$00000008)
    .ARM.Collect$$$$0000000A                 0x080000c8   Section        0  entry8b.o(.ARM.Collect$$$$0000000A)
    .ARM.Collect$$$$0000000B                 0x080000c8   Section        8  entry9a.o(.ARM.Collect$$$$0000000B)
    __lit__00000000                          0x080000d0   Data           4  entry2.o(.ARM.Collect$$$$00002712)
    .ARM.Collect$$$$0000000D                 0x080000d0   Section        0  entry10a.o(.ARM.Collect$$$$0000000D)
    .ARM.Collect$$$$0000000F                 0x080000d0   Section        0  entry11a.o(.ARM.Collect$$$$0000000F)
    .ARM.Collect$$$$00002712                 0x080000d0   Section        4  entry2.o(.ARM.Collect$$$$00002712)
    .text                                    0x080000d4   Section       28  startup_air001_dev.o(.text)
    .text                                    0x080000f0   Section        0  memseta.o(.text)
    .text                                    0x08000114   Section        0  uidiv_div0.o(.text)
    .text                                    0x08000154   Section       36  init.o(.text)
    [Anonymous Symbol]                       0x08000178   Section        0  system_air001xx.o(.text.$Sub$$main)
    __arm_cp.2_0                             0x0800019c   Number         4  system_air001xx.o(.text.$Sub$$main)
    __arm_cp.2_1                             0x080001a0   Number         4  system_air001xx.o(.text.$Sub$$main)
    [Anonymous Symbol]                       0x080001a4   Section        0  air001xx_it.o(.text.EXTI0_1_IRQHandler)
    [Anonymous Symbol]                       0x080001a6   Section        0  air001xx_it.o(.text.EXTI2_3_IRQHandler)
    [Anonymous Symbol]                       0x080001a8   Section        0  air001xx_hal.o(.text.HAL_GetTick)
    [Anonymous Symbol]                       0x080001b0   Section        0  air001xx_hal.o(.text.HAL_IncTick)
    __arm_cp.5_1                             0x080001c0   Number         4  air001xx_hal.o(.text.HAL_IncTick)
    [Anonymous Symbol]                       0x080001c4   Section        0  air001xx_hal.o(.text.HAL_Init)
    [Anonymous Symbol]                       0x080001e0   Section        0  air001xx_hal.o(.text.HAL_InitTick)
    __arm_cp.1_0                             0x08000220   Number         4  air001xx_hal.o(.text.HAL_InitTick)
    [Anonymous Symbol]                       0x08000224   Section        0  air001xx_hal.o(.text.HAL_MspInit)
    [Anonymous Symbol]                       0x08000228   Section        0  air001xx_hal_cortex.o(.text.HAL_NVIC_SetPriority)
    __arm_cp.0_0                             0x08000258   Number         4  air001xx_hal_cortex.o(.text.HAL_NVIC_SetPriority)
    __arm_cp.0_1                             0x0800025c   Number         4  air001xx_hal_cortex.o(.text.HAL_NVIC_SetPriority)
    [Anonymous Symbol]                       0x08000260   Section        0  air001xx_hal_rcc.o(.text.HAL_RCC_ClockConfig)
    __arm_cp.3_0                             0x0800044c   Number         4  air001xx_hal_rcc.o(.text.HAL_RCC_ClockConfig)
    __arm_cp.3_1                             0x08000450   Number         4  air001xx_hal_rcc.o(.text.HAL_RCC_ClockConfig)
    __arm_cp.3_6                             0x08000454   Number         4  air001xx_hal_rcc.o(.text.HAL_RCC_ClockConfig)
    __arm_cp.3_7                             0x08000458   Number         4  air001xx_hal_rcc.o(.text.HAL_RCC_ClockConfig)
    __arm_cp.3_8                             0x0800045c   Number         4  air001xx_hal_rcc.o(.text.HAL_RCC_ClockConfig)
    [Anonymous Symbol]                       0x08000460   Section        0  air001xx_hal_rcc.o(.text.HAL_RCC_GetSysClockFreq)
    __arm_cp.2_0                             0x080004e4   Number         4  air001xx_hal_rcc.o(.text.HAL_RCC_GetSysClockFreq)
    __arm_cp.2_1                             0x080004e8   Number         4  air001xx_hal_rcc.o(.text.HAL_RCC_GetSysClockFreq)
    __arm_cp.2_2                             0x080004ec   Number         4  air001xx_hal_rcc.o(.text.HAL_RCC_GetSysClockFreq)
    __arm_cp.2_3                             0x080004f0   Number         4  air001xx_hal_rcc.o(.text.HAL_RCC_GetSysClockFreq)
    [Anonymous Symbol]                       0x080004f4   Section        0  air001xx_hal_rcc.o(.text.HAL_RCC_OscConfig)
    __arm_cp.1_0                             0x08000940   Number         4  air001xx_hal_rcc.o(.text.HAL_RCC_OscConfig)
    __arm_cp.1_1                             0x08000944   Number         4  air001xx_hal_rcc.o(.text.HAL_RCC_OscConfig)
    __arm_cp.1_2                             0x08000948   Number         4  air001xx_hal_rcc.o(.text.HAL_RCC_OscConfig)
    __arm_cp.1_3                             0x0800094c   Number         4  air001xx_hal_rcc.o(.text.HAL_RCC_OscConfig)
    __arm_cp.1_4                             0x08000950   Number         4  air001xx_hal_rcc.o(.text.HAL_RCC_OscConfig)
    __arm_cp.1_5                             0x08000954   Number         4  air001xx_hal_rcc.o(.text.HAL_RCC_OscConfig)
    __arm_cp.1_6                             0x08000958   Number         4  air001xx_hal_rcc.o(.text.HAL_RCC_OscConfig)
    __arm_cp.1_7                             0x0800095c   Number         4  air001xx_hal_rcc.o(.text.HAL_RCC_OscConfig)
    __arm_cp.1_8                             0x08000960   Number         4  air001xx_hal_rcc.o(.text.HAL_RCC_OscConfig)
    [Anonymous Symbol]                       0x08000964   Section        0  air001xx_hal_cortex.o(.text.HAL_SYSTICK_Config)
    __arm_cp.4_0                             0x0800098c   Number         4  air001xx_hal_cortex.o(.text.HAL_SYSTICK_Config)
    __arm_cp.4_1                             0x08000990   Number         4  air001xx_hal_cortex.o(.text.HAL_SYSTICK_Config)
    __arm_cp.4_2                             0x08000994   Number         4  air001xx_hal_cortex.o(.text.HAL_SYSTICK_Config)
    [Anonymous Symbol]                       0x08000998   Section        0  air001xx_it.o(.text.HardFault_Handler)
    [Anonymous Symbol]                       0x0800099a   Section        0  air001xx_it.o(.text.NMI_Handler)
    [Anonymous Symbol]                       0x0800099c   Section        0  air001xx_it.o(.text.PendSV_Handler)
    [Anonymous Symbol]                       0x0800099e   Section        0  air001xx_it.o(.text.SVC_Handler)
    [Anonymous Symbol]                       0x080009a0   Section        0  air001xx_it.o(.text.SysTick_Handler)
    [Anonymous Symbol]                       0x080009a8   Section        0  system_air001xx.o(.text.SystemInit)
    __arm_cp.1_0                             0x080009c8   Number         4  system_air001xx.o(.text.SystemInit)
    __arm_cp.1_1                             0x080009cc   Number         4  system_air001xx.o(.text.SystemInit)
    __arm_cp.1_2                             0x080009d0   Number         4  system_air001xx.o(.text.SystemInit)
    __arm_cp.1_3                             0x080009d4   Number         4  system_air001xx.o(.text.SystemInit)
    [Anonymous Symbol]                       0x080009d8   Section        0  main.o(.text.main)
    __arm_cp.0_0                             0x08000a8c   Number         4  main.o(.text.main)
    __arm_cp.0_1                             0x08000a90   Number         4  main.o(.text.main)
    __arm_cp.0_2                             0x08000a94   Number         4  main.o(.text.main)
    i.__scatterload_copy                     0x08000a98   Section       14  handlers.o(i.__scatterload_copy)
    i.__scatterload_null                     0x08000aa6   Section        2  handlers.o(i.__scatterload_null)
    i.__scatterload_zeroinit                 0x08000aa8   Section       14  handlers.o(i.__scatterload_zeroinit)
    [Anonymous Symbol]                       0x08000ab8   Section        0  air001xx_hal_rcc.o(.rodata..L__const.HAL_RCC_GetSysClockFreq.hsiValue)
    STACK                                    0x200000d8   Section     1024  startup_air001_dev.o(STACK)

    Global Symbols

    Symbol Name                              Value     Ov Type        Size  Object(Section)

    BuildAttributes$$THM_ISAv3M$S$PE$A:L22$X:L11$S22$IEEE1$IW$~IW$USESV6$~STKCKD$USESV7$~SHL$OTIME$EBA8$MICROLIB$REQ8$PRES8$EABIv2 0x00000000   Number         0  anon$$obj.o ABSOLUTE
    __cpp_initialize__aeabi_                  - Undefined Weak Reference
    __cxa_finalize                            - Undefined Weak Reference
    __decompress                              - Undefined Weak Reference
    _clock_init                               - Undefined Weak Reference
    _microlib_exit                            - Undefined Weak Reference
    __Vectors_Size                           0x000000c0   Number         0  startup_air001_dev.o ABSOLUTE
    __Vectors                                0x08000000   Data           4  startup_air001_dev.o(RESET)
    __Vectors_End                            0x080000c0   Data           0  startup_air001_dev.o(RESET)
    __main                                   0x080000c1   Thumb Code     0  entry.o(.ARM.Collect$$$$00000000)
    _main_stk                                0x080000c1   Thumb Code     0  entry2.o(.ARM.Collect$$$$00000001)
    _main_scatterload                        0x080000c5   Thumb Code     0  entry5.o(.ARM.Collect$$$$00000004)
    __main_after_scatterload                 0x080000c9   Thumb Code     0  entry5.o(.ARM.Collect$$$$00000004)
    _main_clock                              0x080000c9   Thumb Code     0  entry7b.o(.ARM.Collect$$$$00000008)
    _main_cpp_init                           0x080000c9   Thumb Code     0  entry8b.o(.ARM.Collect$$$$0000000A)
    _main_init                               0x080000c9   Thumb Code     0  entry9a.o(.ARM.Collect$$$$0000000B)
    __rt_final_cpp                           0x080000d1   Thumb Code     0  entry10a.o(.ARM.Collect$$$$0000000D)
    __rt_final_exit                          0x080000d1   Thumb Code     0  entry11a.o(.ARM.Collect$$$$0000000F)
    Reset_Handler                            0x080000d5   Thumb Code     8  startup_air001_dev.o(.text)
    ADC_COMP_IRQHandler                      0x080000e7   Thumb Code     0  startup_air001_dev.o(.text)
    DMA1_Channel1_IRQHandler                 0x080000e7   Thumb Code     0  startup_air001_dev.o(.text)
    DMA1_Channel2_3_IRQHandler               0x080000e7   Thumb Code     0  startup_air001_dev.o(.text)
    EXTI4_15_IRQHandler                      0x080000e7   Thumb Code     0  startup_air001_dev.o(.text)
    FLASH_IRQHandler                         0x080000e7   Thumb Code     0  startup_air001_dev.o(.text)
    I2C1_IRQHandler                          0x080000e7   Thumb Code     0  startup_air001_dev.o(.text)
    LED_IRQHandler                           0x080000e7   Thumb Code     0  startup_air001_dev.o(.text)
    LPTIM1_IRQHandler                        0x080000e7   Thumb Code     0  startup_air001_dev.o(.text)
    PVD_IRQHandler                           0x080000e7   Thumb Code     0  startup_air001_dev.o(.text)
    RCC_IRQHandler                           0x080000e7   Thumb Code     0  startup_air001_dev.o(.text)
    RTC_IRQHandler                           0x080000e7   Thumb Code     0  startup_air001_dev.o(.text)
    SPI1_IRQHandler                          0x080000e7   Thumb Code     0  startup_air001_dev.o(.text)
    SPI2_IRQHandler                          0x080000e7   Thumb Code     0  startup_air001_dev.o(.text)
    TIM14_IRQHandler                         0x080000e7   Thumb Code     0  startup_air001_dev.o(.text)
    TIM16_IRQHandler                         0x080000e7   Thumb Code     0  startup_air001_dev.o(.text)
    TIM17_IRQHandler                         0x080000e7   Thumb Code     0  startup_air001_dev.o(.text)
    TIM1_BRK_UP_TRG_COM_IRQHandler           0x080000e7   Thumb Code     0  startup_air001_dev.o(.text)
    TIM1_CC_IRQHandler                       0x080000e7   Thumb Code     0  startup_air001_dev.o(.text)
    TIM3_IRQHandler                          0x080000e7   Thumb Code     0  startup_air001_dev.o(.text)
    USART1_IRQHandler                        0x080000e7   Thumb Code     0  startup_air001_dev.o(.text)
    USART2_IRQHandler                        0x080000e7   Thumb Code     0  startup_air001_dev.o(.text)
    WWDG_IRQHandler                          0x080000e7   Thumb Code     0  startup_air001_dev.o(.text)
    __aeabi_memset                           0x080000f1   Thumb Code    14  memseta.o(.text)
    __aeabi_memset4                          0x080000f1   Thumb Code     0  memseta.o(.text)
    __aeabi_memset8                          0x080000f1   Thumb Code     0  memseta.o(.text)
    __aeabi_memclr                           0x080000ff   Thumb Code     4  memseta.o(.text)
    __aeabi_memclr4                          0x080000ff   Thumb Code     0  memseta.o(.text)
    __aeabi_memclr8                          0x080000ff   Thumb Code     0  memseta.o(.text)
    _memset$wrapper                          0x08000103   Thumb Code    18  memseta.o(.text)
    __aeabi_uidiv                            0x08000115   Thumb Code     0  uidiv_div0.o(.text)
    __aeabi_uidivmod                         0x08000115   Thumb Code    62  uidiv_div0.o(.text)
    __scatterload                            0x08000155   Thumb Code    28  init.o(.text)
    __scatterload_rt2                        0x08000155   Thumb Code     0  init.o(.text)
    main                                     0x08000179   Thumb Code    36  system_air001xx.o(.text.$Sub$$main)
    EXTI0_1_IRQHandler                       0x080001a5   Thumb Code     2  air001xx_it.o(.text.EXTI0_1_IRQHandler)
    EXTI2_3_IRQHandler                       0x080001a7   Thumb Code     2  air001xx_it.o(.text.EXTI2_3_IRQHandler)
    HAL_GetTick                              0x080001a9   Thumb Code     8  air001xx_hal.o(.text.HAL_GetTick)
    HAL_IncTick                              0x080001b1   Thumb Code    16  air001xx_hal.o(.text.HAL_IncTick)
    HAL_Init                                 0x080001c5   Thumb Code    26  air001xx_hal.o(.text.HAL_Init)
    HAL_InitTick                             0x080001e1   Thumb Code    64  air001xx_hal.o(.text.HAL_InitTick)
    HAL_MspInit                              0x08000225   Thumb Code     2  air001xx_hal.o(.text.HAL_MspInit)
    HAL_NVIC_SetPriority                     0x08000229   Thumb Code    48  air001xx_hal_cortex.o(.text.HAL_NVIC_SetPriority)
    HAL_RCC_ClockConfig                      0x08000261   Thumb Code   492  air001xx_hal_rcc.o(.text.HAL_RCC_ClockConfig)
    HAL_RCC_GetSysClockFreq                  0x08000461   Thumb Code   132  air001xx_hal_rcc.o(.text.HAL_RCC_GetSysClockFreq)
    HAL_RCC_OscConfig                        0x080004f5   Thumb Code  1100  air001xx_hal_rcc.o(.text.HAL_RCC_OscConfig)
    HAL_SYSTICK_Config                       0x08000965   Thumb Code    40  air001xx_hal_cortex.o(.text.HAL_SYSTICK_Config)
    HardFault_Handler                        0x08000999   Thumb Code     2  air001xx_it.o(.text.HardFault_Handler)
    NMI_Handler                              0x0800099b   Thumb Code     2  air001xx_it.o(.text.NMI_Handler)
    PendSV_Handler                           0x0800099d   Thumb Code     2  air001xx_it.o(.text.PendSV_Handler)
    SVC_Handler                              0x0800099f   Thumb Code     2  air001xx_it.o(.text.SVC_Handler)
    SysTick_Handler                          0x080009a1   Thumb Code     8  air001xx_it.o(.text.SysTick_Handler)
    SystemInit                               0x080009a9   Thumb Code    32  system_air001xx.o(.text.SystemInit)
    $Super$$main                             0x080009d9   Thumb Code   180  main.o(.text.main)
    __scatterload_copy                       0x08000a99   Thumb Code    14  handlers.o(i.__scatterload_copy)
    __scatterload_null                       0x08000aa7   Thumb Code     2  handlers.o(i.__scatterload_null)
    __scatterload_zeroinit                   0x08000aa9   Thumb Code    14  handlers.o(i.__scatterload_zeroinit)
    AHBPrescTable                            0x08000acc   Data          64  system_air001xx.o(.rodata.AHBPrescTable)
    HSIFreqTable                             0x08000b0c   Data          32  system_air001xx.o(.rodata.HSIFreqTable)
    Region$$Table$$Base                      0x08000b2c   Number         0  anon$$obj.o(Region$$Table)
    Region$$Table$$Limit                     0x08000b4c   Number         0  anon$$obj.o(Region$$Table)
    VECT_SRAM_TAB                            0x20000000   Data         192  system_air001xx.o(.ARM.__at_0x20000000)
    SystemCoreClock                          0x200000c0   Data           4  system_air001xx.o(.data.SystemCoreClock)
    uwTickFreq                               0x200000c4   Data           4  air001xx_hal.o(.data.uwTickFreq)
    uwTickPrio                               0x200000c8   Data           4  air001xx_hal.o(.data.uwTickPrio)
    uwTick                                   0x200000d0   Data           4  air001xx_hal.o(.bss.uwTick)
    __initial_sp                             0x200004d8   Data           0  startup_air001_dev.o(STACK)



==============================================================================

Memory Map of the image

  Image Entry point : 0x080000d5

  Load Region LR_1 (Base: 0x08000000, Size: 0x00000c18, Max: 0xffffffff, ABSOLUTE)

    Execution Region ER_RO (Exec base: 0x08000000, Load base: 0x08000000, Size: 0x00000b4c, Max: 0xffffffff, ABSOLUTE)

    Exec Addr    Load Addr    Size         Type   Attr      Idx    E Section Name        Object

    0x08000000   0x08000000   0x000000c0   Data   RO          309    RESET               startup_air001_dev.o
    0x080000c0   0x080000c0   0x00000000   Code   RO          335  * .ARM.Collect$$$$00000000  mc_p.l(entry.o)
    0x080000c0   0x080000c0   0x00000004   Code   RO          346    .ARM.Collect$$$$00000001  mc_p.l(entry2.o)
    0x080000c4   0x080000c4   0x00000004   Code   RO          349    .ARM.Collect$$$$00000004  mc_p.l(entry5.o)
    0x080000c8   0x080000c8   0x00000000   Code   RO          351    .ARM.Collect$$$$00000008  mc_p.l(entry7b.o)
    0x080000c8   0x080000c8   0x00000000   Code   RO          353    .ARM.Collect$$$$0000000A  mc_p.l(entry8b.o)
    0x080000c8   0x080000c8   0x00000008   Code   RO          354    .ARM.Collect$$$$0000000B  mc_p.l(entry9a.o)
    0x080000d0   0x080000d0   0x00000000   Code   RO          356    .ARM.Collect$$$$0000000D  mc_p.l(entry10a.o)
    0x080000d0   0x080000d0   0x00000000   Code   RO          358    .ARM.Collect$$$$0000000F  mc_p.l(entry11a.o)
    0x080000d0   0x080000d0   0x00000004   Code   RO          347    .ARM.Collect$$$$00002712  mc_p.l(entry2.o)
    0x080000d4   0x080000d4   0x0000001c   Code   RO          310  * .text               startup_air001_dev.o
    0x080000f0   0x080000f0   0x00000024   Code   RO          344    .text               mc_p.l(memseta.o)
    0x08000114   0x08000114   0x0000003e   Code   RO          364    .text               mc_p.l(uidiv_div0.o)
    0x08000152   0x08000152   0x00000002   PAD
    0x08000154   0x08000154   0x00000024   Code   RO          370    .text               mc_p.l(init.o)
    0x08000178   0x08000178   0x0000002c   Code   RO          321    .text.$Sub$$main    system_air001xx.o
    0x080001a4   0x080001a4   0x00000002   Code   RO          277    .text.EXTI0_1_IRQHandler  air001xx_it.o
    0x080001a6   0x080001a6   0x00000002   Code   RO          279    .text.EXTI2_3_IRQHandler  air001xx_it.o
    0x080001a8   0x080001a8   0x00000008   Code   RO           14    .text.HAL_GetTick   air001xx_hal.o
    0x080001b0   0x080001b0   0x00000014   Code   RO           12    .text.HAL_IncTick   air001xx_hal.o
    0x080001c4   0x080001c4   0x0000001a   Code   RO            2    .text.HAL_Init      air001xx_hal.o
    0x080001de   0x080001de   0x00000002   PAD
    0x080001e0   0x080001e0   0x00000044   Code   RO            4    .text.HAL_InitTick  air001xx_hal.o
    0x08000224   0x08000224   0x00000002   Code   RO            6    .text.HAL_MspInit   air001xx_hal.o
    0x08000226   0x08000226   0x00000002   PAD
    0x08000228   0x08000228   0x00000038   Code   RO           57    .text.HAL_NVIC_SetPriority  air001xx_hal_cortex.o
    0x08000260   0x08000260   0x00000200   Code   RO          146    .text.HAL_RCC_ClockConfig  air001xx_hal_rcc.o
    0x08000460   0x08000460   0x00000094   Code   RO          144    .text.HAL_RCC_GetSysClockFreq  air001xx_hal_rcc.o
    0x080004f4   0x080004f4   0x00000470   Code   RO          142    .text.HAL_RCC_OscConfig  air001xx_hal_rcc.o
    0x08000964   0x08000964   0x00000034   Code   RO           65    .text.HAL_SYSTICK_Config  air001xx_hal_cortex.o
    0x08000998   0x08000998   0x00000002   Code   RO          269    .text.HardFault_Handler  air001xx_it.o
    0x0800099a   0x0800099a   0x00000002   Code   RO          267    .text.NMI_Handler   air001xx_it.o
    0x0800099c   0x0800099c   0x00000002   Code   RO          273    .text.PendSV_Handler  air001xx_it.o
    0x0800099e   0x0800099e   0x00000002   Code   RO          271    .text.SVC_Handler   air001xx_it.o
    0x080009a0   0x080009a0   0x00000008   Code   RO          275    .text.SysTick_Handler  air001xx_it.o
    0x080009a8   0x080009a8   0x00000030   Code   RO          319    .text.SystemInit    system_air001xx.o
    0x080009d8   0x080009d8   0x000000c0   Code   RO          296    .text.main          main.o
    0x08000a98   0x08000a98   0x0000000e   Code   RO          374    i.__scatterload_copy  mc_p.l(handlers.o)
    0x08000aa6   0x08000aa6   0x00000002   Code   RO          375    i.__scatterload_null  mc_p.l(handlers.o)
    0x08000aa8   0x08000aa8   0x0000000e   Code   RO          376    i.__scatterload_zeroinit  mc_p.l(handlers.o)
    0x08000ab6   0x08000ab6   0x00000002   PAD
    0x08000ab8   0x08000ab8   0x00000014   Data   RO          170    .rodata..L__const.HAL_RCC_GetSysClockFreq.hsiValue  air001xx_hal_rcc.o
    0x08000acc   0x08000acc   0x00000040   Data   RO          324    .rodata.AHBPrescTable  system_air001xx.o
    0x08000b0c   0x08000b0c   0x00000020   Data   RO          326    .rodata.HSIFreqTable  system_air001xx.o
    0x08000b2c   0x08000b2c   0x00000020   Data   RO          373    Region$$Table       anon$$obj.o


    Execution Region ER_RW (Exec base: 0x20000000, Load base: 0x08000b4c, Size: 0x000000cc, Max: 0xffffffff, ABSOLUTE)

    Exec Addr    Load Addr    Size         Type   Attr      Idx    E Section Name        Object

    0x20000000   0x08000b4c   0x000000c0   Data   RW          327    .ARM.__at_0x20000000  system_air001xx.o
    0x200000c0   0x08000c0c   0x00000004   Data   RW          323    .data.SystemCoreClock  system_air001xx.o
    0x200000c4   0x08000c10   0x00000004   Data   RW           47    .data.uwTickFreq    air001xx_hal.o
    0x200000c8   0x08000c14   0x00000004   Data   RW           46    .data.uwTickPrio    air001xx_hal.o


    Execution Region ER_ZI (Exec base: 0x200000d0, Load base: 0x08000c18, Size: 0x00000408, Max: 0xffffffff, ABSOLUTE)

    Exec Addr    Load Addr    Size         Type   Attr      Idx    E Section Name        Object

    0x200000d0        -       0x00000004   Zero   RW           48    .bss.uwTick         air001xx_hal.o
    0x200000d4   0x08000c18   0x00000004   PAD
    0x200000d8        -       0x00000400   Zero   RW          307    STACK               startup_air001_dev.o


==============================================================================

Image component sizes


      Code (inc. data)   RO Data    RW Data    ZI Data      Debug   Object Name

       124          8          0          8          4       5314   air001xx_hal.o
       108         20          0          0          0       5461   air001xx_hal_cortex.o
      1796         96         20          0          0       9214   air001xx_hal_rcc.o
        20          0          0          0          0        826   air001xx_it.o
       192         12          0          0          0       2491   main.o
        28          8        192          0       1024        640   startup_air001_dev.o
        92         24         96        196          0       2429   system_air001xx.o

    ----------------------------------------------------------------------
      2364        168        340        204       1032      26375   Object Totals
         0          0         32          0          0          0   (incl. Generated)
         4          0          0          0          4          0   (incl. Padding)

    ----------------------------------------------------------------------

      Code (inc. data)   RO Data    RW Data    ZI Data      Debug   Library Member Name

         0          0          0          0          0          0   entry.o
         0          0          0          0          0          0   entry10a.o
         0          0          0          0          0          0   entry11a.o
         8          4          0          0          0          0   entry2.o
         4          0          0          0          0          0   entry5.o
         0          0          0          0          0          0   entry7b.o
         0          0          0          0          0          0   entry8b.o
         8          4          0          0          0          0   entry9a.o
        30          0          0          0          0          0   handlers.o
        36          8          0          0          0         68   init.o
        36          0          0          0          0        100   memseta.o
        62          0          0          0          0         72   uidiv_div0.o

    ----------------------------------------------------------------------
       188         16          0          0          0        240   Library Totals
         4          0          0          0          0          0   (incl. Padding)

    ----------------------------------------------------------------------

      Code (inc. data)   RO Data    RW Data    ZI Data      Debug   Library Name

       184         16          0          0          0        240   mc_p.l

    ----------------------------------------------------------------------
       188         16          0          0          0        240   Library Totals

    ----------------------------------------------------------------------

==============================================================================


      Code (inc. data)   RO Data    RW Data    ZI Data      Debug   

      2552        184        340        204       1032      26667   Grand Totals
      2552        184        340        204       1032      26667   ELF Image Totals
      2552        184        340        204          0          0   ROM Totals

==============================================================================

    Total RO  Size (Code + RO Data)                 2892 (   2.82kB)
    Total RW  Size (RW Data + ZI Data)              1236 (   1.21kB)
    Total ROM Size (Code + RO Data + RW Data)       3096 (   3.02kB)

==============================================================================

