Component: ARM Compiler 6.14 Tool: armlink [5db06800]

==============================================================================

Section Cross References

    air001xx_hal.o(.text.HAL_Init) refers to air001xx_hal.o(.text.HAL_InitTick) for HAL_InitTick
    air001xx_hal.o(.text.HAL_Init) refers to spi_1.o(.text.HAL_MspInit) for HAL_MspInit
    air001xx_hal.o(.ARM.exidx.text.HAL_Init) refers to air001xx_hal.o(.text.HAL_Init) for [Anonymous Symbol]
    air001xx_hal.o(.text.HAL_InitTick) refers to uidiv.o(.text) for __aeabi_uidiv
    air001xx_hal.o(.text.HAL_InitTick) refers to air001xx_hal_cortex.o(.text.HAL_SYSTICK_Config) for HAL_SYSTICK_Config
    air001xx_hal.o(.text.HAL_InitTick) refers to air001xx_hal_cortex.o(.text.HAL_NVIC_SetPriority) for HAL_NVIC_SetPriority
    air001xx_hal.o(.text.HAL_InitTick) refers to air001xx_hal.o(.data.uwTickFreq) for uwTickFreq
    air001xx_hal.o(.text.HAL_InitTick) refers to system_air001xx.o(.data.SystemCoreClock) for SystemCoreClock
    air001xx_hal.o(.text.HAL_InitTick) refers to air001xx_hal.o(.data.uwTickPrio) for uwTickPrio
    air001xx_hal.o(.ARM.exidx.text.HAL_InitTick) refers to air001xx_hal.o(.text.HAL_InitTick) for [Anonymous Symbol]
    air001xx_hal.o(.ARM.exidx.text.HAL_MspInit) refers to air001xx_hal.o(.text.HAL_MspInit) for [Anonymous Symbol]
    air001xx_hal.o(.text.HAL_DeInit) refers to air001xx_hal.o(.text.HAL_MspDeInit) for HAL_MspDeInit
    air001xx_hal.o(.ARM.exidx.text.HAL_DeInit) refers to air001xx_hal.o(.text.HAL_DeInit) for [Anonymous Symbol]
    air001xx_hal.o(.ARM.exidx.text.HAL_MspDeInit) refers to air001xx_hal.o(.text.HAL_MspDeInit) for [Anonymous Symbol]
    air001xx_hal.o(.text.HAL_IncTick) refers to air001xx_hal.o(.data.uwTickFreq) for uwTickFreq
    air001xx_hal.o(.text.HAL_IncTick) refers to air001xx_hal.o(.bss.uwTick) for uwTick
    air001xx_hal.o(.ARM.exidx.text.HAL_IncTick) refers to air001xx_hal.o(.text.HAL_IncTick) for [Anonymous Symbol]
    air001xx_hal.o(.text.HAL_GetTick) refers to air001xx_hal.o(.bss.uwTick) for uwTick
    air001xx_hal.o(.ARM.exidx.text.HAL_GetTick) refers to air001xx_hal.o(.text.HAL_GetTick) for [Anonymous Symbol]
    air001xx_hal.o(.text.HAL_GetTickPrio) refers to air001xx_hal.o(.data.uwTickPrio) for uwTickPrio
    air001xx_hal.o(.ARM.exidx.text.HAL_GetTickPrio) refers to air001xx_hal.o(.text.HAL_GetTickPrio) for [Anonymous Symbol]
    air001xx_hal.o(.text.HAL_SetTickFreq) refers to air001xx_hal.o(.text.HAL_InitTick) for HAL_InitTick
    air001xx_hal.o(.text.HAL_SetTickFreq) refers to air001xx_hal.o(.data.uwTickFreq) for uwTickFreq
    air001xx_hal.o(.text.HAL_SetTickFreq) refers to air001xx_hal.o(.data.uwTickPrio) for uwTickPrio
    air001xx_hal.o(.ARM.exidx.text.HAL_SetTickFreq) refers to air001xx_hal.o(.text.HAL_SetTickFreq) for [Anonymous Symbol]
    air001xx_hal.o(.text.HAL_GetTickFreq) refers to air001xx_hal.o(.data.uwTickFreq) for uwTickFreq
    air001xx_hal.o(.ARM.exidx.text.HAL_GetTickFreq) refers to air001xx_hal.o(.text.HAL_GetTickFreq) for [Anonymous Symbol]
    air001xx_hal.o(.text.HAL_Delay) refers to air001xx_hal.o(.text.HAL_GetTick) for HAL_GetTick
    air001xx_hal.o(.text.HAL_Delay) refers to air001xx_hal.o(.data.uwTickFreq) for uwTickFreq
    air001xx_hal.o(.ARM.exidx.text.HAL_Delay) refers to air001xx_hal.o(.text.HAL_Delay) for [Anonymous Symbol]
    air001xx_hal.o(.ARM.exidx.text.HAL_SuspendTick) refers to air001xx_hal.o(.text.HAL_SuspendTick) for [Anonymous Symbol]
    air001xx_hal.o(.ARM.exidx.text.HAL_ResumeTick) refers to air001xx_hal.o(.text.HAL_ResumeTick) for [Anonymous Symbol]
    air001xx_hal.o(.ARM.exidx.text.HAL_GetHalVersion) refers to air001xx_hal.o(.text.HAL_GetHalVersion) for [Anonymous Symbol]
    air001xx_hal.o(.ARM.exidx.text.HAL_GetREVID) refers to air001xx_hal.o(.text.HAL_GetREVID) for [Anonymous Symbol]
    air001xx_hal.o(.ARM.exidx.text.HAL_GetDEVID) refers to air001xx_hal.o(.text.HAL_GetDEVID) for [Anonymous Symbol]
    air001xx_hal.o(.ARM.exidx.text.HAL_GetUIDw0) refers to air001xx_hal.o(.text.HAL_GetUIDw0) for [Anonymous Symbol]
    air001xx_hal.o(.ARM.exidx.text.HAL_GetUIDw1) refers to air001xx_hal.o(.text.HAL_GetUIDw1) for [Anonymous Symbol]
    air001xx_hal.o(.ARM.exidx.text.HAL_GetUIDw2) refers to air001xx_hal.o(.text.HAL_GetUIDw2) for [Anonymous Symbol]
    air001xx_hal.o(.ARM.exidx.text.HAL_DBGMCU_EnableDBGMCUStopMode) refers to air001xx_hal.o(.text.HAL_DBGMCU_EnableDBGMCUStopMode) for [Anonymous Symbol]
    air001xx_hal.o(.ARM.exidx.text.HAL_DBGMCU_DisableDBGMCUStopMode) refers to air001xx_hal.o(.text.HAL_DBGMCU_DisableDBGMCUStopMode) for [Anonymous Symbol]
    air001xx_hal.o(.ARM.exidx.text.HAL_SYSCFG_DMA_Req) refers to air001xx_hal.o(.text.HAL_SYSCFG_DMA_Req) for [Anonymous Symbol]
    air001xx_hal_cortex.o(.ARM.exidx.text.HAL_NVIC_SetPriority) refers to air001xx_hal_cortex.o(.text.HAL_NVIC_SetPriority) for [Anonymous Symbol]
[...]
    air001xx_it.o(.text.USART1_IRQHandler) refers to uart.o(.bss.UartHandle) for UartHandle
    air001xx_it.o(.text.USART1_IRQHandler) refers to air001xx_it.o(.bss.ch) for ch
    air001xx_it.o(.text.USART1_IRQHandler) refers to air001xx_it.o(.bss.count) for count
    air001xx_it.o(.text.USART1_IRQHandler) refers to main.o(.bss.rx_buffer) for rx_buffer
    air001xx_it.o(.text.USART1_IRQHandler) refers to main.o(.bss.RxFlag) for RxFlag
    air001xx_it.o(.ARM.exidx.text.USART1_IRQHandler) refers to air001xx_it.o(.text.USART1_IRQHandler) for [Anonymous Symbol]
    main.o(.text.Color_Browse) refers to memseta.o(.text) for __aeabi_memset
    main.o(.text.Color_Browse) refers to spi_1.o(.text.WS2812B_SendRGB) for WS2812B_SendRGB
    main.o(.text.Color_Browse) refers to air001xx_hal.o(.text.HAL_Delay) for HAL_Delay
    main.o(.text.Color_Browse) refers to main.o(.bss.i) for i
    main.o(.text.Color_Browse) refers to spi_1.o(.bss.RGB_SHOW_NOW) for RGB_SHOW_NOW
    main.o(.ARM.exidx.text.Color_Browse) refers to main.o(.text.Color_Browse) for [Anonymous Symbol]
    main.o(.text.main) refers to air001xx_hal.o(.text.HAL_Init) for HAL_Init
    main.o(.text.main) refers to air001xx_hal_rcc.o(.text.HAL_RCC_OscConfig) for HAL_RCC_OscConfig
    main.o(.text.main) refers to air001xx_hal_rcc.o(.text.HAL_RCC_ClockConfig) for HAL_RCC_ClockConfig
    main.o(.text.main) refers to uart.o(.text.Uart_Init) for Uart_Init
    main.o(.text.main) refers to spi_1.o(.text.SPI_CONFIG) for SPI_CONFIG
    main.o(.text.main) refers to air001xx_hal_iwdg.o(.text.HAL_IWDG_Init) for HAL_IWDG_Init
    main.o(.text.main) refers to air001xx_hal_uart.o(.text.HAL_UART_IRQHandler) for HAL_UART_IRQHandler
    main.o(.text.main) refers to spi_1.o(.text.WS2812B_SendRGB) for WS2812B_SendRGB
    main.o(.text.main) refers to memcpya.o(.text) for __aeabi_memcpy
    main.o(.text.main) refers to air001xx_hal_iwdg.o(.text.HAL_IWDG_Refresh) for HAL_IWDG_Refresh
    main.o(.text.main) refers to spi_1.o(.text.SetColor) for SetColor
    main.o(.text.main) refers to main.o(.bss.IwdgHandle) for IwdgHandle
    main.o(.text.main) refers to main.o(.bss.i) for i
    main.o(.text.main) refers to main.o(.bss.rx_buffer) for rx_buffer
    main.o(.text.main) refers to main.o(.data.led_map) for led_map
    main.o(.text.main) refers to spi_1.o(.bss.RGB_SHOW_NOW) for RGB_SHOW_NOW
    main.o(.text.main) refers to uart.o(.bss.UartHandle) for UartHandle
    main.o(.text.main) refers to main.o(.bss.resetFlag) for resetFlag
    main.o(.text.main) refers to main.o(.bss.rgb_range) for rgb_range
    main.o(.text.main) refers to main.o(.bss.rgb_range_old) for rgb_range_old
    main.o(.text.main) refers to main.o(.bss.tran_count) for tran_count
    main.o(.text.main) refers to main.o(.bss.rgbflag) for rgbflag
    main.o(.text.main) refers to main.o(.bss.red) for red
    main.o(.ARM.exidx.text.main) refers to main.o(.text.main) for [Anonymous Symbol]
    main.o(.ARM.exidx.text.Error_Handler) refers to main.o(.text.Error_Handler) for [Anonymous Symbol]
    uart.o(.text.Uart_Init) refers to air001xx_hal_gpio.o(.text.HAL_GPIO_Init) for HAL_GPIO_Init
    uart.o(.text.Uart_Init) refers to air001xx_hal_uart.o(.text.HAL_UART_Init) for HAL_UART_Init
    uart.o(.text.Uart_Init) refers to air001xx_hal_cortex.o(.text.HAL_NVIC_SetPriority) for HAL_NVIC_SetPriority
    uart.o(.text.Uart_Init) refers to air001xx_hal_cortex.o(.text.HAL_NVIC_EnableIRQ) for HAL_NVIC_EnableIRQ
    uart.o(.text.Uart_Init) refers to uart.o(.bss.UartHandle) for UartHandle
    uart.o(.ARM.exidx.text.Uart_Init) refers to uart.o(.text.Uart_Init) for [Anonymous Symbol]
    uart.o(.text.Usart_SendString) refers to air001xx_hal_uart.o(.text.HAL_UART_Transmit) for HAL_UART_Transmit
    uart.o(.text.Usart_SendString) refers to uart.o(.bss.UartHandle) for UartHandle
    uart.o(.ARM.exidx.text.Usart_SendString) refers to uart.o(.text.Usart_SendString) for [Anonymous Symbol]
    uart.o(.text.fputc) refers to air001xx_hal_uart.o(.text.HAL_UART_Transmit) for HAL_UART_Transmit
    uart.o(.text.fputc) refers to uart.o(.bss.UartHandle) for UartHandle
    uart.o(.ARM.exidx.text.fputc) refers to uart.o(.text.fputc) for [Anonymous Symbol]
    uart.o(.text.fgetc) refers to air001xx_hal_uart.o(.text.HAL_UART_Receive) for HAL_UART_Receive
    uart.o(.text.fgetc) refers to uart.o(.bss.UartHandle) for UartHandle
    uart.o(.ARM.exidx.text.fgetc) refers to uart.o(.text.fgetc) for [Anonymous Symbol]
    spi_1.o(.ARM.exidx.text.HAL_MspInit) refers to spi_1.o(.text.HAL_MspInit) for [Anonymous Symbol]
    spi_1.o(.text.HAL_SPI_MspInit) refers to air001xx_hal_gpio.o(.text.HAL_GPIO_Init) for HAL_GPIO_Init
    spi_1.o(.ARM.exidx.text.HAL_SPI_MspInit) refers to spi_1.o(.text.HAL_SPI_MspInit) for [Anonymous Symbol]
    spi_1.o(.text.SPI_CONFIG) refers to air001xx_hal_spi.o(.text.HAL_SPI_DeInit) for HAL_SPI_DeInit
    spi_1.o(.text.SPI_CONFIG) refers to main.o(.text.Error_Handler) for Error_Handler
    spi_1.o(.text.SPI_CONFIG) refers to air001xx_hal_spi.o(.text.HAL_SPI_Init) for HAL_SPI_Init
    spi_1.o(.text.SPI_CONFIG) refers to spi_1.o(.bss.Spi1Handle) for Spi1Handle
    spi_1.o(.ARM.exidx.text.SPI_CONFIG) refers to spi_1.o(.text.SPI_CONFIG) for [Anonymous Symbol]
    spi_1.o(.text.WS2812_RESET) refers to memseta.o(.text) for __aeabi_memclr
    spi_1.o(.text.WS2812_RESET) refers to air001xx_hal_spi.o(.text.HAL_SPI_Transmit) for HAL_SPI_Transmit
    spi_1.o(.text.WS2812_RESET) refers to spi_1.o(.bss.Spi1Handle) for Spi1Handle
    spi_1.o(.ARM.exidx.text.WS2812_RESET) refers to spi_1.o(.text.WS2812_RESET) for [Anonymous Symbol]
    spi_1.o(.text.WS2812B_SendRGB) refers to air001xx_hal_spi.o(.text.HAL_SPI_Transmit) for HAL_SPI_Transmit
    spi_1.o(.text.WS2812B_SendRGB) refers to spi_1.o(.bss.data) for data
    spi_1.o(.text.WS2812B_SendRGB) refers to spi_1.o(.bss.Spi1Handle) for Spi1Handle
    spi_1.o(.ARM.exidx.text.WS2812B_SendRGB) refers to spi_1.o(.text.WS2812B_SendRGB) for [Anonymous Symbol]
    spi_1.o(.text.SetColor) refers to spi_1.o(.bss.RGB_SHOW_NOW) for RGB_SHOW_NOW
    spi_1.o(.ARM.exidx.text.SetColor) refers to spi_1.o(.text.SetColor) for [Anonymous Symbol]
    startup_air001_dev.o(RESET) refers to startup_air001_dev.o(STACK) for __initial_sp
    startup_air001_dev.o(RESET) refers to startup_air001_dev.o(.text) for Reset_Handler
    startup_air001_dev.o(RESET) refers to air001xx_it.o(.text.NMI_Handler) for NMI_Handler
    startup_air001_dev.o(RESET) refers to air001xx_it.o(.text.HardFault_Handler) for HardFault_Handler
    startup_air001_dev.o(RESET) refers to air001xx_it.o(.text.SVC_Handler) for SVC_Handler
    startup_air001_dev.o(RESET) refers to air001xx_it.o(.text.PendSV_Handler) for PendSV_Handler
    startup_air001_dev.o(RESET) refers to air001xx_it.o(.text.SysTick_Handler) for SysTick_Handler
    startup_air001_dev.o(RESET) refers to air001xx_it.o(.text.USART1_IRQHandler) for USART1_IRQHandler
    startup_air001_dev.o(.text) refers to system_air001xx.o(.text.SystemInit) for SystemInit
    startup_air001_dev.o(.text) refers to entry.o(.ARM.Collect$$$$00000000) for __main
    system_air001xx.o(.text.SystemCoreClockUpdate) refers to system_air001xx.o(.rodata.HSIFreqTable) for HSIFreqTable
    system_air001xx.o(.text.SystemCoreClockUpdate) refers to system_air001xx.o(.data.SystemCoreClock) for SystemCoreClock
    system_air001xx.o(.text.SystemCoreClockUpdate) refers to system_air001xx.o(.rodata.AHBPrescTable) for AHBPrescTable
    system_air001xx.o(.ARM.exidx.text.SystemCoreClockUpdate) refers to system_air001xx.o(.text.SystemCoreClockUpdate) for [Anonymous Symbol]
    system_air001xx.o(.ARM.exidx.text.SystemInit) refers to system_air001xx.o(.text.SystemInit) for [Anonymous Symbol]
    system_air001xx.o(.text.$Sub$$main) refers to main.o(.text.main) for $Super$$main
    system_air001xx.o(.text.$Sub$$main) refers to system_air001xx.o(.ARM.__at_0x20000000) for VECT_SRAM_TAB
    system_air001xx.o(.ARM.exidx.text.$Sub$$main) refers to system_air001xx.o(.text.$Sub$$main) for [Anonymous Symbol]
    entry.o(.ARM.Collect$$$$00000000) refers (Special) to entry10a.o(.ARM.Collect$$$$0000000D) for __rt_final_cpp
    entry.o(.ARM.Collect$$$$00000000) refers (Special) to entry11a.o(.ARM.Collect$$$$0000000F) for __rt_final_exit
    entry.o(.ARM.Collect$$$$00000000) refers (Special) to entry7b.o(.ARM.Collect$$$$00000008) for _main_clock
    entry.o(.ARM.Collect$$$$00000000) refers (Special) to entry8b.o(.ARM.Collect$$$$0000000A) for _main_cpp_init
    entry.o(.ARM.Collect$$$$00000000) refers (Special) to entry9a.o(.ARM.Collect$$$$0000000B) for _main_init
    entry.o(.ARM.Collect$$$$00000000) refers (Special) to entry5.o(.ARM.Collect$$$$00000004) for _main_scatterload
    entry.o(.ARM.Collect$$$$00000000) refers (Special) to entry2.o(.ARM.Collect$$$$00000001) for _main_stk
    entry2.o(.ARM.Collect$$$$00000001) refers to entry2.o(.ARM.Collect$$$$00002712) for __lit__00000000
    entry2.o(.ARM.Collect$$$$00002712) refers to startup_air001_dev.o(STACK) for __initial_sp
    entry2.o(__vectab_stack_and_reset_area) refers to startup_air001_dev.o(STACK) for __initial_sp
    entry2.o(__vectab_stack_and_reset_area) refers to entry.o(.ARM.Collect$$$$00000000) for __main
    entry5.o(.ARM.Collect$$$$00000004) refers to init.o(.text) for __scatterload
    entry9a.o(.ARM.Collect$$$$0000000B) refers to system_air001xx.o(.text.$Sub$$main) for main
    entry9b.o(.ARM.Collect$$$$0000000C) refers to system_air001xx.o(.text.$Sub$$main) for main
    init.o(.text) refers to entry5.o(.ARM.Collect$$$$00000004) for __main_after_scatterload


==============================================================================

Removing Unused input sections from the image.

    Removing air001xx_hal.o(.text), (0 bytes).
    Removing air001xx_hal.o(.ARM.exidx.text.HAL_Init), (8 bytes).
    Removing air001xx_hal.o(.ARM.exidx.text.HAL_InitTick), (8 bytes).
    Removing air001xx_hal.o(.text.HAL_MspInit), (2 bytes).
    Removing air001xx_hal.o(.ARM.exidx.text.HAL_MspInit), (8 bytes).
    Removing air001xx_hal.o(.text.HAL_DeInit), (36 bytes).
    Removing air001xx_hal.o(.ARM.exidx.text.HAL_DeInit), (8 bytes).
    Removing air001xx_hal.o(.text.HAL_MspDeInit), (2 bytes).
    Removing air001xx_hal.o(.ARM.exidx.text.HAL_MspDeInit), (8 bytes).
    Removing air001xx_hal.o(.ARM.exidx.text.HAL_IncTick), (8 bytes).
    Removing air001xx_hal.o(.ARM.exidx.text.HAL_GetTick), (8 bytes).
    Removing air001xx_hal.o(.text.HAL_GetTickPrio), (12 bytes).
    Removing air001xx_hal.o(.ARM.exidx.text.HAL_GetTickPrio), (8 bytes).
    Removing air001xx_hal.o(.text.HAL_SetTickFreq), (44 bytes).
    Removing air001xx_hal.o(.ARM.exidx.text.HAL_SetTickFreq), (8 bytes).
    Removing air001xx_hal.o(.text.HAL_GetTickFreq), (12 bytes).
    Removing air001xx_hal.o(.ARM.exidx.text.HAL_GetTickFreq), (8 bytes).
    Removing air001xx_hal.o(.text.HAL_Delay), (36 bytes).
    Removing air001xx_hal.o(.ARM.exidx.text.HAL_Delay), (8 bytes).
    Removing air001xx_hal.o(.text.HAL_SuspendTick), (16 bytes).
    Removing air001xx_hal.o(.ARM.exidx.text.HAL_SuspendTick), (8 bytes).
    Removing air001xx_hal.o(.text.HAL_ResumeTick), (16 bytes).
    Removing air001xx_hal.o(.ARM.exidx.text.HAL_ResumeTick), (8 bytes).
    Removing air001xx_hal.o(.text.HAL_GetHalVersion), (8 bytes).
    Removing air001xx_hal.o(.ARM.exidx.text.HAL_GetHalVersion), (8 bytes).
    Removing air001xx_hal.o(.text.HAL_GetREVID), (12 bytes).
    Removing air001xx_hal.o(.ARM.exidx.text.HAL_GetREVID), (8 bytes).
    Removing air001xx_hal.o(.text.HAL_GetDEVID), (20 bytes).
    Removing air001xx_hal.o(.ARM.exidx.text.HAL_GetDEVID), (8 bytes).
    Removing air001xx_hal.o(.text.HAL_GetUIDw0), (12 bytes).
    Removing air001xx_hal.o(.ARM.exidx.text.HAL_GetUIDw0), (8 bytes).
    Removing air001xx_hal.o(.text.HAL_GetUIDw1), (12 bytes).
    Removing air001xx_hal.o(.ARM.exidx.text.HAL_GetUIDw1), (8 bytes).
    Removing air001xx_hal.o(.text.HAL_GetUIDw2), (12 bytes).
    Removing air001xx_hal.o(.ARM.exidx.text.HAL_GetUIDw2), (8 bytes).
    Removing air001xx_hal.o(.text.HAL_DBGMCU_EnableDBGMCUStopMode), (16 bytes).
    Removing air001xx_hal.o(.ARM.exidx.text.HAL_DBGMCU_EnableDBGMCUStopMode), (8 bytes).
    Removing air001xx_hal.o(.text.HAL_DBGMCU_DisableDBGMCUStopMode), (16 bytes).
    Removing air001xx_hal.o(.ARM.exidx.text.HAL_DBGMCU_DisableDBGMCUStopMode), (8 bytes).
    Removing air001xx_hal.o(.text.HAL_SYSCFG_DMA_Req), (16 bytes).
    Removing air001xx_hal.o(.ARM.exidx.text.HAL_SYSCFG_DMA_Req), (8 bytes).
    Removing air001xx_hal_cortex.o(.text), (0 bytes).
    Removing air001xx_hal_cortex.o(.ARM.exidx.text.HAL_NVIC_SetPriority), (8 bytes).
    Removing air001xx_hal_cortex.o(.ARM.exidx.text.HAL_NVIC_EnableIRQ), (8 bytes).
    Removing air001xx_hal_cortex.o(.text.HAL_NVIC_DisableIRQ), (32 bytes).
    Removing air001xx_hal_cortex.o(.ARM.exidx.text.HAL_NVIC_DisableIRQ), (8 bytes).
    Removing air001xx_hal_cortex.o(.text.HAL_NVIC_SystemReset), (28 bytes).
    Removing air001xx_hal_cortex.o(.ARM.exidx.text.HAL_NVIC_SystemReset), (8 bytes).
    Removing air001xx_hal_cortex.o(.ARM.exidx.text.HAL_SYSTICK_Config), (8 bytes).
    Removing air001xx_hal_cortex.o(.text.HAL_NVIC_GetPriority), (52 bytes).
    Removing air001xx_hal_cortex.o(.ARM.exidx.text.HAL_NVIC_GetPriority), (8 bytes).
    Removing air001xx_hal_cortex.o(.text.HAL_NVIC_SetPendingIRQ), (24 bytes).
    Removing air001xx_hal_cortex.o(.ARM.exidx.text.HAL_NVIC_SetPendingIRQ), (8 bytes).
    Removing air001xx_hal_cortex.o(.text.HAL_NVIC_GetPendingIRQ), (28 bytes).
    Removing air001xx_hal_cortex.o(.ARM.exidx.text.HAL_NVIC_GetPendingIRQ), (8 bytes).
    Removing air001xx_hal_cortex.o(.text.HAL_NVIC_ClearPendingIRQ), (24 bytes).
    Removing air001xx_hal_cortex.o(.ARM.exidx.text.HAL_NVIC_ClearPendingIRQ), (8 bytes).
    Removing air001xx_hal_cortex.o(.text.HAL_SYSTICK_CLKSourceConfig), (24 bytes).
    Removing air001xx_hal_cortex.o(.ARM.exidx.text.HAL_SYSTICK_CLKSourceConfig), (8 bytes).
    Removing air001xx_hal_cortex.o(.text.HAL_SYSTICK_IRQHandler), (8 bytes).
    Removing air001xx_hal_cortex.o(.ARM.exidx.text.HAL_SYSTICK_IRQHandler), (8 bytes).
    Removing air001xx_hal_cortex.o(.text.HAL_SYSTICK_Callback), (2 bytes).
    Removing air001xx_hal_cortex.o(.ARM.exidx.text.HAL_SYSTICK_Callback), (8 bytes).
    Removing air001xx_hal_crc.o(.text), (0 bytes).
    Removing air001xx_hal_exti.o(.text), (0 bytes).
    Removing air001xx_hal_exti.o(.text.HAL_EXTI_SetConfigLine), (152 bytes).
    Removing air001xx_hal_exti.o(.ARM.exidx.text.HAL_EXTI_SetConfigLine), (8 bytes).
    Removing air001xx_hal_exti.o(.text.HAL_EXTI_GetConfigLine), (128 bytes).
    Removing air001xx_hal_exti.o(.ARM.exidx.text.HAL_EXTI_GetConfigLine), (8 bytes).
    Removing air001xx_hal_exti.o(.text.HAL_EXTI_ClearConfigLine), (96 bytes).
    Removing air001xx_hal_exti.o(.ARM.exidx.text.HAL_EXTI_ClearConfigLine), (8 bytes).
    Removing air001xx_hal_exti.o(.text.HAL_EXTI_RegisterCallback), (14 bytes).
    Removing air001xx_hal_exti.o(.ARM.exidx.text.HAL_EXTI_RegisterCallback), (8 bytes).
    Removing air001xx_hal_exti.o(.text.HAL_EXTI_GetHandle), (14 bytes).
    Removing air001xx_hal_exti.o(.ARM.exidx.text.HAL_EXTI_GetHandle), (8 bytes).
    Removing air001xx_hal_exti.o(.text.HAL_EXTI_IRQHandler), (36 bytes).
    Removing air001xx_hal_exti.o(.ARM.exidx.text.HAL_EXTI_IRQHandler), (8 bytes).
    Removing air001xx_hal_exti.o(.text.HAL_EXTI_GetPending), (24 bytes).
    Removing air001xx_hal_exti.o(.ARM.exidx.text.HAL_EXTI_GetPending), (8 bytes).
    Removing air001xx_hal_exti.o(.text.HAL_EXTI_ClearPending), (20 bytes).
    Removing air001xx_hal_exti.o(.ARM.exidx.text.HAL_EXTI_ClearPending), (8 bytes).
    Removing air001xx_hal_exti.o(.text.HAL_EXTI_GenerateSWI), (20 bytes).
    Removing air001xx_hal_exti.o(.ARM.exidx.text.HAL_EXTI_GenerateSWI), (8 bytes).
    Removing air001xx_hal_gpio.o(.text), (0 bytes).
    Removing air001xx_hal_gpio.o(.ARM.exidx.text.HAL_GPIO_Init), (8 bytes).
    Removing air001xx_hal_gpio.o(.text.HAL_GPIO_DeInit), (240 bytes).
    Removing air001xx_hal_gpio.o(.ARM.exidx.text.HAL_GPIO_DeInit), (8 bytes).
    Removing air001xx_hal_gpio.o(.text.HAL_GPIO_ReadPin), (10 bytes).
    Removing air001xx_hal_gpio.o(.ARM.exidx.text.HAL_GPIO_ReadPin), (8 bytes).
    Removing air001xx_hal_gpio.o(.text.HAL_GPIO_WritePin), (14 bytes).
    Removing air001xx_hal_gpio.o(.ARM.exidx.text.HAL_GPIO_WritePin), (8 bytes).
    Removing air001xx_hal_gpio.o(.text.HAL_GPIO_TogglePin), (16 bytes).
    Removing air001xx_hal_gpio.o(.ARM.exidx.text.HAL_GPIO_TogglePin), (8 bytes).
    Removing air001xx_hal_gpio.o(.text.HAL_GPIO_LockPin), (44 bytes).
    Removing air001xx_hal_gpio.o(.ARM.exidx.text.HAL_GPIO_LockPin), (8 bytes).
    Removing air001xx_hal_gpio.o(.text.HAL_GPIO_EXTI_Callback), (2 bytes).
    Removing air001xx_hal_gpio.o(.ARM.exidx.text.HAL_GPIO_EXTI_Callback), (8 bytes).
    Removing air001xx_hal_gpio.o(.text.HAL_GPIO_EXTI_IRQHandler), (24 bytes).
    Removing air001xx_hal_gpio.o(.ARM.exidx.text.HAL_GPIO_EXTI_IRQHandler), (8 bytes).
    Removing air001xx_hal_rcc.o(.text), (0 bytes).
    Removing air001xx_hal_rcc.o(.text.HAL_RCC_DeInit), (164 bytes).
    Removing air001xx_hal_rcc.o(.ARM.exidx.text.HAL_RCC_DeInit), (8 bytes).
    Removing air001xx_hal_rcc.o(.ARM.exidx.text.HAL_RCC_OscConfig), (8 bytes).
    Removing air001xx_hal_rcc.o(.ARM.exidx.text.HAL_RCC_GetSysClockFreq), (8 bytes).
    Removing air001xx_hal_rcc.o(.ARM.exidx.text.HAL_RCC_ClockConfig), (8 bytes).
    Removing air001xx_hal_rcc.o(.text.HAL_RCC_MCOConfig), (228 bytes).
    Removing air001xx_hal_rcc.o(.ARM.exidx.text.HAL_RCC_MCOConfig), (8 bytes).
    Removing air001xx_hal_rcc.o(.text.HAL_RCC_GetHCLKFreq), (12 bytes).
    Removing air001xx_hal_rcc.o(.ARM.exidx.text.HAL_RCC_GetHCLKFreq), (8 bytes).
    Removing air001xx_hal_rcc.o(.ARM.exidx.text.HAL_RCC_GetPCLK1Freq), (8 bytes).
    Removing air001xx_hal_rcc.o(.text.HAL_RCC_GetOscConfig), (132 bytes).
    Removing air001xx_hal_rcc.o(.ARM.exidx.text.HAL_RCC_GetOscConfig), (8 bytes).
    Removing air001xx_hal_rcc.o(.text.HAL_RCC_GetClockConfig), (52 bytes).
    Removing air001xx_hal_rcc.o(.ARM.exidx.text.HAL_RCC_GetClockConfig), (8 bytes).
    Removing air001xx_hal_rcc.o(.text.HAL_RCC_EnableCSS), (20 bytes).
    Removing air001xx_hal_rcc.o(.ARM.exidx.text.HAL_RCC_EnableCSS), (8 bytes).
    Removing air001xx_hal_rcc.o(.text.HAL_RCC_EnableLSECSS), (16 bytes).
    Removing air001xx_hal_rcc.o(.ARM.exidx.text.HAL_RCC_EnableLSECSS), (8 bytes).
    Removing air001xx_hal_rcc.o(.text.HAL_RCC_DisableLSECSS), (16 bytes).
    Removing air001xx_hal_rcc.o(.ARM.exidx.text.HAL_RCC_DisableLSECSS), (8 bytes).
    Removing air001xx_hal_rcc.o(.text.HAL_RCC_NMI_IRQHandler), (36 bytes).
    Removing air001xx_hal_rcc.o(.ARM.exidx.text.HAL_RCC_NMI_IRQHandler), (8 bytes).
    Removing air001xx_hal_rcc.o(.text.HAL_RCC_CSSCallback), (2 bytes).
    Removing air001xx_hal_rcc.o(.ARM.exidx.text.HAL_RCC_CSSCallback), (8 bytes).
    Removing air001xx_hal_rcc.o(.text.HAL_RCC_LSECSSCallback), (2 bytes).
    Removing air001xx_hal_rcc.o(.ARM.exidx.text.HAL_RCC_LSECSSCallback), (8 bytes).
    Removing air001xx_hal_flash.o(.text), (0 bytes).
    Removing air001xx_hal_flash.o(.text.HAL_FLASH_Unlock), (40 bytes).
    Removing air001xx_hal_flash.o(.ARM.exidx.text.HAL_FLASH_Unlock), (8 bytes).
    Removing air001xx_hal_flash.o(.text.HAL_FLASH_Lock), (24 bytes).
    Removing air001xx_hal_flash.o(.ARM.exidx.text.HAL_FLASH_Lock), (8 bytes).
    Removing air001xx_hal_flash.o(.text.HAL_FLASH_OB_Unlock), (40 bytes).
    Removing air001xx_hal_flash.o(.ARM.exidx.text.HAL_FLASH_OB_Unlock), (8 bytes).
    Removing air001xx_hal_flash.o(.text.HAL_FLASH_OB_Lock), (24 bytes).
    Removing air001xx_hal_flash.o(.ARM.exidx.text.HAL_FLASH_OB_Lock), (8 bytes).
    Removing air001xx_hal_flash.o(.text.HAL_FLASH_OB_Launch), (20 bytes).
    Removing air001xx_hal_flash.o(.ARM.exidx.text.HAL_FLASH_OB_Launch), (8 bytes).
    Removing air001xx_hal_flash.o(.text.HAL_FLASH_GetError), (12 bytes).
    Removing air001xx_hal_flash.o(.ARM.exidx.text.HAL_FLASH_GetError), (8 bytes).
    Removing air001xx_hal_flash.o(.text.FLASH_WaitForLastOperation), (48 bytes).
    Removing air001xx_hal_flash.o(.ARM.exidx.text.FLASH_WaitForLastOperation), (8 bytes).
    Removing air001xx_hal_flash.o(.text.HAL_FLASH_Erase), (544 bytes).
    Removing air001xx_hal_flash.o(.ARM.exidx.text.HAL_FLASH_Erase), (8 bytes).
    Removing air001xx_hal_flash.o(.text.FLASH_PageErase), (84 bytes).
    Removing air001xx_hal_flash.o(.ARM.exidx.text.FLASH_PageErase), (8 bytes).
    Removing air001xx_hal_flash.o(.text.HAL_FLASH_Erase_IT), (364 bytes).
    Removing air001xx_hal_flash.o(.ARM.exidx.text.HAL_FLASH_Erase_IT), (8 bytes).
    Removing air001xx_hal_flash.o(.text.HAL_FLASH_PageProgram), (12 bytes).
    Removing air001xx_hal_flash.o(.ARM.exidx.text.HAL_FLASH_PageProgram), (8 bytes).
    Removing air001xx_hal_flash.o(.text.HAL_FLASH_Program), (304 bytes).
    Removing air001xx_hal_flash.o(.ARM.exidx.text.HAL_FLASH_Program), (8 bytes).
    Removing air001xx_hal_flash.o(.RamFunc), (64 bytes).
    Removing air001xx_hal_flash.o(.ARM.exidx.RamFunc), (8 bytes).
    Removing air001xx_hal_flash.o(.text.HAL_FLASH_PageProgram_IT), (14 bytes).
    Removing air001xx_hal_flash.o(.ARM.exidx.text.HAL_FLASH_PageProgram_IT), (8 bytes).
    Removing air001xx_hal_flash.o(.text.HAL_FLASH_Program_IT), (288 bytes).
    Removing air001xx_hal_flash.o(.ARM.exidx.text.HAL_FLASH_Program_IT), (8 bytes).
    Removing air001xx_hal_flash.o(.text.HAL_FLASH_OB_RDP_LevelConfig), (88 bytes).
    Removing air001xx_hal_flash.o(.ARM.exidx.text.HAL_FLASH_OB_RDP_LevelConfig), (8 bytes).
    Removing air001xx_hal_flash.o(.text.HAL_FLASH_OBProgram), (376 bytes).
    Removing air001xx_hal_flash.o(.ARM.exidx.text.HAL_FLASH_OBProgram), (8 bytes).
    Removing air001xx_hal_flash.o(.text.HAL_FLASH_OBGetConfig), (68 bytes).
    Removing air001xx_hal_flash.o(.ARM.exidx.text.HAL_FLASH_OBGetConfig), (8 bytes).
    Removing air001xx_hal_flash.o(.text.HAL_FLASH_IRQHandler), (180 bytes).
    Removing air001xx_hal_flash.o(.ARM.exidx.text.HAL_FLASH_IRQHandler), (8 bytes).
    Removing air001xx_hal_flash.o(.text.HAL_FLASH_OperationErrorCallback), (2 bytes).
    Removing air001xx_hal_flash.o(.ARM.exidx.text.HAL_FLASH_OperationErrorCallback), (8 bytes).
    Removing air001xx_hal_flash.o(.text.HAL_FLASH_EndOfOperationCallback), (2 bytes).
    Removing air001xx_hal_flash.o(.ARM.exidx.text.HAL_FLASH_EndOfOperationCallback), (8 bytes).
    Removing air001xx_hal_flash.o(.bss.pFlash), (24 bytes).
    Removing air001xx_hal_flash.o(.rodata._FlashTimmingParam), (32 bytes).
    Removing air001xx_hal_pwr.o(.text), (0 bytes).
    Removing air001xx_hal_pwr.o(.text.HAL_PWR_DeInit), (24 bytes).
    Removing air001xx_hal_pwr.o(.ARM.exidx.text.HAL_PWR_DeInit), (8 bytes).
    Removing air001xx_hal_pwr.o(.text.HAL_PWR_EnableBkUpAccess), (20 bytes).
    Removing air001xx_hal_pwr.o(.ARM.exidx.text.HAL_PWR_EnableBkUpAccess), (8 bytes).
    Removing air001xx_hal_pwr.o(.text.HAL_PWR_DisableBkUpAccess), (20 bytes).
    Removing air001xx_hal_pwr.o(.ARM.exidx.text.HAL_PWR_DisableBkUpAccess), (8 bytes).
    Removing air001xx_hal_pwr.o(.text.HAL_PWR_ConfigPVD), (124 bytes).
    Removing air001xx_hal_pwr.o(.ARM.exidx.text.HAL_PWR_ConfigPVD), (8 bytes).
    Removing air001xx_hal_pwr.o(.text.HAL_PWR_EnablePVD), (16 bytes).
    Removing air001xx_hal_pwr.o(.ARM.exidx.text.HAL_PWR_EnablePVD), (8 bytes).
    Removing air001xx_hal_pwr.o(.text.HAL_PWR_DisablePVD), (16 bytes).
    Removing air001xx_hal_pwr.o(.ARM.exidx.text.HAL_PWR_DisablePVD), (8 bytes).
    Removing air001xx_hal_pwr.o(.text.HAL_PWR_ConfigStopMode), (40 bytes).
    Removing air001xx_hal_pwr.o(.ARM.exidx.text.HAL_PWR_ConfigStopMode), (8 bytes).
    Removing air001xx_hal_pwr.o(.text.HAL_PWR_ConfigBIAS), (44 bytes).
    Removing air001xx_hal_pwr.o(.ARM.exidx.text.HAL_PWR_ConfigBIAS), (8 bytes).
    Removing air001xx_hal_pwr.o(.text.HAL_PWR_EnterSLEEPMode), (32 bytes).
    Removing air001xx_hal_pwr.o(.ARM.exidx.text.HAL_PWR_EnterSLEEPMode), (8 bytes).
    Removing air001xx_hal_pwr.o(.text.HAL_PWR_EnterSTOPMode), (64 bytes).
    Removing air001xx_hal_pwr.o(.ARM.exidx.text.HAL_PWR_EnterSTOPMode), (8 bytes).
    Removing air001xx_hal_pwr.o(.text.HAL_PWR_EnableSleepOnExit), (16 bytes).
    Removing air001xx_hal_pwr.o(.ARM.exidx.text.HAL_PWR_EnableSleepOnExit), (8 bytes).
    Removing air001xx_hal_pwr.o(.text.HAL_PWR_DisableSleepOnExit), (16 bytes).
    Removing air001xx_hal_pwr.o(.ARM.exidx.text.HAL_PWR_DisableSleepOnExit), (8 bytes).
    Removing air001xx_hal_pwr.o(.text.HAL_PWR_EnableSEVOnPend), (16 bytes).
    Removing air001xx_hal_pwr.o(.ARM.exidx.text.HAL_PWR_EnableSEVOnPend), (8 bytes).
    Removing air001xx_hal_pwr.o(.text.HAL_PWR_DisableSEVOnPend), (16 bytes).
    Removing air001xx_hal_pwr.o(.ARM.exidx.text.HAL_PWR_DisableSEVOnPend), (8 bytes).
    Removing air001xx_hal_pwr.o(.text.HAL_PWR_PVD_IRQHandler), (28 bytes).
    Removing air001xx_hal_pwr.o(.ARM.exidx.text.HAL_PWR_PVD_IRQHandler), (8 bytes).
    Removing air001xx_hal_pwr.o(.text.HAL_PWR_PVD_Callback), (2 bytes).
    Removing air001xx_hal_pwr.o(.ARM.exidx.text.HAL_PWR_PVD_Callback), (8 bytes).
    Removing air001xx_hal_uart.o(.text), (0 bytes).
    Removing air001xx_hal_uart.o(.ARM.exidx.text.HAL_UART_Init), (8 bytes).
    Removing air001xx_hal_uart.o(.ARM.exidx.text.HAL_UART_MspInit), (8 bytes).
    Removing air001xx_hal_uart.o(.ARM.exidx.text.UART_SetConfig), (8 bytes).
    Removing air001xx_hal_uart.o(.text.HAL_HalfDuplex_Init), (94 bytes).
    Removing air001xx_hal_uart.o(.ARM.exidx.text.HAL_HalfDuplex_Init), (8 bytes).
    Removing air001xx_hal_uart.o(.text.HAL_MultiProcessor_Init), (132 bytes).
    Removing air001xx_hal_uart.o(.ARM.exidx.text.HAL_MultiProcessor_Init), (8 bytes).
    Removing air001xx_hal_uart.o(.text.HAL_UART_DeInit), (50 bytes).
    Removing air001xx_hal_uart.o(.ARM.exidx.text.HAL_UART_DeInit), (8 bytes).
    Removing air001xx_hal_uart.o(.text.HAL_UART_MspDeInit), (2 bytes).
    Removing air001xx_hal_uart.o(.ARM.exidx.text.HAL_UART_MspDeInit), (8 bytes).
    Removing air001xx_hal_uart.o(.text.HAL_UART_Transmit), (228 bytes).
    Removing air001xx_hal_uart.o(.ARM.exidx.text.HAL_UART_Transmit), (8 bytes).
    Removing air001xx_hal_uart.o(.text.UART_WaitOnFlagUntilTimeout), (100 bytes).
    Removing air001xx_hal_uart.o(.ARM.exidx.text.UART_WaitOnFlagUntilTimeout), (8 bytes).
    Removing air001xx_hal_uart.o(.text.HAL_UART_Receive), (204 bytes).
    Removing air001xx_hal_uart.o(.ARM.exidx.text.HAL_UART_Receive), (8 bytes).
    Removing air001xx_hal_uart.o(.text.HAL_UART_Transmit_IT), (68 bytes).
    Removing air001xx_hal_uart.o(.ARM.exidx.text.HAL_UART_Transmit_IT), (8 bytes).
    Removing air001xx_hal_uart.o(.text.HAL_UART_Receive_IT), (96 bytes).
    Removing air001xx_hal_uart.o(.ARM.exidx.text.HAL_UART_Receive_IT), (8 bytes).
    Removing air001xx_hal_uart.o(.text.HAL_UART_Transmit_DMA), (124 bytes).
    Removing air001xx_hal_uart.o(.ARM.exidx.text.HAL_UART_Transmit_DMA), (8 bytes).
    Removing air001xx_hal_uart.o(.text.UART_DMATransmitCplt), (44 bytes).
    Removing air001xx_hal_uart.o(.ARM.exidx.text.UART_DMATransmitCplt), (8 bytes).
    Removing air001xx_hal_uart.o(.text.UART_DMATxHalfCplt), (10 bytes).
    Removing air001xx_hal_uart.o(.ARM.exidx.text.UART_DMATxHalfCplt), (8 bytes).
    Removing air001xx_hal_uart.o(.text.UART_DMAError), (96 bytes).
    Removing air001xx_hal_uart.o(.ARM.exidx.text.UART_DMAError), (8 bytes).
    Removing air001xx_hal_uart.o(.text.HAL_UART_Receive_DMA), (164 bytes).
    Removing air001xx_hal_uart.o(.ARM.exidx.text.HAL_UART_Receive_DMA), (8 bytes).
    Removing air001xx_hal_uart.o(.text.UART_DMAReceiveCplt), (56 bytes).
    Removing air001xx_hal_uart.o(.ARM.exidx.text.UART_DMAReceiveCplt), (8 bytes).
    Removing air001xx_hal_uart.o(.text.UART_DMARxHalfCplt), (10 bytes).
    Removing air001xx_hal_uart.o(.ARM.exidx.text.UART_DMARxHalfCplt), (8 bytes).
    Removing air001xx_hal_uart.o(.text.HAL_UART_DMAPause), (84 bytes).
    Removing air001xx_hal_uart.o(.ARM.exidx.text.HAL_UART_DMAPause), (8 bytes).
    Removing air001xx_hal_uart.o(.text.HAL_UART_DMAResume), (92 bytes).
    Removing air001xx_hal_uart.o(.ARM.exidx.text.HAL_UART_DMAResume), (8 bytes).
    Removing air001xx_hal_uart.o(.text.HAL_UART_DMAStop), (114 bytes).
    Removing air001xx_hal_uart.o(.ARM.exidx.text.HAL_UART_DMAStop), (8 bytes).
    Removing air001xx_hal_uart.o(.text.HAL_UART_Abort), (138 bytes).
    Removing air001xx_hal_uart.o(.ARM.exidx.text.HAL_UART_Abort), (8 bytes).
    Removing air001xx_hal_uart.o(.text.HAL_UART_AbortTransmit), (76 bytes).
    Removing air001xx_hal_uart.o(.ARM.exidx.text.HAL_UART_AbortTransmit), (8 bytes).
    Removing air001xx_hal_uart.o(.text.HAL_UART_AbortReceive), (86 bytes).
    Removing air001xx_hal_uart.o(.ARM.exidx.text.HAL_UART_AbortReceive), (8 bytes).
    Removing air001xx_hal_uart.o(.text.HAL_UART_Abort_IT), (176 bytes).
    Removing air001xx_hal_uart.o(.ARM.exidx.text.HAL_UART_Abort_IT), (8 bytes).
    Removing air001xx_hal_uart.o(.text.UART_DMATxAbortCallback), (46 bytes).
    Removing air001xx_hal_uart.o(.ARM.exidx.text.UART_DMATxAbortCallback), (8 bytes).
    Removing air001xx_hal_uart.o(.text.UART_DMARxAbortCallback), (46 bytes).
    Removing air001xx_hal_uart.o(.ARM.exidx.text.UART_DMARxAbortCallback), (8 bytes).
    Removing air001xx_hal_uart.o(.text.HAL_UART_AbortCpltCallback), (2 bytes).
    Removing air001xx_hal_uart.o(.ARM.exidx.text.HAL_UART_AbortCpltCallback), (8 bytes).
    Removing air001xx_hal_uart.o(.text.HAL_UART_AbortTransmit_IT), (80 bytes).
    Removing air001xx_hal_uart.o(.ARM.exidx.text.HAL_UART_AbortTransmit_IT), (8 bytes).
    Removing air001xx_hal_uart.o(.text.UART_DMATxOnlyAbortCallback), (20 bytes).
    Removing air001xx_hal_uart.o(.ARM.exidx.text.UART_DMATxOnlyAbortCallback), (8 bytes).
    Removing air001xx_hal_uart.o(.text.HAL_UART_AbortTransmitCpltCallback), (2 bytes).
    Removing air001xx_hal_uart.o(.ARM.exidx.text.HAL_UART_AbortTransmitCpltCallback), (8 bytes).
    Removing air001xx_hal_uart.o(.text.HAL_UART_AbortReceive_IT), (88 bytes).
    Removing air001xx_hal_uart.o(.ARM.exidx.text.HAL_UART_AbortReceive_IT), (8 bytes).
    Removing air001xx_hal_uart.o(.text.UART_DMARxOnlyAbortCallback), (20 bytes).
    Removing air001xx_hal_uart.o(.ARM.exidx.text.UART_DMARxOnlyAbortCallback), (8 bytes).
    Removing air001xx_hal_uart.o(.text.HAL_UART_AbortReceiveCpltCallback), (2 bytes).
    Removing air001xx_hal_uart.o(.ARM.exidx.text.HAL_UART_AbortReceiveCpltCallback), (8 bytes).
    Removing air001xx_hal_uart.o(.ARM.exidx.text.HAL_UART_IRQHandler), (8 bytes).
    Removing air001xx_hal_uart.o(.ARM.exidx.text.UART_Receive_IT), (8 bytes).
    Removing air001xx_hal_uart.o(.ARM.exidx.text.UART_DMAAbortOnError), (8 bytes).
    Removing air001xx_hal_uart.o(.ARM.exidx.text.HAL_UART_ErrorCallback), (8 bytes).
    Removing air001xx_hal_uart.o(.ARM.exidx.text.HAL_UART_TxCpltCallback), (8 bytes).
    Removing air001xx_hal_uart.o(.text.HAL_UART_TxHalfCpltCallback), (2 bytes).
    Removing air001xx_hal_uart.o(.ARM.exidx.text.HAL_UART_TxHalfCpltCallback), (8 bytes).
    Removing air001xx_hal_uart.o(.ARM.exidx.text.HAL_UART_RxCpltCallback), (8 bytes).
    Removing air001xx_hal_uart.o(.text.HAL_UART_RxHalfCpltCallback), (2 bytes).
    Removing air001xx_hal_uart.o(.ARM.exidx.text.HAL_UART_RxHalfCpltCallback), (8 bytes).
    Removing air001xx_hal_uart.o(.text.HAL_UART_SendBreak), (40 bytes).
    Removing air001xx_hal_uart.o(.ARM.exidx.text.HAL_UART_SendBreak), (8 bytes).
    Removing air001xx_hal_uart.o(.text.HAL_MultiProcessor_EnterMuteMode), (40 bytes).
    Removing air001xx_hal_uart.o(.ARM.exidx.text.HAL_MultiProcessor_EnterMuteMode), (8 bytes).
    Removing air001xx_hal_uart.o(.text.HAL_MultiProcessor_ExitMuteMode), (40 bytes).
    Removing air001xx_hal_uart.o(.ARM.exidx.text.HAL_MultiProcessor_ExitMuteMode), (8 bytes).
    Removing air001xx_hal_uart.o(.text.HAL_HalfDuplex_EnableTransmitter), (44 bytes).
    Removing air001xx_hal_uart.o(.ARM.exidx.text.HAL_HalfDuplex_EnableTransmitter), (8 bytes).
    Removing air001xx_hal_uart.o(.text.HAL_HalfDuplex_EnableReceiver), (44 bytes).
    Removing air001xx_hal_uart.o(.ARM.exidx.text.HAL_HalfDuplex_EnableReceiver), (8 bytes).
    Removing air001xx_hal_uart.o(.text.HAL_UART_GetState), (14 bytes).
    Removing air001xx_hal_uart.o(.ARM.exidx.text.HAL_UART_GetState), (8 bytes).
    Removing air001xx_hal_uart.o(.text.HAL_UART_GetError), (4 bytes).
    Removing air001xx_hal_uart.o(.ARM.exidx.text.HAL_UART_GetError), (8 bytes).
    Removing air001xx_hal_dma.o(.text), (0 bytes).
    Removing air001xx_hal_dma.o(.text.HAL_DMA_Init), (120 bytes).
    Removing air001xx_hal_dma.o(.ARM.exidx.text.HAL_DMA_Init), (8 bytes).
    Removing air001xx_hal_dma.o(.text.HAL_DMA_DeInit), (88 bytes).
    Removing air001xx_hal_dma.o(.ARM.exidx.text.HAL_DMA_DeInit), (8 bytes).
    Removing air001xx_hal_dma.o(.text.HAL_DMA_Start), (102 bytes).
    Removing air001xx_hal_dma.o(.ARM.exidx.text.HAL_DMA_Start), (8 bytes).
    Removing air001xx_hal_dma.o(.text.HAL_DMA_Start_IT), (126 bytes).
    Removing air001xx_hal_dma.o(.ARM.exidx.text.HAL_DMA_Start_IT), (8 bytes).
    Removing air001xx_hal_dma.o(.text.HAL_DMA_Abort), (60 bytes).
    Removing air001xx_hal_dma.o(.ARM.exidx.text.HAL_DMA_Abort), (8 bytes).
    Removing air001xx_hal_dma.o(.ARM.exidx.text.HAL_DMA_Abort_IT), (8 bytes).
    Removing air001xx_hal_dma.o(.text.HAL_DMA_PollForTransfer), (308 bytes).
    Removing air001xx_hal_dma.o(.ARM.exidx.text.HAL_DMA_PollForTransfer), (8 bytes).
    Removing air001xx_hal_dma.o(.text.HAL_DMA_IRQHandler), (200 bytes).
    Removing air001xx_hal_dma.o(.ARM.exidx.text.HAL_DMA_IRQHandler), (8 bytes).
    Removing air001xx_hal_dma.o(.text.HAL_DMA_RegisterCallback), (70 bytes).
    Removing air001xx_hal_dma.o(.ARM.exidx.text.HAL_DMA_RegisterCallback), (8 bytes).
    Removing air001xx_hal_dma.o(.text.HAL_DMA_UnRegisterCallback), (88 bytes).
    Removing air001xx_hal_dma.o(.ARM.exidx.text.HAL_DMA_UnRegisterCallback), (8 bytes).
    Removing air001xx_hal_dma.o(.text.HAL_DMA_ChannelMap), (72 bytes).
    Removing air001xx_hal_dma.o(.ARM.exidx.text.HAL_DMA_ChannelMap), (8 bytes).
    Removing air001xx_hal_dma.o(.text.HAL_DMA_GetState), (6 bytes).
    Removing air001xx_hal_dma.o(.ARM.exidx.text.HAL_DMA_GetState), (8 bytes).
    Removing air001xx_hal_dma.o(.text.HAL_DMA_GetError), (4 bytes).
    Removing air001xx_hal_dma.o(.ARM.exidx.text.HAL_DMA_GetError), (8 bytes).
    Removing air001xx_hal_spi.o(.text), (0 bytes).
    Removing air001xx_hal_spi.o(.ARM.exidx.text.HAL_SPI_Init), (8 bytes).
    Removing air001xx_hal_spi.o(.text.HAL_SPI_MspInit), (2 bytes).
    Removing air001xx_hal_spi.o(.ARM.exidx.text.HAL_SPI_MspInit), (8 bytes).
    Removing air001xx_hal_spi.o(.ARM.exidx.text.HAL_SPI_DeInit), (8 bytes).
    Removing air001xx_hal_spi.o(.ARM.exidx.text.HAL_SPI_MspDeInit), (8 bytes).
    Removing air001xx_hal_spi.o(.ARM.exidx.text.HAL_SPI_Transmit), (8 bytes).
    Removing air001xx_hal_spi.o(.ARM.exidx.text.SPI_EndRxTxTransaction), (8 bytes).
    Removing air001xx_hal_spi.o(.text.HAL_SPI_Receive), (362 bytes).
    Removing air001xx_hal_spi.o(.ARM.exidx.text.HAL_SPI_Receive), (8 bytes).
    Removing air001xx_hal_spi.o(.text.HAL_SPI_TransmitReceive), (520 bytes).
    Removing air001xx_hal_spi.o(.ARM.exidx.text.HAL_SPI_TransmitReceive), (8 bytes).
    Removing air001xx_hal_spi.o(.text.SPI_EndRxTransaction), (130 bytes).
    Removing air001xx_hal_spi.o(.ARM.exidx.text.SPI_EndRxTransaction), (8 bytes).
    Removing air001xx_hal_spi.o(.text.HAL_SPI_Transmit_IT), (144 bytes).
    Removing air001xx_hal_spi.o(.ARM.exidx.text.HAL_SPI_Transmit_IT), (8 bytes).
    Removing air001xx_hal_spi.o(.text.SPI_TxISR_16BIT), (34 bytes).
    Removing air001xx_hal_spi.o(.ARM.exidx.text.SPI_TxISR_16BIT), (8 bytes).
    Removing air001xx_hal_spi.o(.text.SPI_TxISR_8BIT), (36 bytes).
    Removing air001xx_hal_spi.o(.ARM.exidx.text.SPI_TxISR_8BIT), (8 bytes).
    Removing air001xx_hal_spi.o(.text.HAL_SPI_Receive_IT), (224 bytes).
    Removing air001xx_hal_spi.o(.ARM.exidx.text.HAL_SPI_Receive_IT), (8 bytes).
    Removing air001xx_hal_spi.o(.text.HAL_SPI_TransmitReceive_IT), (220 bytes).
    Removing air001xx_hal_spi.o(.ARM.exidx.text.HAL_SPI_TransmitReceive_IT), (8 bytes).
    Removing air001xx_hal_spi.o(.text.SPI_RxISR_16BIT), (34 bytes).
    Removing air001xx_hal_spi.o(.ARM.exidx.text.SPI_RxISR_16BIT), (8 bytes).
    Removing air001xx_hal_spi.o(.text.SPI_RxISR_8BIT), (36 bytes).
    Removing air001xx_hal_spi.o(.ARM.exidx.text.SPI_RxISR_8BIT), (8 bytes).
    Removing air001xx_hal_spi.o(.text.SPI_2linesRxISR_16BIT), (48 bytes).
    Removing air001xx_hal_spi.o(.ARM.exidx.text.SPI_2linesRxISR_16BIT), (8 bytes).
    Removing air001xx_hal_spi.o(.text.SPI_2linesTxISR_16BIT), (48 bytes).
    Removing air001xx_hal_spi.o(.ARM.exidx.text.SPI_2linesTxISR_16BIT), (8 bytes).
    Removing air001xx_hal_spi.o(.text.SPI_2linesRxISR_8BIT), (92 bytes).
    Removing air001xx_hal_spi.o(.ARM.exidx.text.SPI_2linesRxISR_8BIT), (8 bytes).
    Removing air001xx_hal_spi.o(.text.SPI_2linesTxISR_8BIT), (76 bytes).
    Removing air001xx_hal_spi.o(.ARM.exidx.text.SPI_2linesTxISR_8BIT), (8 bytes).
    Removing air001xx_hal_spi.o(.text.HAL_SPI_Transmit_DMA), (276 bytes).
    Removing air001xx_hal_spi.o(.ARM.exidx.text.HAL_SPI_Transmit_DMA), (8 bytes).
    Removing air001xx_hal_spi.o(.text.SPI_DMAHalfTransmitCplt), (10 bytes).
    Removing air001xx_hal_spi.o(.ARM.exidx.text.SPI_DMAHalfTransmitCplt), (8 bytes).
    Removing air001xx_hal_spi.o(.text.SPI_DMATransmitCplt), (114 bytes).
    Removing air001xx_hal_spi.o(.ARM.exidx.text.SPI_DMATransmitCplt), (8 bytes).
    Removing air001xx_hal_spi.o(.text.SPI_DMAError), (34 bytes).
    Removing air001xx_hal_spi.o(.ARM.exidx.text.SPI_DMAError), (8 bytes).
    Removing air001xx_hal_spi.o(.text.HAL_SPI_Receive_DMA), (328 bytes).
    Removing air001xx_hal_spi.o(.ARM.exidx.text.HAL_SPI_Receive_DMA), (8 bytes).
    Removing air001xx_hal_spi.o(.text.HAL_SPI_TransmitReceive_DMA), (468 bytes).
    Removing air001xx_hal_spi.o(.ARM.exidx.text.HAL_SPI_TransmitReceive_DMA), (8 bytes).
    Removing air001xx_hal_spi.o(.text.SPI_DMAHalfReceiveCplt), (10 bytes).
    Removing air001xx_hal_spi.o(.ARM.exidx.text.SPI_DMAHalfReceiveCplt), (8 bytes).
    Removing air001xx_hal_spi.o(.text.SPI_DMAReceiveCplt), (104 bytes).
    Removing air001xx_hal_spi.o(.ARM.exidx.text.SPI_DMAReceiveCplt), (8 bytes).
    Removing air001xx_hal_spi.o(.text.SPI_DMAHalfTransmitReceiveCplt), (10 bytes).
    Removing air001xx_hal_spi.o(.ARM.exidx.text.SPI_DMAHalfTransmitReceiveCplt), (8 bytes).
    Removing air001xx_hal_spi.o(.text.SPI_DMATransmitReceiveCplt), (92 bytes).
    Removing air001xx_hal_spi.o(.ARM.exidx.text.SPI_DMATransmitReceiveCplt), (8 bytes).
    Removing air001xx_hal_spi.o(.text.HAL_SPI_Abort), (380 bytes).
    Removing air001xx_hal_spi.o(.ARM.exidx.text.HAL_SPI_Abort), (8 bytes).
    Removing air001xx_hal_spi.o(.text.SPI_AbortTx_ISR), (220 bytes).
    Removing air001xx_hal_spi.o(.ARM.exidx.text.SPI_AbortTx_ISR), (8 bytes).
    Removing air001xx_hal_spi.o(.text.SPI_AbortRx_ISR), (128 bytes).
    Removing air001xx_hal_spi.o(.ARM.exidx.text.SPI_AbortRx_ISR), (8 bytes).
    Removing air001xx_hal_spi.o(.ARM.exidx.text.SPI_WaitFifoStateUntilTimeout), (8 bytes).
    Removing air001xx_hal_spi.o(.ARM.exidx.text.SPI_WaitFlagStateUntilTimeout), (8 bytes).
    Removing air001xx_hal_spi.o(.text.HAL_SPI_Abort_IT), (324 bytes).
    Removing air001xx_hal_spi.o(.ARM.exidx.text.HAL_SPI_Abort_IT), (8 bytes).
    Removing air001xx_hal_spi.o(.text.SPI_DMATxAbortCallback), (142 bytes).
    Removing air001xx_hal_spi.o(.ARM.exidx.text.SPI_DMATxAbortCallback), (8 bytes).
    Removing air001xx_hal_spi.o(.text.SPI_DMARxAbortCallback), (136 bytes).
    Removing air001xx_hal_spi.o(.ARM.exidx.text.SPI_DMARxAbortCallback), (8 bytes).
    Removing air001xx_hal_spi.o(.text.HAL_SPI_AbortCpltCallback), (2 bytes).
    Removing air001xx_hal_spi.o(.ARM.exidx.text.HAL_SPI_AbortCpltCallback), (8 bytes).
    Removing air001xx_hal_spi.o(.text.HAL_SPI_DMAPause), (34 bytes).
    Removing air001xx_hal_spi.o(.ARM.exidx.text.HAL_SPI_DMAPause), (8 bytes).
    Removing air001xx_hal_spi.o(.text.HAL_SPI_DMAResume), (34 bytes).
    Removing air001xx_hal_spi.o(.ARM.exidx.text.HAL_SPI_DMAResume), (8 bytes).
    Removing air001xx_hal_spi.o(.text.HAL_SPI_DMAStop), (74 bytes).
    Removing air001xx_hal_spi.o(.ARM.exidx.text.HAL_SPI_DMAStop), (8 bytes).
    Removing air001xx_hal_spi.o(.text.HAL_SPI_IRQHandler), (236 bytes).
    Removing air001xx_hal_spi.o(.ARM.exidx.text.HAL_SPI_IRQHandler), (8 bytes).
    Removing air001xx_hal_spi.o(.text.SPI_DMAAbortOnError), (16 bytes).
    Removing air001xx_hal_spi.o(.ARM.exidx.text.SPI_DMAAbortOnError), (8 bytes).
    Removing air001xx_hal_spi.o(.text.HAL_SPI_ErrorCallback), (2 bytes).
    Removing air001xx_hal_spi.o(.ARM.exidx.text.HAL_SPI_ErrorCallback), (8 bytes).
    Removing air001xx_hal_spi.o(.text.HAL_SPI_TxCpltCallback), (2 bytes).
    Removing air001xx_hal_spi.o(.ARM.exidx.text.HAL_SPI_TxCpltCallback), (8 bytes).
    Removing air001xx_hal_spi.o(.text.HAL_SPI_RxCpltCallback), (2 bytes).
    Removing air001xx_hal_spi.o(.ARM.exidx.text.HAL_SPI_RxCpltCallback), (8 bytes).
    Removing air001xx_hal_spi.o(.text.HAL_SPI_TxRxCpltCallback), (2 bytes).
    Removing air001xx_hal_spi.o(.ARM.exidx.text.HAL_SPI_TxRxCpltCallback), (8 bytes).
    Removing air001xx_hal_spi.o(.text.HAL_SPI_TxHalfCpltCallback), (2 bytes).
    Removing air001xx_hal_spi.o(.ARM.exidx.text.HAL_SPI_TxHalfCpltCallback), (8 bytes).
    Removing air001xx_hal_spi.o(.text.HAL_SPI_RxHalfCpltCallback), (2 bytes).
    Removing air001xx_hal_spi.o(.ARM.exidx.text.HAL_SPI_RxHalfCpltCallback), (8 bytes).
    Removing air001xx_hal_spi.o(.text.HAL_SPI_TxRxHalfCpltCallback), (2 bytes).
    Removing air001xx_hal_spi.o(.ARM.exidx.text.HAL_SPI_TxRxHalfCpltCallback), (8 bytes).
    Removing air001xx_hal_spi.o(.text.HAL_SPI_GetState), (6 bytes).
    Removing air001xx_hal_spi.o(.ARM.exidx.text.HAL_SPI_GetState), (8 bytes).
    Removing air001xx_hal_spi.o(.text.HAL_SPI_GetError), (4 bytes).
    Removing air001xx_hal_spi.o(.ARM.exidx.text.HAL_SPI_GetError), (8 bytes).
    Removing air001xx_hal_spi.o(.text.SPI_CloseRxTx_ISR), (84 bytes).
    Removing air001xx_hal_spi.o(.ARM.exidx.text.SPI_CloseRxTx_ISR), (8 bytes).
    Removing air001xx_hal_spi.o(.text.SPI_CloseRx_ISR), (68 bytes).
    Removing air001xx_hal_spi.o(.ARM.exidx.text.SPI_CloseRx_ISR), (8 bytes).
    Removing air001xx_hal_spi.o(.text.SPI_CloseTx_ISR), (94 bytes).
    Removing air001xx_hal_spi.o(.ARM.exidx.text.SPI_CloseTx_ISR), (8 bytes).
    Removing air001xx_hal_iwdg.o(.text), (0 bytes).
    Removing air001xx_hal_iwdg.o(.ARM.exidx.text.HAL_IWDG_Init), (8 bytes).
    Removing air001xx_hal_iwdg.o(.ARM.exidx.text.HAL_IWDG_Refresh), (8 bytes).
    Removing air001xx_it.o(.text), (0 bytes).
    Removing air001xx_it.o(.ARM.exidx.text.NMI_Handler), (8 bytes).
    Removing air001xx_it.o(.ARM.exidx.text.HardFault_Handler), (8 bytes).
    Removing air001xx_it.o(.ARM.exidx.text.SVC_Handler), (8 bytes).
    Removing air001xx_it.o(.ARM.exidx.text.PendSV_Handler), (8 bytes).
    Removing air001xx_it.o(.ARM.exidx.text.SysTick_Handler), (8 bytes).
    Removing air001xx_it.o(.ARM.exidx.text.USART1_IRQHandler), (8 bytes).
    Removing main.o(.text), (0 bytes).
    Removing main.o(.text.Color_Browse), (96 bytes).
    Removing main.o(.ARM.exidx.text.Color_Browse), (8 bytes).
    Removing main.o(.ARM.exidx.text.main), (8 bytes).
    Removing main.o(.ARM.exidx.text.Error_Handler), (8 bytes).
    Removing main.o(.bss.err), (1 bytes).
    Removing main.o(.bss.rgbdata), (4 bytes).
    Removing main.o(.bss.rgb_count), (1 bytes).
    Removing main.o(.bss.tick), (2 bytes).
    Removing main.o(.ARM.use_no_argv), (4 bytes).
    Removing uart.o(.text), (0 bytes).
    Removing uart.o(.ARM.exidx.text.Uart_Init), (8 bytes).
    Removing uart.o(.text.Usart_SendString), (36 bytes).
    Removing uart.o(.ARM.exidx.text.Usart_SendString), (8 bytes).
    Removing uart.o(.text.fputc), (32 bytes).
    Removing uart.o(.ARM.exidx.text.fputc), (8 bytes).
    Removing uart.o(.text.fgetc), (28 bytes).
    Removing uart.o(.ARM.exidx.text.fgetc), (8 bytes).
    Removing spi_1.o(.text), (0 bytes).
    Removing spi_1.o(.ARM.exidx.text.HAL_MspInit), (8 bytes).
    Removing spi_1.o(.ARM.exidx.text.HAL_SPI_MspInit), (8 bytes).
    Removing spi_1.o(.ARM.exidx.text.SPI_CONFIG), (8 bytes).
    Removing spi_1.o(.text.WS2812_RESET), (52 bytes).
    Removing spi_1.o(.ARM.exidx.text.WS2812_RESET), (8 bytes).
    Removing spi_1.o(.ARM.exidx.text.WS2812B_SendRGB), (8 bytes).
    Removing spi_1.o(.ARM.exidx.text.SetColor), (8 bytes).
    Removing startup_air001_dev.o(HEAP), (1280 bytes).
    Removing system_air001xx.o(.text), (0 bytes).
    Removing system_air001xx.o(.text.SystemCoreClockUpdate), (128 bytes).
    Removing system_air001xx.o(.ARM.exidx.text.SystemCoreClockUpdate), (8 bytes).
    Removing system_air001xx.o(.ARM.exidx.text.SystemInit), (8 bytes).
    Removing system_air001xx.o(.ARM.exidx.text.$Sub$$main), (8 bytes).

470 unused section(s) (total 18308 bytes) removed from the image.

==============================================================================

Image Symbol Table

    Local Symbols

    Symbol Name                              Value     Ov Type        Size  Object(Section)

    ../clib/microlib/division.c              0x00000000   Number         0  uidiv.o ABSOLUTE
    ../clib/microlib/init/entry.s            0x00000000   Number         0  entry.o ABSOLUTE
    ../clib/microlib/init/entry.s            0x00000000   Number         0  entry2.o ABSOLUTE
    ../clib/microlib/init/entry.s            0x00000000   Number         0  entry5.o ABSOLUTE
    ../clib/microlib/init/entry.s            0x00000000   Number         0  entry7a.o ABSOLUTE
    ../clib/microlib/init/entry.s            0x00000000   Number         0  entry7b.o ABSOLUTE
    ../clib/microlib/init/entry.s            0x00000000   Number         0  entry8a.o ABSOLUTE
    ../clib/microlib/init/entry.s            0x00000000   Number         0  entry8b.o ABSOLUTE
    ../clib/microlib/init/entry.s            0x00000000   Number         0  entry9a.o ABSOLUTE
    ../clib/microlib/init/entry.s            0x00000000   Number         0  entry9b.o ABSOLUTE
    ../clib/microlib/init/entry.s            0x00000000   Number         0  entry10a.o ABSOLUTE
    ../clib/microlib/init/entry.s            0x00000000   Number         0  entry10b.o ABSOLUTE
    ../clib/microlib/init/entry.s            0x00000000   Number         0  entry11a.o ABSOLUTE
    ../clib/microlib/init/entry.s            0x00000000   Number         0  entry11b.o ABSOLUTE
    ../clib/microlib/string/memcpy.c         0x00000000   Number         0  memcpya.o ABSOLUTE
    ../clib/microlib/string/memcpy.c         0x00000000   Number         0  memcpyb.o ABSOLUTE
    ../clib/microlib/string/memset.c         0x00000000   Number         0  memseta.o ABSOLUTE
    RTE\Device\AIR001Dev\startup_air001_dev.s 0x00000000   Number         0  startup_air001_dev.o ABSOLUTE
    air001xx_hal.c                           0x00000000   Number         0  air001xx_hal.o ABSOLUTE
    air001xx_hal_cortex.c                    0x00000000   Number         0  air001xx_hal_cortex.o ABSOLUTE
    air001xx_hal_crc.c                       0x00000000   Number         0  air001xx_hal_crc.o ABSOLUTE
    air001xx_hal_dma.c                       0x00000000   Number         0  air001xx_hal_dma.o ABSOLUTE
    air001xx_hal_exti.c                      0x00000000   Number         0  air001xx_hal_exti.o ABSOLUTE
    air001xx_hal_flash.c                     0x00000000   Number         0  air001xx_hal_flash.o ABSOLUTE
    air001xx_hal_gpio.c                      0x00000000   Number         0  air001xx_hal_gpio.o ABSOLUTE
    air001xx_hal_iwdg.c                      0x00000000   Number         0  air001xx_hal_iwdg.o ABSOLUTE
    air001xx_hal_pwr.c                       0x00000000   Number         0  air001xx_hal_pwr.o ABSOLUTE
    air001xx_hal_rcc.c                       0x00000000   Number         0  air001xx_hal_rcc.o ABSOLUTE
    air001xx_hal_spi.c                       0x00000000   Number         0  air001xx_hal_spi.o ABSOLUTE
    air001xx_hal_uart.c                      0x00000000   Number         0  air001xx_hal_uart.o ABSOLUTE
    air001xx_it.c                            0x00000000   Number         0  air001xx_it.o ABSOLUTE
    dc.s                                     0x00000000   Number         0  dc.o ABSOLUTE
    handlers.s                               0x00000000   Number         0  handlers.o ABSOLUTE
    init.s                                   0x00000000   Number         0  init.o ABSOLUTE
    main.c                                   0x00000000   Number         0  main.o ABSOLUTE
    spi.c                                    0x00000000   Number         0  spi_1.o ABSOLUTE
    system_air001xx.c                        0x00000000   Number         0  system_air001xx.o ABSOLUTE
    uart.c                                   0x00000000   Number         0  uart.o ABSOLUTE
    RESET                                    0x08000000   Section      192  startup_air001_dev.o(RESET)
    .ARM.Collect$$$$00000000                 0x080000c0   Section        0  entry.o(.ARM.Collect$$$$00000000)
    .ARM.Collect$$$$00000001                 0x080000c0   Section        4  entry2.o(.ARM.Collect$$$$00000001)
    .ARM.Collect$$$$00000004                 0x080000c4   Section        4  entry5.o(.ARM.Collect$$$$00000004)
    .ARM.Collect$$$$00000008                 0x080000c8   Section        0  entry7b.o(.ARM.Collect$$$$00000008)
    .ARM.Collect$$$$0000000A                 0x080000c8   Section        0  entry8b.o(.ARM.Collect$$$$0000000A)
    .ARM.Collect$$$$0000000B                 0x080000c8   Section        8  entry9a.o(.ARM.Collect$$$$0000000B)
    __lit__00000000                          0x080000d0   Data           4  entry2.o(.ARM.Collect$$$$00002712)
    .ARM.Collect$$$$0000000D                 0x080000d0   Section        0  entry10a.o(.ARM.Collect$$$$0000000D)
    .ARM.Collect$$$$0000000F                 0x080000d0   Section        0  entry11a.o(.ARM.Collect$$$$0000000F)
    .ARM.Collect$$$$00002712                 0x080000d0   Section        4  entry2.o(.ARM.Collect$$$$00002712)
    .text                                    0x080000d4   Section       28  startup_air001_dev.o(.text)
    .text                                    0x080000f0   Section        0  uidiv.o(.text)
    .text                                    0x0800011c   Section        0  memcpya.o(.text)
    .text                                    0x08000140   Section       36  init.o(.text)
    [Anonymous Symbol]                       0x08000164   Section        0  system_air001xx.o(.text.$Sub$$main)
    __arm_cp.2_0                             0x08000188   Number         4  system_air001xx.o(.text.$Sub$$main)
    __arm_cp.2_1                             0x0800018c   Number         4  system_air001xx.o(.text.$Sub$$main)
    [Anonymous Symbol]                       0x08000190   Section        0  main.o(.text.Error_Handler)
    [Anonymous Symbol]                       0x08000194   Section        0  air001xx_hal_dma.o(.text.HAL_DMA_Abort_IT)
    __arm_cp.5_0                             0x080001ec   Number         4  air001xx_hal_dma.o(.text.HAL_DMA_Abort_IT)
    [Anonymous Symbol]                       0x080001f0   Section        0  air001xx_hal_gpio.o(.text.HAL_GPIO_Init)
    __arm_cp.0_0                             0x08000344   Number         4  air001xx_hal_gpio.o(.text.HAL_GPIO_Init)
    __arm_cp.0_1                             0x08000348   Number         4  air001xx_hal_gpio.o(.text.HAL_GPIO_Init)
    __arm_cp.0_2                             0x0800034c   Number         4  air001xx_hal_gpio.o(.text.HAL_GPIO_Init)
    __arm_cp.0_3                             0x08000350   Number         4  air001xx_hal_gpio.o(.text.HAL_GPIO_Init)
    [Anonymous Symbol]                       0x08000354   Section        0  air001xx_hal.o(.text.HAL_GetTick)
    [Anonymous Symbol]                       0x0800035c   Section        0  air001xx_hal_iwdg.o(.text.HAL_IWDG_Init)
    __arm_cp.0_0                             0x080003a0   Number         4  air001xx_hal_iwdg.o(.text.HAL_IWDG_Init)
    __arm_cp.0_1                             0x080003a4   Number         4  air001xx_hal_iwdg.o(.text.HAL_IWDG_Init)
    [Anonymous Symbol]                       0x080003a8   Section        0  air001xx_hal_iwdg.o(.text.HAL_IWDG_Refresh)
    __arm_cp.1_0                             0x080003b4   Number         4  air001xx_hal_iwdg.o(.text.HAL_IWDG_Refresh)
    [Anonymous Symbol]                       0x080003b8   Section        0  air001xx_hal.o(.text.HAL_IncTick)
    __arm_cp.5_1                             0x080003c8   Number         4  air001xx_hal.o(.text.HAL_IncTick)
    [Anonymous Symbol]                       0x080003cc   Section        0  air001xx_hal.o(.text.HAL_Init)
    [Anonymous Symbol]                       0x080003e8   Section        0  air001xx_hal.o(.text.HAL_InitTick)
    __arm_cp.1_0                             0x08000428   Number         4  air001xx_hal.o(.text.HAL_InitTick)
    [Anonymous Symbol]                       0x0800042c   Section        0  spi_1.o(.text.HAL_MspInit)
    __arm_cp.0_0                             0x08000454   Number         4  spi_1.o(.text.HAL_MspInit)
    [Anonymous Symbol]                       0x08000458   Section        0  air001xx_hal_cortex.o(.text.HAL_NVIC_EnableIRQ)
    __arm_cp.1_0                             0x0800046c   Number         4  air001xx_hal_cortex.o(.text.HAL_NVIC_EnableIRQ)
    [Anonymous Symbol]                       0x08000470   Section        0  air001xx_hal_cortex.o(.text.HAL_NVIC_SetPriority)
    __arm_cp.0_0                             0x080004a8   Number         4  air001xx_hal_cortex.o(.text.HAL_NVIC_SetPriority)
    __arm_cp.0_1                             0x080004ac   Number         4  air001xx_hal_cortex.o(.text.HAL_NVIC_SetPriority)
    [Anonymous Symbol]                       0x080004b0   Section        0  air001xx_hal_rcc.o(.text.HAL_RCC_ClockConfig)
    __arm_cp.3_0                             0x08000614   Number         4  air001xx_hal_rcc.o(.text.HAL_RCC_ClockConfig)
    __arm_cp.3_1                             0x08000618   Number         4  air001xx_hal_rcc.o(.text.HAL_RCC_ClockConfig)
    __arm_cp.3_3                             0x0800061c   Number         4  air001xx_hal_rcc.o(.text.HAL_RCC_ClockConfig)
    __arm_cp.3_5                             0x08000620   Number         4  air001xx_hal_rcc.o(.text.HAL_RCC_ClockConfig)
    [Anonymous Symbol]                       0x08000624   Section        0  air001xx_hal_rcc.o(.text.HAL_RCC_GetPCLK1Freq)
    __arm_cp.6_0                             0x08000640   Number         4  air001xx_hal_rcc.o(.text.HAL_RCC_GetPCLK1Freq)
    __arm_cp.6_1                             0x08000644   Number         4  air001xx_hal_rcc.o(.text.HAL_RCC_GetPCLK1Freq)
    __arm_cp.6_2                             0x08000648   Number         4  air001xx_hal_rcc.o(.text.HAL_RCC_GetPCLK1Freq)
    [Anonymous Symbol]                       0x0800064c   Section        0  air001xx_hal_rcc.o(.text.HAL_RCC_GetSysClockFreq)
    __arm_cp.2_0                             0x080006c8   Number         4  air001xx_hal_rcc.o(.text.HAL_RCC_GetSysClockFreq)
    __arm_cp.2_1                             0x080006cc   Number         4  air001xx_hal_rcc.o(.text.HAL_RCC_GetSysClockFreq)
    __arm_cp.2_2                             0x080006d0   Number         4  air001xx_hal_rcc.o(.text.HAL_RCC_GetSysClockFreq)
    __arm_cp.2_3                             0x080006d4   Number         4  air001xx_hal_rcc.o(.text.HAL_RCC_GetSysClockFreq)
    [Anonymous Symbol]                       0x080006d8   Section        0  air001xx_hal_rcc.o(.text.HAL_RCC_OscConfig)
    __arm_cp.1_0                             0x08000b44   Number         4  air001xx_hal_rcc.o(.text.HAL_RCC_OscConfig)
    __arm_cp.1_1                             0x08000b48   Number         4  air001xx_hal_rcc.o(.text.HAL_RCC_OscConfig)
    __arm_cp.1_2                             0x08000b4c   Number         4  air001xx_hal_rcc.o(.text.HAL_RCC_OscConfig)
    __arm_cp.1_3                             0x08000b50   Number         4  air001xx_hal_rcc.o(.text.HAL_RCC_OscConfig)
    __arm_cp.1_4                             0x08000b54   Number         4  air001xx_hal_rcc.o(.text.HAL_RCC_OscConfig)
    __arm_cp.1_5                             0x08000b58   Number         4  air001xx_hal_rcc.o(.text.HAL_RCC_OscConfig)
    __arm_cp.1_6                             0x08000b5c   Number         4  air001xx_hal_rcc.o(.text.HAL_RCC_OscConfig)
    __arm_cp.1_7                             0x08000b60   Number         4  air001xx_hal_rcc.o(.text.HAL_RCC_OscConfig)
    __arm_cp.1_8                             0x08000b64   Number         4  air001xx_hal_rcc.o(.text.HAL_RCC_OscConfig)
    [Anonymous Symbol]                       0x08000b68   Section        0  air001xx_hal_spi.o(.text.HAL_SPI_DeInit)
    [Anonymous Symbol]                       0x08000b98   Section        0  air001xx_hal_spi.o(.text.HAL_SPI_Init)
    [Anonymous Symbol]                       0x08000c14   Section        0  air001xx_hal_spi.o(.text.HAL_SPI_MspDeInit)
    [Anonymous Symbol]                       0x08000c18   Section        0  spi_1.o(.text.HAL_SPI_MspInit)
    __arm_cp.1_0                             0x08000c8c   Number         4  spi_1.o(.text.HAL_SPI_MspInit)
    __arm_cp.1_1                             0x08000c90   Number         4  spi_1.o(.text.HAL_SPI_MspInit)
    [Anonymous Symbol]                       0x08000c94   Section        0  air001xx_hal_spi.o(.text.HAL_SPI_Transmit)
    __arm_cp.4_0                             0x08000e00   Number         4  air001xx_hal_spi.o(.text.HAL_SPI_Transmit)
    [Anonymous Symbol]                       0x08000e04   Section        0  air001xx_hal_cortex.o(.text.HAL_SYSTICK_Config)
    __arm_cp.4_0                             0x08000e2c   Number         4  air001xx_hal_cortex.o(.text.HAL_SYSTICK_Config)
    __arm_cp.4_1                             0x08000e30   Number         4  air001xx_hal_cortex.o(.text.HAL_SYSTICK_Config)
    __arm_cp.4_2                             0x08000e34   Number         4  air001xx_hal_cortex.o(.text.HAL_SYSTICK_Config)
    [Anonymous Symbol]                       0x08000e38   Section        0  air001xx_hal_uart.o(.text.HAL_UART_ErrorCallback)
    [Anonymous Symbol]                       0x08000e3c   Section        0  air001xx_hal_uart.o(.text.HAL_UART_IRQHandler)
    __arm_cp.35_0                            0x08000fa4   Number         4  air001xx_hal_uart.o(.text.HAL_UART_IRQHandler)
    [Anonymous Symbol]                       0x08000fa8   Section        0  air001xx_hal_uart.o(.text.HAL_UART_Init)
    [Anonymous Symbol]                       0x0800102e   Section        0  air001xx_hal_uart.o(.text.HAL_UART_MspInit)
    [Anonymous Symbol]                       0x08001030   Section        0  air001xx_hal_uart.o(.text.HAL_UART_RxCpltCallback)
    [Anonymous Symbol]                       0x08001032   Section        0  air001xx_hal_uart.o(.text.HAL_UART_TxCpltCallback)
    [Anonymous Symbol]                       0x08001034   Section        0  air001xx_it.o(.text.HardFault_Handler)
    [Anonymous Symbol]                       0x08001036   Section        0  air001xx_it.o(.text.NMI_Handler)
    [Anonymous Symbol]                       0x08001038   Section        0  air001xx_it.o(.text.PendSV_Handler)
    [Anonymous Symbol]                       0x0800103c   Section        0  spi_1.o(.text.SPI_CONFIG)
    __arm_cp.2_0                             0x080010a4   Number         4  spi_1.o(.text.SPI_CONFIG)
    __arm_cp.2_1                             0x080010a8   Number         4  spi_1.o(.text.SPI_CONFIG)
    __arm_cp.2_2                             0x080010ac   Number         4  spi_1.o(.text.SPI_CONFIG)
    SPI_EndRxTxTransaction                   0x080010b1   Thumb Code    76  air001xx_hal_spi.o(.text.SPI_EndRxTxTransaction)
    [Anonymous Symbol]                       0x080010b0   Section        0  air001xx_hal_spi.o(.text.SPI_EndRxTxTransaction)
    SPI_WaitFifoStateUntilTimeout            0x080010fd   Thumb Code   200  air001xx_hal_spi.o(.text.SPI_WaitFifoStateUntilTimeout)
    [Anonymous Symbol]                       0x080010fc   Section        0  air001xx_hal_spi.o(.text.SPI_WaitFifoStateUntilTimeout)
    SPI_WaitFlagStateUntilTimeout            0x080011c5   Thumb Code   160  air001xx_hal_spi.o(.text.SPI_WaitFlagStateUntilTimeout)
    [Anonymous Symbol]                       0x080011c4   Section        0  air001xx_hal_spi.o(.text.SPI_WaitFlagStateUntilTimeout)
    __arm_cp.34_0                            0x08001260   Number         4  air001xx_hal_spi.o(.text.SPI_WaitFlagStateUntilTimeout)
    [Anonymous Symbol]                       0x08001264   Section        0  air001xx_it.o(.text.SVC_Handler)
    [Anonymous Symbol]                       0x08001268   Section        0  spi_1.o(.text.SetColor)
    __arm_cp.5_0                             0x08001280   Number         4  spi_1.o(.text.SetColor)
    [Anonymous Symbol]                       0x08001284   Section        0  air001xx_it.o(.text.SysTick_Handler)
    [Anonymous Symbol]                       0x0800128c   Section        0  system_air001xx.o(.text.SystemInit)
    __arm_cp.1_0                             0x080012ac   Number         4  system_air001xx.o(.text.SystemInit)
    __arm_cp.1_1                             0x080012b0   Number         4  system_air001xx.o(.text.SystemInit)
    __arm_cp.1_2                             0x080012b4   Number         4  system_air001xx.o(.text.SystemInit)
    __arm_cp.1_3                             0x080012b8   Number         4  system_air001xx.o(.text.SystemInit)
    UART_DMAAbortOnError                     0x080012bd   Thumb Code    16  air001xx_hal_uart.o(.text.UART_DMAAbortOnError)
    [Anonymous Symbol]                       0x080012bc   Section        0  air001xx_hal_uart.o(.text.UART_DMAAbortOnError)
    UART_Receive_IT                          0x080012cd   Thumb Code   108  air001xx_hal_uart.o(.text.UART_Receive_IT)
    [Anonymous Symbol]                       0x080012cc   Section        0  air001xx_hal_uart.o(.text.UART_Receive_IT)
    __arm_cp.36_0                            0x08001334   Number         4  air001xx_hal_uart.o(.text.UART_Receive_IT)
    UART_SetConfig                           0x08001339   Thumb Code   192  air001xx_hal_uart.o(.text.UART_SetConfig)
    [Anonymous Symbol]                       0x08001338   Section        0  air001xx_hal_uart.o(.text.UART_SetConfig)
    __arm_cp.2_0                             0x080013f4   Number         4  air001xx_hal_uart.o(.text.UART_SetConfig)
    [Anonymous Symbol]                       0x080013f8   Section        0  air001xx_it.o(.text.USART1_IRQHandler)
    __arm_cp.5_1                             0x08001434   Number         4  air001xx_it.o(.text.USART1_IRQHandler)
    __arm_cp.5_2                             0x08001438   Number         4  air001xx_it.o(.text.USART1_IRQHandler)
    __arm_cp.5_4                             0x0800143c   Number         4  air001xx_it.o(.text.USART1_IRQHandler)
    [Anonymous Symbol]                       0x08001440   Section        0  uart.o(.text.Uart_Init)
    __arm_cp.0_2                             0x080014dc   Number         4  uart.o(.text.Uart_Init)
    [Anonymous Symbol]                       0x080014e0   Section        0  spi_1.o(.text.WS2812B_SendRGB)
    __arm_cp.4_0                             0x08001564   Number         4  spi_1.o(.text.WS2812B_SendRGB)
    __arm_cp.4_1                             0x08001568   Number         4  spi_1.o(.text.WS2812B_SendRGB)
    __arm_cp.4_2                             0x0800156c   Number         4  spi_1.o(.text.WS2812B_SendRGB)
    [Anonymous Symbol]                       0x08001570   Section        0  main.o(.text.main)
    __arm_cp.1_0                             0x08001788   Number         4  main.o(.text.main)
    __arm_cp.1_1                             0x0800178c   Number         4  main.o(.text.main)
    __arm_cp.1_2                             0x08001790   Number         4  main.o(.text.main)
    __arm_cp.1_3                             0x08001794   Number         4  main.o(.text.main)
    __arm_cp.1_4                             0x08001798   Number         4  main.o(.text.main)
    __arm_cp.1_5                             0x0800179c   Number         4  main.o(.text.main)
    __arm_cp.1_6                             0x080017a0   Number         4  main.o(.text.main)
    __arm_cp.1_7                             0x080017a4   Number         4  main.o(.text.main)
    __arm_cp.1_8                             0x080017a8   Number         4  main.o(.text.main)
    __arm_cp.1_9                             0x080017ac   Number         4  main.o(.text.main)
    __arm_cp.1_10                            0x080017b0   Number         4  main.o(.text.main)
    __arm_cp.1_11                            0x080017b4   Number         4  main.o(.text.main)
    __arm_cp.1_12                            0x080017b8   Number         4  main.o(.text.main)
    __arm_cp.1_13                            0x080017bc   Number         4  main.o(.text.main)
    __arm_cp.1_14                            0x080017c0   Number         4  main.o(.text.main)
    __arm_cp.1_15                            0x080017c4   Number         4  main.o(.text.main)
    __arm_cp.1_16                            0x080017c8   Number         4  main.o(.text.main)
    __arm_cp.1_17                            0x080017cc   Number         4  main.o(.text.main)
    i.__scatterload_copy                     0x080017d0   Section       14  handlers.o(i.__scatterload_copy)
    i.__scatterload_null                     0x080017de   Section        2  handlers.o(i.__scatterload_null)
    i.__scatterload_zeroinit                 0x080017e0   Section       14  handlers.o(i.__scatterload_zeroinit)
    [Anonymous Symbol]                       0x080017f0   Section        0  air001xx_hal_rcc.o(.rodata..L__const.HAL_RCC_GetSysClockFreq.hsiValue)
    STACK                                    0x200009e0   Section     1536  startup_air001_dev.o(STACK)

    Global Symbols

    Symbol Name                              Value     Ov Type        Size  Object(Section)

    BuildAttributes$$THM_ISAv3M$S$PE$A:L22$X:L11$S22$IEEE1$IW$~IW$USESV6$~STKCKD$USESV7$~SHL$OSPACE$EBA8$MICROLIB$REQ8$PRES8$EABIv2 0x00000000   Number         0  anon$$obj.o ABSOLUTE
    __cpp_initialize__aeabi_                  - Undefined Weak Reference
    __cxa_finalize                            - Undefined Weak Reference
    __decompress                              - Undefined Weak Reference
    _clock_init                               - Undefined Weak Reference
    _microlib_exit                            - Undefined Weak Reference
    __Vectors_Size                           0x000000c0   Number         0  startup_air001_dev.o ABSOLUTE
    __Vectors                                0x08000000   Data           4  startup_air001_dev.o(RESET)
    __Vectors_End                            0x080000c0   Data           0  startup_air001_dev.o(RESET)
    __main                                   0x080000c1   Thumb Code     0  entry.o(.ARM.Collect$$$$00000000)
    _main_stk                                0x080000c1   Thumb Code     0  entry2.o(.ARM.Collect$$$$00000001)
    _main_scatterload                        0x080000c5   Thumb Code     0  entry5.o(.ARM.Collect$$$$00000004)
    __main_after_scatterload                 0x080000c9   Thumb Code     0  entry5.o(.ARM.Collect$$$$00000004)
    _main_clock                              0x080000c9   Thumb Code     0  entry7b.o(.ARM.Collect$$$$00000008)
    _main_cpp_init                           0x080000c9   Thumb Code     0  entry8b.o(.ARM.Collect$$$$0000000A)
    _main_init                               0x080000c9   Thumb Code     0  entry9a.o(.ARM.Collect$$$$0000000B)
    __rt_final_cpp                           0x080000d1   Thumb Code     0  entry10a.o(.ARM.Collect$$$$0000000D)
    __rt_final_exit                          0x080000d1   Thumb Code     0  entry11a.o(.ARM.Collect$$$$0000000F)
    Reset_Handler                            0x080000d5   Thumb Code     8  startup_air001_dev.o(.text)
    ADC_COMP_IRQHandler                      0x080000e7   Thumb Code     0  startup_air001_dev.o(.text)
    DMA1_Channel1_IRQHandler                 0x080000e7   Thumb Code     0  startup_air001_dev.o(.text)
    DMA1_Channel2_3_IRQHandler               0x080000e7   Thumb Code     0  startup_air001_dev.o(.text)
    EXTI0_1_IRQHandler                       0x080000e7   Thumb Code     0  startup_air001_dev.o(.text)
    EXTI2_3_IRQHandler                       0x080000e7   Thumb Code     0  startup_air001_dev.o(.text)
    EXTI4_15_IRQHandler                      0x080000e7   Thumb Code     0  startup_air001_dev.o(.text)
    FLASH_IRQHandler                         0x080000e7   Thumb Code     0  startup_air001_dev.o(.text)
    I2C1_IRQHandler                          0x080000e7   Thumb Code     0  startup_air001_dev.o(.text)
    LED_IRQHandler                           0x080000e7   Thumb Code     0  startup_air001_dev.o(.text)
    LPTIM1_IRQHandler                        0x080000e7   Thumb Code     0  startup_air001_dev.o(.text)
    PVD_IRQHandler                           0x080000e7   Thumb Code     0  startup_air001_dev.o(.text)
    RCC_IRQHandler                           0x080000e7   Thumb Code     0  startup_air001_dev.o(.text)
    RTC_IRQHandler                           0x080000e7   Thumb Code     0  startup_air001_dev.o(.text)
    SPI1_IRQHandler                          0x080000e7   Thumb Code     0  startup_air001_dev.o(.text)
    SPI2_IRQHandler                          0x080000e7   Thumb Code     0  startup_air001_dev.o(.text)
    TIM14_IRQHandler                         0x080000e7   Thumb Code     0  startup_air001_dev.o(.text)
    TIM16_IRQHandler                         0x080000e7   Thumb Code     0  startup_air001_dev.o(.text)
    TIM17_IRQHandler                         0x080000e7   Thumb Code     0  startup_air001_dev.o(.text)
    TIM1_BRK_UP_TRG_COM_IRQHandler           0x080000e7   Thumb Code     0  startup_air001_dev.o(.text)
    TIM1_CC_IRQHandler                       0x080000e7   Thumb Code     0  startup_air001_dev.o(.text)
    TIM3_IRQHandler                          0x080000e7   Thumb Code     0  startup_air001_dev.o(.text)
    USART2_IRQHandler                        0x080000e7   Thumb Code     0  startup_air001_dev.o(.text)
    WWDG_IRQHandler                          0x080000e7   Thumb Code     0  startup_air001_dev.o(.text)
    __aeabi_uidiv                            0x080000f1   Thumb Code     0  uidiv.o(.text)
    __aeabi_uidivmod                         0x080000f1   Thumb Code    44  uidiv.o(.text)
    __aeabi_memcpy                           0x0800011d   Thumb Code    36  memcpya.o(.text)
    __aeabi_memcpy4                          0x0800011d   Thumb Code     0  memcpya.o(.text)
    __aeabi_memcpy8                          0x0800011d   Thumb Code     0  memcpya.o(.text)
    __scatterload                            0x08000141   Thumb Code    28  init.o(.text)
    __scatterload_rt2                        0x08000141   Thumb Code     0  init.o(.text)
    main                                     0x08000165   Thumb Code    44  system_air001xx.o(.text.$Sub$$main)
    Error_Handler                            0x08000191   Thumb Code     2  main.o(.text.Error_Handler)
    HAL_DMA_Abort_IT                         0x08000195   Thumb Code    92  air001xx_hal_dma.o(.text.HAL_DMA_Abort_IT)
    HAL_GPIO_Init                            0x080001f1   Thumb Code   356  air001xx_hal_gpio.o(.text.HAL_GPIO_Init)
    HAL_GetTick                              0x08000355   Thumb Code     8  air001xx_hal.o(.text.HAL_GetTick)
    HAL_IWDG_Init                            0x0800035d   Thumb Code    76  air001xx_hal_iwdg.o(.text.HAL_IWDG_Init)
    HAL_IWDG_Refresh                         0x080003a9   Thumb Code    16  air001xx_hal_iwdg.o(.text.HAL_IWDG_Refresh)
    HAL_IncTick                              0x080003b9   Thumb Code    20  air001xx_hal.o(.text.HAL_IncTick)
    HAL_Init                                 0x080003cd   Thumb Code    26  air001xx_hal.o(.text.HAL_Init)
    HAL_InitTick                             0x080003e9   Thumb Code    68  air001xx_hal.o(.text.HAL_InitTick)
    HAL_MspInit                              0x0800042d   Thumb Code    44  spi_1.o(.text.HAL_MspInit)
    HAL_NVIC_EnableIRQ                       0x08000459   Thumb Code    24  air001xx_hal_cortex.o(.text.HAL_NVIC_EnableIRQ)
    HAL_NVIC_SetPriority                     0x08000471   Thumb Code    64  air001xx_hal_cortex.o(.text.HAL_NVIC_SetPriority)
    HAL_RCC_ClockConfig                      0x080004b1   Thumb Code   372  air001xx_hal_rcc.o(.text.HAL_RCC_ClockConfig)
    HAL_RCC_GetPCLK1Freq                     0x08000625   Thumb Code    40  air001xx_hal_rcc.o(.text.HAL_RCC_GetPCLK1Freq)
    HAL_RCC_GetSysClockFreq                  0x0800064d   Thumb Code   140  air001xx_hal_rcc.o(.text.HAL_RCC_GetSysClockFreq)
    HAL_RCC_OscConfig                        0x080006d9   Thumb Code  1168  air001xx_hal_rcc.o(.text.HAL_RCC_OscConfig)
    HAL_SPI_DeInit                           0x08000b69   Thumb Code    46  air001xx_hal_spi.o(.text.HAL_SPI_DeInit)
    HAL_SPI_Init                             0x08000b99   Thumb Code   124  air001xx_hal_spi.o(.text.HAL_SPI_Init)
    HAL_SPI_MspDeInit                        0x08000c15   Thumb Code     2  air001xx_hal_spi.o(.text.HAL_SPI_MspDeInit)
    HAL_SPI_MspInit                          0x08000c19   Thumb Code   124  spi_1.o(.text.HAL_SPI_MspInit)
    HAL_SPI_Transmit                         0x08000c95   Thumb Code   368  air001xx_hal_spi.o(.text.HAL_SPI_Transmit)
    HAL_SYSTICK_Config                       0x08000e05   Thumb Code    52  air001xx_hal_cortex.o(.text.HAL_SYSTICK_Config)
    HAL_UART_ErrorCallback                   0x08000e39   Thumb Code     2  air001xx_hal_uart.o(.text.HAL_UART_ErrorCallback)
    HAL_UART_IRQHandler                      0x08000e3d   Thumb Code   364  air001xx_hal_uart.o(.text.HAL_UART_IRQHandler)
    HAL_UART_Init                            0x08000fa9   Thumb Code   134  air001xx_hal_uart.o(.text.HAL_UART_Init)
    HAL_UART_MspInit                         0x0800102f   Thumb Code     2  air001xx_hal_uart.o(.text.HAL_UART_MspInit)
    HAL_UART_RxCpltCallback                  0x08001031   Thumb Code     2  air001xx_hal_uart.o(.text.HAL_UART_RxCpltCallback)
    HAL_UART_TxCpltCallback                  0x08001033   Thumb Code     2  air001xx_hal_uart.o(.text.HAL_UART_TxCpltCallback)
    HardFault_Handler                        0x08001035   Thumb Code     2  air001xx_it.o(.text.HardFault_Handler)
    NMI_Handler                              0x08001037   Thumb Code     2  air001xx_it.o(.text.NMI_Handler)
    PendSV_Handler                           0x08001039   Thumb Code     2  air001xx_it.o(.text.PendSV_Handler)
    SPI_CONFIG                               0x0800103d   Thumb Code   116  spi_1.o(.text.SPI_CONFIG)
    SVC_Handler                              0x08001265   Thumb Code     2  air001xx_it.o(.text.SVC_Handler)
    SetColor                                 0x08001269   Thumb Code    28  spi_1.o(.text.SetColor)
    SysTick_Handler                          0x08001285   Thumb Code     8  air001xx_it.o(.text.SysTick_Handler)
    SystemInit                               0x0800128d   Thumb Code    48  system_air001xx.o(.text.SystemInit)
    USART1_IRQHandler                        0x080013f9   Thumb Code    72  air001xx_it.o(.text.USART1_IRQHandler)
    Uart_Init                                0x08001441   Thumb Code   160  uart.o(.text.Uart_Init)
    WS2812B_SendRGB                          0x080014e1   Thumb Code   144  spi_1.o(.text.WS2812B_SendRGB)
    $Super$$main                             0x08001571   Thumb Code   608  main.o(.text.main)
    __scatterload_copy                       0x080017d1   Thumb Code    14  handlers.o(i.__scatterload_copy)
    __scatterload_null                       0x080017df   Thumb Code     2  handlers.o(i.__scatterload_null)
    __scatterload_zeroinit                   0x080017e1   Thumb Code    14  handlers.o(i.__scatterload_zeroinit)
    AHBPrescTable                            0x08001804   Data          64  system_air001xx.o(.rodata.AHBPrescTable)
    APBPrescTable                            0x08001844   Data          32  system_air001xx.o(.rodata.APBPrescTable)
    HSIFreqTable                             0x08001864   Data          32  system_air001xx.o(.rodata.HSIFreqTable)
    Region$$Table$$Base                      0x08001884   Number         0  anon$$obj.o(Region$$Table)
    Region$$Table$$Limit                     0x080018a4   Number         0  anon$$obj.o(Region$$Table)
    VECT_SRAM_TAB                            0x20000000   Data         192  system_air001xx.o(.ARM.__at_0x20000000)
    SystemCoreClock                          0x200000c0   Data           4  system_air001xx.o(.data.SystemCoreClock)
    led_map                                  0x200000c4   Data          64  main.o(.data.led_map)
    uwTickFreq                               0x20000104   Data           4  air001xx_hal.o(.data.uwTickFreq)
    uwTickPrio                               0x20000108   Data           4  air001xx_hal.o(.data.uwTickPrio)
    IwdgHandle                               0x20000110   Data          12  main.o(.bss.IwdgHandle)
    RGB_SHOW_NOW                             0x2000011c   Data         192  spi_1.o(.bss.RGB_SHOW_NOW)
    RxFlag                                   0x200001dc   Data           1  main.o(.bss.RxFlag)
    Spi1Handle                               0x200001e0   Data          80  spi_1.o(.bss.Spi1Handle)
    UartHandle                               0x20000230   Data          76  uart.o(.bss.UartHandle)
    ch                                       0x2000027c   Data           1  air001xx_it.o(.bss.ch)
    count                                    0x2000027e   Data           2  air001xx_it.o(.bss.count)
    data                                     0x20000280   Data        1536  spi_1.o(.bss.data)
    i                                        0x20000880   Data           2  main.o(.bss.i)
    red                                      0x20000882   Data           3  main.o(.bss.red)
    resetFlag                                0x20000885   Data           1  main.o(.bss.resetFlag)
    rgb_range                                0x20000886   Data           6  main.o(.bss.rgb_range)
    rgb_range_old                            0x2000088c   Data           6  main.o(.bss.rgb_range_old)
    rgbflag                                  0x20000892   Data           1  main.o(.bss.rgbflag)
    rx_buffer                                0x20000893   Data         320  main.o(.bss.rx_buffer)
    tran_count                               0x200009d3   Data           3  main.o(.bss.tran_count)
    uwTick                                   0x200009d8   Data           4  air001xx_hal.o(.bss.uwTick)
    __initial_sp                             0x20000fe0   Data           0  startup_air001_dev.o(STACK)



==============================================================================

Memory Map of the image

  Image Entry point : 0x080000d5

  Load Region LR_1 (Base: 0x08000000, Size: 0x000019b0, Max: 0xffffffff, ABSOLUTE)

    Execution Region ER_RO (Exec base: 0x08000000, Load base: 0x08000000, Size: 0x000018a4, Max: 0xffffffff, ABSOLUTE)

    Exec Addr    Load Addr    Size         Type   Attr      Idx    E Section Name        Object

    0x08000000   0x08000000   0x000000c0   Data   RO          636    RESET               startup_air001_dev.o
    0x080000c0   0x080000c0   0x00000000   Code   RO          662  * .ARM.Collect$$$$00000000  mc_p.l(entry.o)
    0x080000c0   0x080000c0   0x00000004   Code   RO          673    .ARM.Collect$$$$00000001  mc_p.l(entry2.o)
    0x080000c4   0x080000c4   0x00000004   Code   RO          676    .ARM.Collect$$$$00000004  mc_p.l(entry5.o)
    0x080000c8   0x080000c8   0x00000000   Code   RO          678    .ARM.Collect$$$$00000008  mc_p.l(entry7b.o)
    0x080000c8   0x080000c8   0x00000000   Code   RO          680    .ARM.Collect$$$$0000000A  mc_p.l(entry8b.o)
    0x080000c8   0x080000c8   0x00000008   Code   RO          681    .ARM.Collect$$$$0000000B  mc_p.l(entry9a.o)
    0x080000d0   0x080000d0   0x00000000   Code   RO          683    .ARM.Collect$$$$0000000D  mc_p.l(entry10a.o)
    0x080000d0   0x080000d0   0x00000000   Code   RO          685    .ARM.Collect$$$$0000000F  mc_p.l(entry11a.o)
    0x080000d0   0x080000d0   0x00000004   Code   RO          674    .ARM.Collect$$$$00002712  mc_p.l(entry2.o)
    0x080000d4   0x080000d4   0x0000001c   Code   RO          637  * .text               startup_air001_dev.o
    0x080000f0   0x080000f0   0x0000002c   Code   RO          665    .text               mc_p.l(uidiv.o)
    0x0800011c   0x0800011c   0x00000024   Code   RO          667    .text               mc_p.l(memcpya.o)
    0x08000140   0x08000140   0x00000024   Code   RO          687    .text               mc_p.l(init.o)
    0x08000164   0x08000164   0x0000002c   Code   RO          648    .text.$Sub$$main    system_air001xx.o
    0x08000190   0x08000190   0x00000002   Code   RO          570    .text.Error_Handler  main.o
    0x08000192   0x08000192   0x00000002   PAD
    0x08000194   0x08000194   0x0000005c   Code   RO          389    .text.HAL_DMA_Abort_IT  air001xx_hal_dma.o
    0x080001f0   0x080001f0   0x00000164   Code   RO          116    .text.HAL_GPIO_Init  air001xx_hal_gpio.o
    0x08000354   0x08000354   0x00000008   Code   RO           14    .text.HAL_GetTick   air001xx_hal.o
    0x0800035c   0x0800035c   0x0000004c   Code   RO          533    .text.HAL_IWDG_Init  air001xx_hal_iwdg.o
    0x080003a8   0x080003a8   0x00000010   Code   RO          535    .text.HAL_IWDG_Refresh  air001xx_hal_iwdg.o
    0x080003b8   0x080003b8   0x00000014   Code   RO           12    .text.HAL_IncTick   air001xx_hal.o
    0x080003cc   0x080003cc   0x0000001a   Code   RO            2    .text.HAL_Init      air001xx_hal.o
    0x080003e6   0x080003e6   0x00000002   PAD
    0x080003e8   0x080003e8   0x00000044   Code   RO            4    .text.HAL_InitTick  air001xx_hal.o
    0x0800042c   0x0800042c   0x0000002c   Code   RO          612    .text.HAL_MspInit   spi_1.o
    0x08000458   0x08000458   0x00000018   Code   RO           59    .text.HAL_NVIC_EnableIRQ  air001xx_hal_cortex.o
    0x08000470   0x08000470   0x00000040   Code   RO           57    .text.HAL_NVIC_SetPriority  air001xx_hal_cortex.o
    0x080004b0   0x080004b0   0x00000174   Code   RO          146    .text.HAL_RCC_ClockConfig  air001xx_hal_rcc.o
    0x08000624   0x08000624   0x00000028   Code   RO          152    .text.HAL_RCC_GetPCLK1Freq  air001xx_hal_rcc.o
    0x0800064c   0x0800064c   0x0000008c   Code   RO          144    .text.HAL_RCC_GetSysClockFreq  air001xx_hal_rcc.o
    0x080006d8   0x080006d8   0x00000490   Code   RO          142    .text.HAL_RCC_OscConfig  air001xx_hal_rcc.o
    0x08000b68   0x08000b68   0x0000002e   Code   RO          417    .text.HAL_SPI_DeInit  air001xx_hal_spi.o
    0x08000b96   0x08000b96   0x00000002   PAD
    0x08000b98   0x08000b98   0x0000007c   Code   RO          413    .text.HAL_SPI_Init  air001xx_hal_spi.o
    0x08000c14   0x08000c14   0x00000002   Code   RO          419    .text.HAL_SPI_MspDeInit  air001xx_hal_spi.o
    0x08000c16   0x08000c16   0x00000002   PAD
    0x08000c18   0x08000c18   0x0000007c   Code   RO          614    .text.HAL_SPI_MspInit  spi_1.o
    0x08000c94   0x08000c94   0x00000170   Code   RO          421    .text.HAL_SPI_Transmit  air001xx_hal_spi.o
    0x08000e04   0x08000e04   0x00000034   Code   RO           65    .text.HAL_SYSTICK_Config  air001xx_hal_cortex.o
    0x08000e38   0x08000e38   0x00000002   Code   RO          347    .text.HAL_UART_ErrorCallback  air001xx_hal_uart.o
    0x08000e3a   0x08000e3a   0x00000002   PAD
    0x08000e3c   0x08000e3c   0x0000016c   Code   RO          341    .text.HAL_UART_IRQHandler  air001xx_hal_uart.o
    0x08000fa8   0x08000fa8   0x00000086   Code   RO          271    .text.HAL_UART_Init  air001xx_hal_uart.o
    0x0800102e   0x0800102e   0x00000002   Code   RO          273    .text.HAL_UART_MspInit  air001xx_hal_uart.o
    0x08001030   0x08001030   0x00000002   Code   RO          353    .text.HAL_UART_RxCpltCallback  air001xx_hal_uart.o
    0x08001032   0x08001032   0x00000002   Code   RO          349    .text.HAL_UART_TxCpltCallback  air001xx_hal_uart.o
    0x08001034   0x08001034   0x00000002   Code   RO          547    .text.HardFault_Handler  air001xx_it.o
    0x08001036   0x08001036   0x00000002   Code   RO          545    .text.NMI_Handler   air001xx_it.o
    0x08001038   0x08001038   0x00000002   Code   RO          551    .text.PendSV_Handler  air001xx_it.o
    0x0800103a   0x0800103a   0x00000002   PAD
    0x0800103c   0x0800103c   0x00000074   Code   RO          616    .text.SPI_CONFIG    spi_1.o
    0x080010b0   0x080010b0   0x0000004c   Code   RO          423    .text.SPI_EndRxTxTransaction  air001xx_hal_spi.o
    0x080010fc   0x080010fc   0x000000c8   Code   RO          479    .text.SPI_WaitFifoStateUntilTimeout  air001xx_hal_spi.o
    0x080011c4   0x080011c4   0x000000a0   Code   RO          481    .text.SPI_WaitFlagStateUntilTimeout  air001xx_hal_spi.o
    0x08001264   0x08001264   0x00000002   Code   RO          549    .text.SVC_Handler   air001xx_it.o
    0x08001266   0x08001266   0x00000002   PAD
    0x08001268   0x08001268   0x0000001c   Code   RO          622    .text.SetColor      spi_1.o
    0x08001284   0x08001284   0x00000008   Code   RO          553    .text.SysTick_Handler  air001xx_it.o
    0x0800128c   0x0800128c   0x00000030   Code   RO          646    .text.SystemInit    system_air001xx.o
    0x080012bc   0x080012bc   0x00000010   Code   RO          345    .text.UART_DMAAbortOnError  air001xx_hal_uart.o
    0x080012cc   0x080012cc   0x0000006c   Code   RO          343    .text.UART_Receive_IT  air001xx_hal_uart.o
    0x08001338   0x08001338   0x000000c0   Code   RO          275    .text.UART_SetConfig  air001xx_hal_uart.o
    0x080013f8   0x080013f8   0x00000048   Code   RO          555    .text.USART1_IRQHandler  air001xx_it.o
    0x08001440   0x08001440   0x000000a0   Code   RO          595    .text.Uart_Init     uart.o
    0x080014e0   0x080014e0   0x00000090   Code   RO          620    .text.WS2812B_SendRGB  spi_1.o
    0x08001570   0x08001570   0x00000260   Code   RO          568    .text.main          main.o
    0x080017d0   0x080017d0   0x0000000e   Code   RO          691    i.__scatterload_copy  mc_p.l(handlers.o)
    0x080017de   0x080017de   0x00000002   Code   RO          692    i.__scatterload_null  mc_p.l(handlers.o)
    0x080017e0   0x080017e0   0x0000000e   Code   RO          693    i.__scatterload_zeroinit  mc_p.l(handlers.o)
    0x080017ee   0x080017ee   0x00000002   PAD
    0x080017f0   0x080017f0   0x00000014   Data   RO          170    .rodata..L__const.HAL_RCC_GetSysClockFreq.hsiValue  air001xx_hal_rcc.o
    0x08001804   0x08001804   0x00000040   Data   RO          651    .rodata.AHBPrescTable  system_air001xx.o
    0x08001844   0x08001844   0x00000020   Data   RO          652    .rodata.APBPrescTable  system_air001xx.o
    0x08001864   0x08001864   0x00000020   Data   RO          653    .rodata.HSIFreqTable  system_air001xx.o
    0x08001884   0x08001884   0x00000020   Data   RO          690    Region$$Table       anon$$obj.o


    Execution Region ER_RW (Exec base: 0x20000000, Load base: 0x080018a4, Size: 0x0000010c, Max: 0xffffffff, ABSOLUTE)

    Exec Addr    Load Addr    Size         Type   Attr      Idx    E Section Name        Object

    0x20000000   0x080018a4   0x000000c0   Data   RW          654    .ARM.__at_0x20000000  system_air001xx.o
    0x200000c0   0x08001964   0x00000004   Data   RW          650    .data.SystemCoreClock  system_air001xx.o
    0x200000c4   0x08001968   0x00000040   Data   RW          574    .data.led_map       main.o
    0x20000104   0x080019a8   0x00000004   Data   RW           47    .data.uwTickFreq    air001xx_hal.o
    0x20000108   0x080019ac   0x00000004   Data   RW           46    .data.uwTickPrio    air001xx_hal.o


    Execution Region ER_ZI (Exec base: 0x20000110, Load base: 0x080019b0, Size: 0x00000ed0, Max: 0xffffffff, ABSOLUTE)

    Exec Addr    Load Addr    Size         Type   Attr      Idx    E Section Name        Object

    0x20000110        -       0x0000000c   Zero   RW          582    .bss.IwdgHandle     main.o
    0x2000011c        -       0x000000c0   Zero   RW          624    .bss.RGB_SHOW_NOW   spi_1.o
    0x200001dc        -       0x00000001   Zero   RW          586    .bss.RxFlag         main.o
    0x200001dd   0x080019b0   0x00000003   PAD
    0x200001e0        -       0x00000050   Zero   RW          625    .bss.Spi1Handle     spi_1.o
    0x20000230        -       0x0000004c   Zero   RW          603    .bss.UartHandle     uart.o
    0x2000027c        -       0x00000001   Zero   RW          557    .bss.ch             air001xx_it.o
    0x2000027d   0x080019b0   0x00000001   PAD
    0x2000027e        -       0x00000002   Zero   RW          558    .bss.count          air001xx_it.o
    0x20000280        -       0x00000600   Zero   RW          626    .bss.data           spi_1.o
    0x20000880        -       0x00000002   Zero   RW          575    .bss.i              main.o
    0x20000882        -       0x00000003   Zero   RW          580    .bss.red            main.o
    0x20000885        -       0x00000001   Zero   RW          576    .bss.resetFlag      main.o
    0x20000886        -       0x00000006   Zero   RW          583    .bss.rgb_range      main.o
    0x2000088c        -       0x00000006   Zero   RW          584    .bss.rgb_range_old  main.o
    0x20000892        -       0x00000001   Zero   RW          577    .bss.rgbflag        main.o
    0x20000893        -       0x00000140   Zero   RW          572    .bss.rx_buffer      main.o
    0x200009d3        -       0x00000003   Zero   RW          585    .bss.tran_count     main.o
    0x200009d6   0x080019b0   0x00000002   PAD
    0x200009d8        -       0x00000004   Zero   RW           48    .bss.uwTick         air001xx_hal.o
    0x200009dc   0x080019b0   0x00000004   PAD
    0x200009e0        -       0x00000600   Zero   RW          634    STACK               startup_air001_dev.o


==============================================================================

Image component sizes


      Code (inc. data)   RO Data    RW Data    ZI Data      Debug   Object Name

       122          8          0          8          4       5299   air001xx_hal.o
       140         24          0          0          0       5306   air001xx_hal_cortex.o
        92          4          0          0          0       8291   air001xx_hal_dma.o
       356         16          0          0          0       4250   air001xx_hal_gpio.o
        92         12          0          0          0       1625   air001xx_hal_iwdg.o
      1720        104         20          0          0       8626   air001xx_hal_rcc.o
       976          8          0          0          0      22341   air001xx_hal_spi.o
       822         12          0          0          0      17810   air001xx_hal_uart.o
        88         12          0          0          3       1226   air001xx_it.o
       610         72          0         64        355       4170   main.o
       456         40          0          0       1808       5496   spi_1.o
        28          8        192          0       1536        648   startup_air001_dev.o
        92         24        128        196          0       2274   system_air001xx.o
       160          4          0          0         76       5522   uart.o

    ----------------------------------------------------------------------
      5768        348        372        268       3792      92884   Object Totals
         0          0         32          0          0          0   (incl. Generated)
        14          0          0          0         10          0   (incl. Padding)

    ----------------------------------------------------------------------

      Code (inc. data)   RO Data    RW Data    ZI Data      Debug   Library Member Name

         0          0          0          0          0          0   entry.o
         0          0          0          0          0          0   entry10a.o
         0          0          0          0          0          0   entry11a.o
         8          4          0          0          0          0   entry2.o
         4          0          0          0          0          0   entry5.o
         0          0          0          0          0          0   entry7b.o
         0          0          0          0          0          0   entry8b.o
         8          4          0          0          0          0   entry9a.o
        30          0          0          0          0          0   handlers.o
        36          8          0          0          0         68   init.o
        36          0          0          0          0         60   memcpya.o
        44          0          0          0          0         72   uidiv.o

    ----------------------------------------------------------------------
       168         16          0          0          0        200   Library Totals
         2          0          0          0          0          0   (incl. Padding)

    ----------------------------------------------------------------------

      Code (inc. data)   RO Data    RW Data    ZI Data      Debug   Library Name

       166         16          0          0          0        200   mc_p.l

    ----------------------------------------------------------------------
       168         16          0          0          0        200   Library Totals

    ----------------------------------------------------------------------

==============================================================================


      Code (inc. data)   RO Data    RW Data    ZI Data      Debug   

      5936        364        372        268       3792      93000   Grand Totals
      5936        364        372        268       3792      93000   ELF Image Totals
      5936        364        372        268          0          0   ROM Totals

==============================================================================

    Total RO  Size (Code + RO Data)                 6308 (   6.16kB)
    Total RW  Size (RW Data + ZI Data)              4060 (   3.96kB)
    Total ROM Size (Code + RO Data + RW Data)       6576 (   6.42kB)

==============================================================================

