Component: ARM Compiler 6.14 Tool: armlink [5db06800]

==============================================================================

Section Cross References

    air001xx_hal.o(.text.HAL_Init) refers to air001xx_hal.o(.text.HAL_InitTick) for HAL_InitTick
    air001xx_hal.o(.text.HAL_Init) refers to spi_1.o(.text.HAL_MspInit) for HAL_MspInit
    air001xx_hal.o(.ARM.exidx.text.HAL_Init) refers to air001xx_hal.o(.text.HAL_Init) for [Anonymous Symbol]
    air001xx_hal.o(.text.HAL_InitTick) refers to uidiv.o(.text) for __aeabi_uidiv
    air001xx_hal.o(.text.HAL_InitTick) refers to air001xx_hal_cortex.o(.text.HAL_SYSTICK_Config) for HAL_SYSTICK_Config
    air001xx_hal.o(.text.HAL_InitTick) refers to air001xx_hal_cortex.o(.text.HAL_NVIC_SetPriority) for HAL_NVIC_SetPriority
    air001xx_hal.o(.text.HAL_InitTick) refers to air001xx_hal.o(.data.uwTickFreq) for uwTickFreq
    air001xx_hal.o(.text.HAL_InitTick) refers to system_air001xx.o(.data.SystemCoreClock) for SystemCoreClock
    air001xx_hal.o(.text.HAL_InitTick) refers to air001xx_hal.o(.data.uwTickPrio) for uwTickPrio
    air001xx_hal.o(.ARM.exidx.text.HAL_InitTick) refers to air001xx_hal.o(.text.HAL_InitTick) for [Anonymous Symbol]
    air001xx_hal.o(.ARM.exidx.text.HAL_MspInit) refers to air001xx_hal.o(.text.HAL_MspInit) for [Anonymous Symbol]
    air001xx_hal.o(.text.HAL_DeInit) refers to air001xx_hal.o(.text.HAL_MspDeInit) for HAL_MspDeInit
    air001xx_hal.o(.ARM.exidx.text.HAL_DeInit) refers to air001xx_hal.o(.text.HAL_DeInit) for [Anonymous Symbol]
    air001xx_hal.o(.ARM.exidx.text.HAL_MspDeInit) refers to air001xx_hal.o(.text.HAL_MspDeInit) for [Anonymous Symbol]
    air001xx_hal.o(.text.HAL_IncTick) refers to air001xx_hal.o(.data.uwTickFreq) for uwTickFreq
    air001xx_hal.o(.text.HAL_IncTick) refers to air001xx_hal.o(.bss.uwTick) for uwTick
    air001xx_hal.o(.ARM.exidx.text.HAL_IncTick) refers to air001xx_hal.o(.text.HAL_IncTick) for [Anonymous Symbol]
    air001xx_hal.o(.text.HAL_GetTick) refers to air001xx_hal.o(.bss.uwTick) for uwTick
    air001xx_hal.o(.ARM.exidx.text.HAL_GetTick) refers to air001xx_hal.o(.text.HAL_GetTick) for [Anonymous Symbol]
    air001xx_hal.o(.text.HAL_GetTickPrio) refers to air001xx_hal.o(.data.uwTickPrio) for uwTickPrio
    air001xx_hal.o(.ARM.exidx.text.HAL_GetTickPrio) refers to air001xx_hal.o(.text.HAL_GetTickPrio) for [Anonymous Symbol]
    air001xx_hal.o(.text.HAL_SetTickFreq) refers to air001xx_hal.o(.text.HAL_InitTick) for HAL_InitTick
    air001xx_hal.o(.text.HAL_SetTickFreq) refers to air001xx_hal.o(.data.uwTickFreq) for uwTickFreq
    air001xx_hal.o(.text.HAL_SetTickFreq) refers to air001xx_hal.o(.data.uwTickPrio) for uwTickPrio
    air001xx_hal.o(.ARM.exidx.text.HAL_SetTickFreq) refers to air001xx_hal.o(.text.HAL_SetTickFreq) for [Anonymous Symbol]
    air001xx_hal.o(.text.HAL_GetTickFreq) refers to air001xx_hal.o(.data.uwTickFreq) for uwTickFreq
    air001xx_hal.o(.ARM.exidx.text.HAL_GetTickFreq) refers to air001xx_hal.o(.text.HAL_GetTickFreq) for [Anonymous Symbol]
    air001xx_hal.o(.text.HAL_Delay) refers to air001xx_hal.o(.text.HAL_GetTick) for HAL_GetTick
    air001xx_hal.o(.text.HAL_Delay) refers to air001xx_hal.o(.data.uwTickFreq) for uwTickFreq
    air001xx_hal.o(.ARM.exidx.text.HAL_Delay) refers to air001xx_hal.o(.text.HAL_Delay) for [Anonymous Symbol]
    air001xx_hal.o(.ARM.exidx.text.HAL_SuspendTick) refers to air001xx_hal.o(.text.HAL_SuspendTick) for [Anonymous Symbol]
    air001xx_hal.o(.ARM.exidx.text.HAL_ResumeTick) refers to air001xx_hal.o(.text.HAL_ResumeTick) for [Anonymous Symbol]
    air001xx_hal.o(.ARM.exidx.text.HAL_GetHalVersion) refers to air001xx_hal.o(.text.HAL_GetHalVersion) for [Anonymous Symbol]
    air001xx_hal.o(.ARM.exidx.text.HAL_GetREVID) refers to air001xx_hal.o(.text.HAL_GetREVID) for [Anonymous Symbol]
    air001xx_hal.o(.ARM.exidx.text.HAL_GetDEVID) refers to air001xx_hal.o(.text.HAL_GetDEVID) for [Anonymous Symbol]
    air001xx_hal.o(.ARM.exidx.text.HAL_GetUIDw0) refers to air001xx_hal.o(.text.HAL_GetUIDw0) for [Anonymous Symbol]
    air001xx_hal.o(.ARM.exidx.text.HAL_GetUIDw1) refers to air001xx_hal.o(.text.HAL_GetUIDw1) for [Anonymous Symbol]
    air001xx_hal.o(.ARM.exidx.text.HAL_GetUIDw2) refers to air001xx_hal.o(.text.HAL_GetUIDw2) for [Anonymous Symbol]
    air001xx_hal.o(.ARM.exidx.text.HAL_DBGMCU_EnableDBGMCUStopMode) refers to air001xx_hal.o(.text.HAL_DBGMCU_EnableDBGMCUStopMode) for [Anonymous Symbol]
    air001xx_hal.o(.ARM.exidx.text.HAL_DBGMCU_DisableDBGMCUStopMode) refers to air001xx_hal.o(.text.HAL_DBGMCU_DisableDBGMCUStopMode) for [Anonymous Symbol]
    air001xx_hal.o(.ARM.exidx.text.HAL_SYSCFG_DMA_Req) refers to air001xx_hal.o(.text.HAL_SYSCFG_DMA_Req) for [Anonymous Symbol]
    air001xx_hal_cortex.o(.text.HAL_NVIC_SetPriority) refers to air001xx_hal_cortex.o(.text.__NVIC_SetPriority) for __NVIC_SetPriority
[...]
    Removing air001xx_hal_flash.o(.text.HAL_FLASH_Erase), (492 bytes).
    Removing air001xx_hal_flash.o(.ARM.exidx.text.HAL_FLASH_Erase), (8 bytes).
    Removing air001xx_hal_flash.o(.text.FLASH_MassErase), (40 bytes).
    Removing air001xx_hal_flash.o(.ARM.exidx.text.FLASH_MassErase), (8 bytes).
    Removing air001xx_hal_flash.o(.text.FLASH_PageErase), (68 bytes).
    Removing air001xx_hal_flash.o(.ARM.exidx.text.FLASH_PageErase), (8 bytes).
    Removing air001xx_hal_flash.o(.text.FLASH_SectorErase), (24 bytes).
    Removing air001xx_hal_flash.o(.ARM.exidx.text.FLASH_SectorErase), (8 bytes).
    Removing air001xx_hal_flash.o(.text.HAL_FLASH_Erase_IT), (352 bytes).
    Removing air001xx_hal_flash.o(.ARM.exidx.text.HAL_FLASH_Erase_IT), (8 bytes).
    Removing air001xx_hal_flash.o(.text.HAL_FLASH_PageProgram), (12 bytes).
    Removing air001xx_hal_flash.o(.ARM.exidx.text.HAL_FLASH_PageProgram), (8 bytes).
    Removing air001xx_hal_flash.o(.text.HAL_FLASH_Program), (328 bytes).
    Removing air001xx_hal_flash.o(.ARM.exidx.text.HAL_FLASH_Program), (8 bytes).
    Removing air001xx_hal_flash.o(.RamFunc), (68 bytes).
    Removing air001xx_hal_flash.o(.ARM.exidx.RamFunc), (8 bytes).
    Removing air001xx_hal_flash.o(.text.HAL_FLASH_PageProgram_IT), (14 bytes).
    Removing air001xx_hal_flash.o(.ARM.exidx.text.HAL_FLASH_PageProgram_IT), (8 bytes).
    Removing air001xx_hal_flash.o(.text.HAL_FLASH_Program_IT), (312 bytes).
    Removing air001xx_hal_flash.o(.ARM.exidx.text.HAL_FLASH_Program_IT), (8 bytes).
    Removing air001xx_hal_flash.o(.text.HAL_FLASH_OB_RDP_LevelConfig), (88 bytes).
    Removing air001xx_hal_flash.o(.ARM.exidx.text.HAL_FLASH_OB_RDP_LevelConfig), (8 bytes).
    Removing air001xx_hal_flash.o(.text.HAL_FLASH_OBProgram), (376 bytes).
    Removing air001xx_hal_flash.o(.ARM.exidx.text.HAL_FLASH_OBProgram), (8 bytes).
    Removing air001xx_hal_flash.o(.text.FLASH_OB_OptrConfig), (24 bytes).
    Removing air001xx_hal_flash.o(.ARM.exidx.text.FLASH_OB_OptrConfig), (8 bytes).
    Removing air001xx_hal_flash.o(.text.FLASH_OB_GetUser), (16 bytes).
    Removing air001xx_hal_flash.o(.ARM.exidx.text.FLASH_OB_GetUser), (8 bytes).
    Removing air001xx_hal_flash.o(.text.FLASH_OB_GetRDP), (12 bytes).
    Removing air001xx_hal_flash.o(.ARM.exidx.text.FLASH_OB_GetRDP), (8 bytes).
    Removing air001xx_hal_flash.o(.text.HAL_FLASH_OBGetConfig), (68 bytes).
    Removing air001xx_hal_flash.o(.ARM.exidx.text.HAL_FLASH_OBGetConfig), (8 bytes).
    Removing air001xx_hal_flash.o(.text.HAL_FLASH_IRQHandler), (180 bytes).
    Removing air001xx_hal_flash.o(.ARM.exidx.text.HAL_FLASH_IRQHandler), (8 bytes).
    Removing air001xx_hal_flash.o(.text.HAL_FLASH_OperationErrorCallback), (2 bytes).
    Removing air001xx_hal_flash.o(.ARM.exidx.text.HAL_FLASH_OperationErrorCallback), (8 bytes).
    Removing air001xx_hal_flash.o(.text.HAL_FLASH_EndOfOperationCallback), (2 bytes).
    Removing air001xx_hal_flash.o(.ARM.exidx.text.HAL_FLASH_EndOfOperationCallback), (8 bytes).
    Removing air001xx_hal_flash.o(.bss.pFlash), (24 bytes).
    Removing air001xx_hal_flash.o(.rodata._FlashTimmingParam), (32 bytes).
    Removing air001xx_hal_pwr.o(.text), (0 bytes).
    Removing air001xx_hal_pwr.o(.text.HAL_PWR_DeInit), (24 bytes).
    Removing air001xx_hal_pwr.o(.ARM.exidx.text.HAL_PWR_DeInit), (8 bytes).
    Removing air001xx_hal_pwr.o(.text.HAL_PWR_EnableBkUpAccess), (20 bytes).
    Removing air001xx_hal_pwr.o(.ARM.exidx.text.HAL_PWR_EnableBkUpAccess), (8 bytes).
    Removing air001xx_hal_pwr.o(.text.HAL_PWR_DisableBkUpAccess), (20 bytes).
    Removing air001xx_hal_pwr.o(.ARM.exidx.text.HAL_PWR_DisableBkUpAccess), (8 bytes).
    Removing air001xx_hal_pwr.o(.text.HAL_PWR_ConfigPVD), (136 bytes).
    Removing air001xx_hal_pwr.o(.ARM.exidx.text.HAL_PWR_ConfigPVD), (8 bytes).
    Removing air001xx_hal_pwr.o(.text.HAL_PWR_EnablePVD), (16 bytes).
    Removing air001xx_hal_pwr.o(.ARM.exidx.text.HAL_PWR_EnablePVD), (8 bytes).
    Removing air001xx_hal_pwr.o(.text.HAL_PWR_DisablePVD), (16 bytes).
    Removing air001xx_hal_pwr.o(.ARM.exidx.text.HAL_PWR_DisablePVD), (8 bytes).
    Removing air001xx_hal_pwr.o(.text.HAL_PWR_ConfigStopMode), (40 bytes).
    Removing air001xx_hal_pwr.o(.ARM.exidx.text.HAL_PWR_ConfigStopMode), (8 bytes).
    Removing air001xx_hal_pwr.o(.text.HAL_PWR_ConfigBIAS), (44 bytes).
    Removing air001xx_hal_pwr.o(.ARM.exidx.text.HAL_PWR_ConfigBIAS), (8 bytes).
    Removing air001xx_hal_pwr.o(.text.HAL_PWR_EnterSLEEPMode), (32 bytes).
    Removing air001xx_hal_pwr.o(.ARM.exidx.text.HAL_PWR_EnterSLEEPMode), (8 bytes).
    Removing air001xx_hal_pwr.o(.text.HAL_PWR_EnterSTOPMode), (64 bytes).
    Removing air001xx_hal_pwr.o(.ARM.exidx.text.HAL_PWR_EnterSTOPMode), (8 bytes).
    Removing air001xx_hal_pwr.o(.text.HAL_PWR_EnableSleepOnExit), (16 bytes).
    Removing air001xx_hal_pwr.o(.ARM.exidx.text.HAL_PWR_EnableSleepOnExit), (8 bytes).
    Removing air001xx_hal_pwr.o(.text.HAL_PWR_DisableSleepOnExit), (16 bytes).
    Removing air001xx_hal_pwr.o(.ARM.exidx.text.HAL_PWR_DisableSleepOnExit), (8 bytes).
    Removing air001xx_hal_pwr.o(.text.HAL_PWR_EnableSEVOnPend), (16 bytes).
    Removing air001xx_hal_pwr.o(.ARM.exidx.text.HAL_PWR_EnableSEVOnPend), (8 bytes).
    Removing air001xx_hal_pwr.o(.text.HAL_PWR_DisableSEVOnPend), (16 bytes).
    Removing air001xx_hal_pwr.o(.ARM.exidx.text.HAL_PWR_DisableSEVOnPend), (8 bytes).
    Removing air001xx_hal_pwr.o(.text.HAL_PWR_PVD_IRQHandler), (28 bytes).
    Removing air001xx_hal_pwr.o(.ARM.exidx.text.HAL_PWR_PVD_IRQHandler), (8 bytes).
    Removing air001xx_hal_pwr.o(.text.HAL_PWR_PVD_Callback), (2 bytes).
    Removing air001xx_hal_pwr.o(.ARM.exidx.text.HAL_PWR_PVD_Callback), (8 bytes).
    Removing air001xx_hal_uart.o(.text), (0 bytes).
    Removing air001xx_hal_uart.o(.ARM.exidx.text.HAL_UART_Init), (8 bytes).
    Removing air001xx_hal_uart.o(.ARM.exidx.text.HAL_UART_MspInit), (8 bytes).
    Removing air001xx_hal_uart.o(.ARM.exidx.text.UART_SetConfig), (8 bytes).
    Removing air001xx_hal_uart.o(.ARM.exidx.text.UART_AdvFeatureConfig), (8 bytes).
    Removing air001xx_hal_uart.o(.text.HAL_HalfDuplex_Init), (96 bytes).
    Removing air001xx_hal_uart.o(.ARM.exidx.text.HAL_HalfDuplex_Init), (8 bytes).
    Removing air001xx_hal_uart.o(.text.HAL_MultiProcessor_Init), (132 bytes).
    Removing air001xx_hal_uart.o(.ARM.exidx.text.HAL_MultiProcessor_Init), (8 bytes).
    Removing air001xx_hal_uart.o(.text.HAL_UART_DeInit), (50 bytes).
    Removing air001xx_hal_uart.o(.ARM.exidx.text.HAL_UART_DeInit), (8 bytes).
    Removing air001xx_hal_uart.o(.text.HAL_UART_MspDeInit), (2 bytes).
    Removing air001xx_hal_uart.o(.ARM.exidx.text.HAL_UART_MspDeInit), (8 bytes).
    Removing air001xx_hal_uart.o(.ARM.exidx.text.HAL_UART_Transmit), (8 bytes).
    Removing air001xx_hal_uart.o(.ARM.exidx.text.UART_WaitOnFlagUntilTimeout), (8 bytes).
    Removing air001xx_hal_uart.o(.text.HAL_UART_Receive), (212 bytes).
    Removing air001xx_hal_uart.o(.ARM.exidx.text.HAL_UART_Receive), (8 bytes).
    Removing air001xx_hal_uart.o(.text.HAL_UART_Transmit_IT), (68 bytes).
    Removing air001xx_hal_uart.o(.ARM.exidx.text.HAL_UART_Transmit_IT), (8 bytes).
    Removing air001xx_hal_uart.o(.text.HAL_UART_Receive_IT), (96 bytes).
    Removing air001xx_hal_uart.o(.ARM.exidx.text.HAL_UART_Receive_IT), (8 bytes).
    Removing air001xx_hal_uart.o(.text.HAL_UART_Transmit_DMA), (124 bytes).
    Removing air001xx_hal_uart.o(.ARM.exidx.text.HAL_UART_Transmit_DMA), (8 bytes).
    Removing air001xx_hal_uart.o(.text.UART_DMATransmitCplt), (44 bytes).
    Removing air001xx_hal_uart.o(.ARM.exidx.text.UART_DMATransmitCplt), (8 bytes).
    Removing air001xx_hal_uart.o(.text.UART_DMATxHalfCplt), (10 bytes).
    Removing air001xx_hal_uart.o(.ARM.exidx.text.UART_DMATxHalfCplt), (8 bytes).
    Removing air001xx_hal_uart.o(.text.UART_DMAError), (78 bytes).
    Removing air001xx_hal_uart.o(.ARM.exidx.text.UART_DMAError), (8 bytes).
    Removing air001xx_hal_uart.o(.text.HAL_UART_Receive_DMA), (164 bytes).
    Removing air001xx_hal_uart.o(.ARM.exidx.text.HAL_UART_Receive_DMA), (8 bytes).
    Removing air001xx_hal_uart.o(.text.UART_DMAReceiveCplt), (56 bytes).
    Removing air001xx_hal_uart.o(.ARM.exidx.text.UART_DMAReceiveCplt), (8 bytes).
    Removing air001xx_hal_uart.o(.text.UART_DMARxHalfCplt), (10 bytes).
    Removing air001xx_hal_uart.o(.ARM.exidx.text.UART_DMARxHalfCplt), (8 bytes).
    Removing air001xx_hal_uart.o(.text.HAL_UART_DMAPause), (84 bytes).
    Removing air001xx_hal_uart.o(.ARM.exidx.text.HAL_UART_DMAPause), (8 bytes).
    Removing air001xx_hal_uart.o(.text.HAL_UART_DMAResume), (94 bytes).
    Removing air001xx_hal_uart.o(.ARM.exidx.text.HAL_UART_DMAResume), (8 bytes).
    Removing air001xx_hal_uart.o(.text.HAL_UART_DMAStop), (90 bytes).
    Removing air001xx_hal_uart.o(.ARM.exidx.text.HAL_UART_DMAStop), (8 bytes).
    Removing air001xx_hal_uart.o(.text.UART_EndTxTransfer), (18 bytes).
    Removing air001xx_hal_uart.o(.ARM.exidx.text.UART_EndTxTransfer), (8 bytes).
    Removing air001xx_hal_uart.o(.ARM.exidx.text.UART_EndRxTransfer), (8 bytes).
    Removing air001xx_hal_uart.o(.text.HAL_UART_Abort), (138 bytes).
    Removing air001xx_hal_uart.o(.ARM.exidx.text.HAL_UART_Abort), (8 bytes).
    Removing air001xx_hal_uart.o(.text.HAL_UART_AbortTransmit), (76 bytes).
    Removing air001xx_hal_uart.o(.ARM.exidx.text.HAL_UART_AbortTransmit), (8 bytes).
    Removing air001xx_hal_uart.o(.text.HAL_UART_AbortReceive), (86 bytes).
    Removing air001xx_hal_uart.o(.ARM.exidx.text.HAL_UART_AbortReceive), (8 bytes).
    Removing air001xx_hal_uart.o(.text.HAL_UART_Abort_IT), (184 bytes).
    Removing air001xx_hal_uart.o(.ARM.exidx.text.HAL_UART_Abort_IT), (8 bytes).
    Removing air001xx_hal_uart.o(.text.UART_DMATxAbortCallback), (46 bytes).
    Removing air001xx_hal_uart.o(.ARM.exidx.text.UART_DMATxAbortCallback), (8 bytes).
    Removing air001xx_hal_uart.o(.text.UART_DMARxAbortCallback), (46 bytes).
    Removing air001xx_hal_uart.o(.ARM.exidx.text.UART_DMARxAbortCallback), (8 bytes).
    Removing air001xx_hal_uart.o(.text.HAL_UART_AbortCpltCallback), (2 bytes).
    Removing air001xx_hal_uart.o(.ARM.exidx.text.HAL_UART_AbortCpltCallback), (8 bytes).
    Removing air001xx_hal_uart.o(.text.HAL_UART_AbortTransmit_IT), (100 bytes).
    Removing air001xx_hal_uart.o(.ARM.exidx.text.HAL_UART_AbortTransmit_IT), (8 bytes).
    Removing air001xx_hal_uart.o(.text.UART_DMATxOnlyAbortCallback), (20 bytes).
    Removing air001xx_hal_uart.o(.ARM.exidx.text.UART_DMATxOnlyAbortCallback), (8 bytes).
    Removing air001xx_hal_uart.o(.text.HAL_UART_AbortTransmitCpltCallback), (2 bytes).
    Removing air001xx_hal_uart.o(.ARM.exidx.text.HAL_UART_AbortTransmitCpltCallback), (8 bytes).
    Removing air001xx_hal_uart.o(.text.HAL_UART_AbortReceive_IT), (112 bytes).
    Removing air001xx_hal_uart.o(.ARM.exidx.text.HAL_UART_AbortReceive_IT), (8 bytes).
    Removing air001xx_hal_uart.o(.text.UART_DMARxOnlyAbortCallback), (20 bytes).
    Removing air001xx_hal_uart.o(.ARM.exidx.text.UART_DMARxOnlyAbortCallback), (8 bytes).
    Removing air001xx_hal_uart.o(.text.HAL_UART_AbortReceiveCpltCallback), (2 bytes).
    Removing air001xx_hal_uart.o(.ARM.exidx.text.HAL_UART_AbortReceiveCpltCallback), (8 bytes).
    Removing air001xx_hal_uart.o(.ARM.exidx.text.HAL_UART_IRQHandler), (8 bytes).
    Removing air001xx_hal_uart.o(.ARM.exidx.text.UART_Receive_IT), (8 bytes).
    Removing air001xx_hal_uart.o(.ARM.exidx.text.UART_DMAAbortOnError), (8 bytes).
    Removing air001xx_hal_uart.o(.ARM.exidx.text.HAL_UART_ErrorCallback), (8 bytes).
    Removing air001xx_hal_uart.o(.ARM.exidx.text.UART_Transmit_IT), (8 bytes).
    Removing air001xx_hal_uart.o(.ARM.exidx.text.UART_EndTransmit_IT), (8 bytes).
    Removing air001xx_hal_uart.o(.ARM.exidx.text.HAL_UART_TxCpltCallback), (8 bytes).
    Removing air001xx_hal_uart.o(.text.HAL_UART_TxHalfCpltCallback), (2 bytes).
    Removing air001xx_hal_uart.o(.ARM.exidx.text.HAL_UART_TxHalfCpltCallback), (8 bytes).
    Removing air001xx_hal_uart.o(.ARM.exidx.text.HAL_UART_RxCpltCallback), (8 bytes).
    Removing air001xx_hal_uart.o(.text.HAL_UART_RxHalfCpltCallback), (2 bytes).
    Removing air001xx_hal_uart.o(.ARM.exidx.text.HAL_UART_RxHalfCpltCallback), (8 bytes).
    Removing air001xx_hal_uart.o(.text.HAL_UART_SendBreak), (40 bytes).
    Removing air001xx_hal_uart.o(.ARM.exidx.text.HAL_UART_SendBreak), (8 bytes).
    Removing air001xx_hal_uart.o(.text.HAL_MultiProcessor_EnterMuteMode), (40 bytes).
    Removing air001xx_hal_uart.o(.ARM.exidx.text.HAL_MultiProcessor_EnterMuteMode), (8 bytes).
    Removing air001xx_hal_uart.o(.text.HAL_MultiProcessor_ExitMuteMode), (40 bytes).
    Removing air001xx_hal_uart.o(.ARM.exidx.text.HAL_MultiProcessor_ExitMuteMode), (8 bytes).
    Removing air001xx_hal_uart.o(.text.HAL_HalfDuplex_EnableTransmitter), (44 bytes).
    Removing air001xx_hal_uart.o(.ARM.exidx.text.HAL_HalfDuplex_EnableTransmitter), (8 bytes).
    Removing air001xx_hal_uart.o(.text.HAL_HalfDuplex_EnableReceiver), (44 bytes).
    Removing air001xx_hal_uart.o(.ARM.exidx.text.HAL_HalfDuplex_EnableReceiver), (8 bytes).
    Removing air001xx_hal_uart.o(.text.HAL_UART_GetState), (14 bytes).
    Removing air001xx_hal_uart.o(.ARM.exidx.text.HAL_UART_GetState), (8 bytes).
    Removing air001xx_hal_uart.o(.text.HAL_UART_GetError), (4 bytes).
    Removing air001xx_hal_uart.o(.ARM.exidx.text.HAL_UART_GetError), (8 bytes).
    Removing air001xx_hal_dma.o(.text), (0 bytes).
    Removing air001xx_hal_dma.o(.text.HAL_DMA_Init), (120 bytes).
    Removing air001xx_hal_dma.o(.ARM.exidx.text.HAL_DMA_Init), (8 bytes).
    Removing air001xx_hal_dma.o(.text.HAL_DMA_DeInit), (88 bytes).
    Removing air001xx_hal_dma.o(.ARM.exidx.text.HAL_DMA_DeInit), (8 bytes).
    Removing air001xx_hal_dma.o(.text.HAL_DMA_Start), (72 bytes).
    Removing air001xx_hal_dma.o(.ARM.exidx.text.HAL_DMA_Start), (8 bytes).
    Removing air001xx_hal_dma.o(.text.DMA_SetConfig), (38 bytes).
    Removing air001xx_hal_dma.o(.ARM.exidx.text.DMA_SetConfig), (8 bytes).
    Removing air001xx_hal_dma.o(.text.HAL_DMA_Start_IT), (98 bytes).
    Removing air001xx_hal_dma.o(.ARM.exidx.text.HAL_DMA_Start_IT), (8 bytes).
    Removing air001xx_hal_dma.o(.text.HAL_DMA_Abort), (60 bytes).
    Removing air001xx_hal_dma.o(.ARM.exidx.text.HAL_DMA_Abort), (8 bytes).
    Removing air001xx_hal_dma.o(.ARM.exidx.text.HAL_DMA_Abort_IT), (8 bytes).
    Removing air001xx_hal_dma.o(.text.HAL_DMA_PollForTransfer), (324 bytes).
    Removing air001xx_hal_dma.o(.ARM.exidx.text.HAL_DMA_PollForTransfer), (8 bytes).
    Removing air001xx_hal_dma.o(.text.HAL_DMA_IRQHandler), (220 bytes).
    Removing air001xx_hal_dma.o(.ARM.exidx.text.HAL_DMA_IRQHandler), (8 bytes).
    Removing air001xx_hal_dma.o(.text.HAL_DMA_RegisterCallback), (70 bytes).
    Removing air001xx_hal_dma.o(.ARM.exidx.text.HAL_DMA_RegisterCallback), (8 bytes).
    Removing air001xx_hal_dma.o(.text.HAL_DMA_UnRegisterCallback), (88 bytes).
    Removing air001xx_hal_dma.o(.ARM.exidx.text.HAL_DMA_UnRegisterCallback), (8 bytes).
    Removing air001xx_hal_dma.o(.text.HAL_DMA_ChannelMap), (72 bytes).
    Removing air001xx_hal_dma.o(.ARM.exidx.text.HAL_DMA_ChannelMap), (8 bytes).
    Removing air001xx_hal_dma.o(.text.HAL_DMA_GetState), (6 bytes).
    Removing air001xx_hal_dma.o(.ARM.exidx.text.HAL_DMA_GetState), (8 bytes).
    Removing air001xx_hal_dma.o(.text.HAL_DMA_GetError), (4 bytes).
    Removing air001xx_hal_dma.o(.ARM.exidx.text.HAL_DMA_GetError), (8 bytes).
    Removing air001xx_hal_spi.o(.text), (0 bytes).
    Removing air001xx_hal_spi.o(.ARM.exidx.text.HAL_SPI_Init), (8 bytes).
    Removing air001xx_hal_spi.o(.text.HAL_SPI_MspInit), (2 bytes).
    Removing air001xx_hal_spi.o(.ARM.exidx.text.HAL_SPI_MspInit), (8 bytes).
    Removing air001xx_hal_spi.o(.ARM.exidx.text.HAL_SPI_DeInit), (8 bytes).
    Removing air001xx_hal_spi.o(.ARM.exidx.text.HAL_SPI_MspDeInit), (8 bytes).
    Removing air001xx_hal_spi.o(.ARM.exidx.text.HAL_SPI_Transmit), (8 bytes).
    Removing air001xx_hal_spi.o(.ARM.exidx.text.SPI_EndRxTxTransaction), (8 bytes).
    Removing air001xx_hal_spi.o(.text.HAL_SPI_Receive), (358 bytes).
    Removing air001xx_hal_spi.o(.ARM.exidx.text.HAL_SPI_Receive), (8 bytes).
    Removing air001xx_hal_spi.o(.text.HAL_SPI_TransmitReceive), (532 bytes).
    Removing air001xx_hal_spi.o(.ARM.exidx.text.HAL_SPI_TransmitReceive), (8 bytes).
    Removing air001xx_hal_spi.o(.text.SPI_EndRxTransaction), (130 bytes).
    Removing air001xx_hal_spi.o(.ARM.exidx.text.SPI_EndRxTransaction), (8 bytes).
    Removing air001xx_hal_spi.o(.text.HAL_SPI_Transmit_IT), (144 bytes).
    Removing air001xx_hal_spi.o(.ARM.exidx.text.HAL_SPI_Transmit_IT), (8 bytes).
    Removing air001xx_hal_spi.o(.text.SPI_TxISR_16BIT), (34 bytes).
    Removing air001xx_hal_spi.o(.ARM.exidx.text.SPI_TxISR_16BIT), (8 bytes).
    Removing air001xx_hal_spi.o(.text.SPI_TxISR_8BIT), (36 bytes).
    Removing air001xx_hal_spi.o(.ARM.exidx.text.SPI_TxISR_8BIT), (8 bytes).
    Removing air001xx_hal_spi.o(.text.HAL_SPI_Receive_IT), (216 bytes).
    Removing air001xx_hal_spi.o(.ARM.exidx.text.HAL_SPI_Receive_IT), (8 bytes).
    Removing air001xx_hal_spi.o(.text.HAL_SPI_TransmitReceive_IT), (252 bytes).
    Removing air001xx_hal_spi.o(.ARM.exidx.text.HAL_SPI_TransmitReceive_IT), (8 bytes).
    Removing air001xx_hal_spi.o(.text.SPI_RxISR_16BIT), (34 bytes).
    Removing air001xx_hal_spi.o(.ARM.exidx.text.SPI_RxISR_16BIT), (8 bytes).
    Removing air001xx_hal_spi.o(.text.SPI_RxISR_8BIT), (36 bytes).
    Removing air001xx_hal_spi.o(.ARM.exidx.text.SPI_RxISR_8BIT), (8 bytes).
    Removing air001xx_hal_spi.o(.text.SPI_2linesRxISR_16BIT), (48 bytes).
    Removing air001xx_hal_spi.o(.ARM.exidx.text.SPI_2linesRxISR_16BIT), (8 bytes).
    Removing air001xx_hal_spi.o(.text.SPI_2linesTxISR_16BIT), (48 bytes).
    Removing air001xx_hal_spi.o(.ARM.exidx.text.SPI_2linesTxISR_16BIT), (8 bytes).
    Removing air001xx_hal_spi.o(.text.SPI_2linesRxISR_8BIT), (92 bytes).
    Removing air001xx_hal_spi.o(.ARM.exidx.text.SPI_2linesRxISR_8BIT), (8 bytes).
    Removing air001xx_hal_spi.o(.text.SPI_2linesTxISR_8BIT), (76 bytes).
    Removing air001xx_hal_spi.o(.ARM.exidx.text.SPI_2linesTxISR_8BIT), (8 bytes).
    Removing air001xx_hal_spi.o(.text.HAL_SPI_Transmit_DMA), (268 bytes).
    Removing air001xx_hal_spi.o(.ARM.exidx.text.HAL_SPI_Transmit_DMA), (8 bytes).
    Removing air001xx_hal_spi.o(.text.SPI_DMAHalfTransmitCplt), (10 bytes).
    Removing air001xx_hal_spi.o(.ARM.exidx.text.SPI_DMAHalfTransmitCplt), (8 bytes).
    Removing air001xx_hal_spi.o(.text.SPI_DMATransmitCplt), (116 bytes).
    Removing air001xx_hal_spi.o(.ARM.exidx.text.SPI_DMATransmitCplt), (8 bytes).
    Removing air001xx_hal_spi.o(.text.SPI_DMAError), (34 bytes).
    Removing air001xx_hal_spi.o(.ARM.exidx.text.SPI_DMAError), (8 bytes).
    Removing air001xx_hal_spi.o(.text.HAL_SPI_Receive_DMA), (320 bytes).
    Removing air001xx_hal_spi.o(.ARM.exidx.text.HAL_SPI_Receive_DMA), (8 bytes).
    Removing air001xx_hal_spi.o(.text.HAL_SPI_TransmitReceive_DMA), (460 bytes).
    Removing air001xx_hal_spi.o(.ARM.exidx.text.HAL_SPI_TransmitReceive_DMA), (8 bytes).
    Removing air001xx_hal_spi.o(.text.SPI_DMAHalfReceiveCplt), (10 bytes).
    Removing air001xx_hal_spi.o(.ARM.exidx.text.SPI_DMAHalfReceiveCplt), (8 bytes).
    Removing air001xx_hal_spi.o(.text.SPI_DMAReceiveCplt), (104 bytes).
    Removing air001xx_hal_spi.o(.ARM.exidx.text.SPI_DMAReceiveCplt), (8 bytes).
    Removing air001xx_hal_spi.o(.text.SPI_DMAHalfTransmitReceiveCplt), (10 bytes).
    Removing air001xx_hal_spi.o(.ARM.exidx.text.SPI_DMAHalfTransmitReceiveCplt), (8 bytes).
    Removing air001xx_hal_spi.o(.text.SPI_DMATransmitReceiveCplt), (92 bytes).
    Removing air001xx_hal_spi.o(.ARM.exidx.text.SPI_DMATransmitReceiveCplt), (8 bytes).
    Removing air001xx_hal_spi.o(.text.HAL_SPI_Abort), (384 bytes).
    Removing air001xx_hal_spi.o(.ARM.exidx.text.HAL_SPI_Abort), (8 bytes).
    Removing air001xx_hal_spi.o(.text.SPI_AbortTx_ISR), (220 bytes).
    Removing air001xx_hal_spi.o(.ARM.exidx.text.SPI_AbortTx_ISR), (8 bytes).
    Removing air001xx_hal_spi.o(.text.SPI_AbortRx_ISR), (128 bytes).
    Removing air001xx_hal_spi.o(.ARM.exidx.text.SPI_AbortRx_ISR), (8 bytes).
    Removing air001xx_hal_spi.o(.ARM.exidx.text.SPI_WaitFifoStateUntilTimeout), (8 bytes).
    Removing air001xx_hal_spi.o(.ARM.exidx.text.SPI_WaitFlagStateUntilTimeout), (8 bytes).
    Removing air001xx_hal_spi.o(.text.HAL_SPI_Abort_IT), (332 bytes).
    Removing air001xx_hal_spi.o(.ARM.exidx.text.HAL_SPI_Abort_IT), (8 bytes).
    Removing air001xx_hal_spi.o(.text.SPI_DMATxAbortCallback), (146 bytes).
    Removing air001xx_hal_spi.o(.ARM.exidx.text.SPI_DMATxAbortCallback), (8 bytes).
    Removing air001xx_hal_spi.o(.text.SPI_DMARxAbortCallback), (140 bytes).
    Removing air001xx_hal_spi.o(.ARM.exidx.text.SPI_DMARxAbortCallback), (8 bytes).
    Removing air001xx_hal_spi.o(.text.HAL_SPI_AbortCpltCallback), (2 bytes).
    Removing air001xx_hal_spi.o(.ARM.exidx.text.HAL_SPI_AbortCpltCallback), (8 bytes).
    Removing air001xx_hal_spi.o(.text.HAL_SPI_DMAPause), (34 bytes).
    Removing air001xx_hal_spi.o(.ARM.exidx.text.HAL_SPI_DMAPause), (8 bytes).
    Removing air001xx_hal_spi.o(.text.HAL_SPI_DMAResume), (34 bytes).
    Removing air001xx_hal_spi.o(.ARM.exidx.text.HAL_SPI_DMAResume), (8 bytes).
    Removing air001xx_hal_spi.o(.text.HAL_SPI_DMAStop), (74 bytes).
    Removing air001xx_hal_spi.o(.ARM.exidx.text.HAL_SPI_DMAStop), (8 bytes).
    Removing air001xx_hal_spi.o(.text.HAL_SPI_IRQHandler), (244 bytes).
    Removing air001xx_hal_spi.o(.ARM.exidx.text.HAL_SPI_IRQHandler), (8 bytes).
    Removing air001xx_hal_spi.o(.text.SPI_DMAAbortOnError), (16 bytes).
    Removing air001xx_hal_spi.o(.ARM.exidx.text.SPI_DMAAbortOnError), (8 bytes).
    Removing air001xx_hal_spi.o(.text.HAL_SPI_ErrorCallback), (2 bytes).
    Removing air001xx_hal_spi.o(.ARM.exidx.text.HAL_SPI_ErrorCallback), (8 bytes).
    Removing air001xx_hal_spi.o(.text.HAL_SPI_TxCpltCallback), (2 bytes).
    Removing air001xx_hal_spi.o(.ARM.exidx.text.HAL_SPI_TxCpltCallback), (8 bytes).
    Removing air001xx_hal_spi.o(.text.HAL_SPI_RxCpltCallback), (2 bytes).
    Removing air001xx_hal_spi.o(.ARM.exidx.text.HAL_SPI_RxCpltCallback), (8 bytes).
    Removing air001xx_hal_spi.o(.text.HAL_SPI_TxRxCpltCallback), (2 bytes).
    Removing air001xx_hal_spi.o(.ARM.exidx.text.HAL_SPI_TxRxCpltCallback), (8 bytes).
    Removing air001xx_hal_spi.o(.text.HAL_SPI_TxHalfCpltCallback), (2 bytes).
    Removing air001xx_hal_spi.o(.ARM.exidx.text.HAL_SPI_TxHalfCpltCallback), (8 bytes).
    Removing air001xx_hal_spi.o(.text.HAL_SPI_RxHalfCpltCallback), (2 bytes).
    Removing air001xx_hal_spi.o(.ARM.exidx.text.HAL_SPI_RxHalfCpltCallback), (8 bytes).
    Removing air001xx_hal_spi.o(.text.HAL_SPI_TxRxHalfCpltCallback), (2 bytes).
    Removing air001xx_hal_spi.o(.ARM.exidx.text.HAL_SPI_TxRxHalfCpltCallback), (8 bytes).
    Removing air001xx_hal_spi.o(.text.HAL_SPI_GetState), (6 bytes).
    Removing air001xx_hal_spi.o(.ARM.exidx.text.HAL_SPI_GetState), (8 bytes).
    Removing air001xx_hal_spi.o(.text.HAL_SPI_GetError), (4 bytes).
    Removing air001xx_hal_spi.o(.ARM.exidx.text.HAL_SPI_GetError), (8 bytes).
    Removing air001xx_hal_spi.o(.text.SPI_CloseRxTx_ISR), (84 bytes).
    Removing air001xx_hal_spi.o(.ARM.exidx.text.SPI_CloseRxTx_ISR), (8 bytes).
    Removing air001xx_hal_spi.o(.text.SPI_CloseRx_ISR), (68 bytes).
    Removing air001xx_hal_spi.o(.ARM.exidx.text.SPI_CloseRx_ISR), (8 bytes).
    Removing air001xx_hal_spi.o(.text.SPI_CloseTx_ISR), (96 bytes).
    Removing air001xx_hal_spi.o(.ARM.exidx.text.SPI_CloseTx_ISR), (8 bytes).
    Removing air001xx_it.o(.text), (0 bytes).
    Removing air001xx_it.o(.ARM.exidx.text.NMI_Handler), (8 bytes).
    Removing air001xx_it.o(.ARM.exidx.text.HardFault_Handler), (8 bytes).
    Removing air001xx_it.o(.ARM.exidx.text.SVC_Handler), (8 bytes).
    Removing air001xx_it.o(.ARM.exidx.text.PendSV_Handler), (8 bytes).
    Removing air001xx_it.o(.ARM.exidx.text.SysTick_Handler), (8 bytes).
    Removing air001xx_it.o(.ARM.exidx.text.USART1_IRQHandler), (8 bytes).
    Removing main.o(.text), (0 bytes).
    Removing main.o(.ARM.exidx.text.main), (8 bytes).
    Removing main.o(.ARM.exidx.text.APP_SystemClockConfig), (8 bytes).
    Removing main.o(.ARM.exidx.text.Error_Handler), (8 bytes).
    Removing main.o(.data.aTxBuffer), (12 bytes).
    Removing main.o(.ARM.use_no_argv), (4 bytes).
    Removing uart.o(.text), (0 bytes).
    Removing uart.o(.ARM.exidx.text.Uart_Init), (8 bytes).
    Removing uart.o(.text.Usart_SendString), (36 bytes).
    Removing uart.o(.ARM.exidx.text.Usart_SendString), (8 bytes).
    Removing uart.o(.ARM.exidx.text.fputc), (8 bytes).
    Removing uart.o(.text.fgetc), (28 bytes).
    Removing uart.o(.ARM.exidx.text.fgetc), (8 bytes).
    Removing spi_1.o(.text), (0 bytes).
    Removing spi_1.o(.ARM.exidx.text.HAL_MspInit), (8 bytes).
    Removing spi_1.o(.ARM.exidx.text.HAL_SPI_MspInit), (8 bytes).
    Removing spi_1.o(.ARM.exidx.text.SPI_CONFIG), (8 bytes).
    Removing spi_1.o(.ARM.exidx.text.WS2812B_SendRGB), (8 bytes).
    Removing hsvrgb.o(.text), (0 bytes).
    Removing hsvrgb.o(.text.RGB2HSV), (420 bytes).
    Removing hsvrgb.o(.ARM.exidx.text.RGB2HSV), (8 bytes).
    Removing hsvrgb.o(.ARM.exidx.text.HSV2RGB), (8 bytes).
    Removing hsvrgb.o(.ARM.exidx.text.HSV_Update_NOW), (8 bytes).
    Removing hsvrgb.o(.text.HSV_Update_TEMP), (48 bytes).
    Removing hsvrgb.o(.ARM.exidx.text.HSV_Update_TEMP), (8 bytes).
    Removing ws2812b.o(.text), (0 bytes).
    Removing ws2812b.o(.text.WS2812B_x_ON), (40 bytes).
    Removing ws2812b.o(.ARM.exidx.text.WS2812B_x_ON), (8 bytes).
    Removing ws2812b.o(.text.WS2812B_x_ON_With_Value), (60 bytes).
    Removing ws2812b.o(.ARM.exidx.text.WS2812B_x_ON_With_Value), (8 bytes).
    Removing ws2812b.o(.text.WS2812B_x_OFF), (24 bytes).
    Removing ws2812b.o(.ARM.exidx.text.WS2812B_x_OFF), (8 bytes).
    Removing ws2812b.o(.text.WS2812B_x_SHOW_ALL), (40 bytes).
    Removing ws2812b.o(.ARM.exidx.text.WS2812B_x_SHOW_ALL), (8 bytes).
    Removing ws2812b.o(.ARM.exidx.text.WS2812B_x_CLEAR_ALL), (8 bytes).
    Removing ws2812b.o(.ARM.exidx.text.RGB_NOW_TEMP_ALLCLEAR), (8 bytes).
    Removing ws2812b.o(.ARM.exidx.text.WS2812_RESET), (8 bytes).
    Removing ws2812b.o(.text.RGB_Now_Transfer), (32 bytes).
    Removing ws2812b.o(.ARM.exidx.text.RGB_Now_Transfer), (8 bytes).
    Removing ws2812b.o(.text.RGB_Temp_Transfer), (32 bytes).
    Removing ws2812b.o(.ARM.exidx.text.RGB_Temp_Transfer), (8 bytes).
    Removing ws2812b.o(.ARM.exidx.text.Color_Browse), (8 bytes).
    Removing def_conf.o(.text), (0 bytes).
    Removing def_conf.o(.text.definition_init), (176 bytes).
    Removing def_conf.o(.ARM.exidx.text.definition_init), (8 bytes).
    Removing def_conf.o(.data.swh), (1 bytes).
    Removing def_conf.o(.data.sws), (1 bytes).
    Removing def_conf.o(.data.swv), (1 bytes).
    Removing def_conf.o(.data.swm), (1 bytes).
    Removing def_conf.o(.data.swr), (1 bytes).
    Removing def_conf.o(.bss.swh_nums), (4 bytes).
    Removing def_conf.o(.bss.sws_nums), (4 bytes).
    Removing def_conf.o(.bss.swv_nums), (4 bytes).
    Removing def_conf.o(.data.swm_nums), (4 bytes).
    Removing def_conf.o(.bss.swr_nums), (4 bytes).
    Removing def_conf.o(.data.Reverse_sign), (4 bytes).
    Removing def_conf.o(.bss.ModeChange_sign), (4 bytes).
    Removing def_conf.o(.data.EXTI0_1_sign), (4 bytes).
    Removing def_conf.o(.bss.Configured_M), (1 bytes).
    Removing def_conf.o(.bss.Configured_HSV), (1 bytes).
    Removing def_conf.o(.bss.RGB24BUT32), (88 bytes).
    Removing def_conf.o(.data.RGB_Mode_END), (1 bytes).
    Removing def_conf.o(.data.MODE_NOW), (1 bytes).
    Removing startup_air001_dev.o(HEAP), (512 bytes).
    Removing system_air001xx.o(.text), (0 bytes).
    Removing system_air001xx.o(.text.SystemCoreClockUpdate), (136 bytes).
    Removing system_air001xx.o(.ARM.exidx.text.SystemCoreClockUpdate), (8 bytes).
    Removing system_air001xx.o(.ARM.exidx.text.SystemInit), (8 bytes).
    Removing system_air001xx.o(.ARM.exidx.text.$Sub$$main), (8 bytes).
    Removing fadd.o(.text), (178 bytes).
    Removing dcmpeq.o(.text), (46 bytes).
    Removing ffltui.o(.text), (14 bytes).
    Removing dfltui.o(.text), (28 bytes).
    Removing ffixi.o(.text), (50 bytes).
    Removing d2f.o(.text), (56 bytes).
    Removing dcmp4.o(.text), (92 bytes).
    Removing dscalb.o(.text), (44 bytes).

542 unused section(s) (total 19065 bytes) removed from the image.

==============================================================================

Image Symbol Table

    Local Symbols

    Symbol Name                              Value     Ov Type        Size  Object(Section)

    ../clib/microlib/division.c              0x00000000   Number         0  uidiv.o ABSOLUTE
    ../clib/microlib/errno.c                 0x00000000   Number         0  errno.o ABSOLUTE
    ../clib/microlib/init/entry.s            0x00000000   Number         0  entry.o ABSOLUTE
    ../clib/microlib/init/entry.s            0x00000000   Number         0  entry2.o ABSOLUTE
    ../clib/microlib/init/entry.s            0x00000000   Number         0  entry5.o ABSOLUTE
    ../clib/microlib/init/entry.s            0x00000000   Number         0  entry7a.o ABSOLUTE
    ../clib/microlib/init/entry.s            0x00000000   Number         0  entry7b.o ABSOLUTE
    ../clib/microlib/init/entry.s            0x00000000   Number         0  entry8a.o ABSOLUTE
    ../clib/microlib/init/entry.s            0x00000000   Number         0  entry8b.o ABSOLUTE
    ../clib/microlib/init/entry.s            0x00000000   Number         0  entry9a.o ABSOLUTE
    ../clib/microlib/init/entry.s            0x00000000   Number         0  entry9b.o ABSOLUTE
    ../clib/microlib/init/entry.s            0x00000000   Number         0  entry10a.o ABSOLUTE
    ../clib/microlib/init/entry.s            0x00000000   Number         0  entry10b.o ABSOLUTE
    ../clib/microlib/init/entry.s            0x00000000   Number         0  entry11a.o ABSOLUTE
    ../clib/microlib/init/entry.s            0x00000000   Number         0  entry11b.o ABSOLUTE
    ../clib/microlib/longlong.c              0x00000000   Number         0  llshl.o ABSOLUTE
    ../clib/microlib/longlong.c              0x00000000   Number         0  llushr.o ABSOLUTE
    ../clib/microlib/longlong.c              0x00000000   Number         0  llsshr.o ABSOLUTE
    ../clib/microlib/stdio/puts.c            0x00000000   Number         0  puts.o ABSOLUTE
    ../clib/microlib/stdio/puts.c            0x00000000   Number         0  puts_e.o ABSOLUTE
    ../clib/microlib/stdio/streams.c         0x00000000   Number         0  stdout.o ABSOLUTE
    ../clib/microlib/string/memset.c         0x00000000   Number         0  memseta.o ABSOLUTE
    ../clib/microlib/stubs.s                 0x00000000   Number         0  iusefp.o ABSOLUTE
    ../fplib/microlib/d2f.c                  0x00000000   Number         0  d2f.o ABSOLUTE
    ../fplib/microlib/f2d.c                  0x00000000   Number         0  f2d.o ABSOLUTE
    ../fplib/microlib/fpadd.c                0x00000000   Number         0  fadd.o ABSOLUTE
    ../fplib/microlib/fpadd.c                0x00000000   Number         0  dadd.o ABSOLUTE
    ../fplib/microlib/fpcmp.c                0x00000000   Number         0  fcmplt.o ABSOLUTE
    ../fplib/microlib/fpcmp.c                0x00000000   Number         0  fcmpge.o ABSOLUTE
    ../fplib/microlib/fpcmp.c                0x00000000   Number         0  dcmpeq.o ABSOLUTE
    ../fplib/microlib/fpcmp4.c               0x00000000   Number         0  dcmp4.o ABSOLUTE
    ../fplib/microlib/fpdiv.c                0x00000000   Number         0  fdiv.o ABSOLUTE
    ../fplib/microlib/fpdiv.c                0x00000000   Number         0  ddiv.o ABSOLUTE
    ../fplib/microlib/fpepilogue.c           0x00000000   Number         0  fepilogue.o ABSOLUTE
    ../fplib/microlib/fpepilogue.c           0x00000000   Number         0  depilogue.o ABSOLUTE
    ../fplib/microlib/fpfix.c                0x00000000   Number         0  ffixi.o ABSOLUTE
    ../fplib/microlib/fpfix.c                0x00000000   Number         0  dfixi.o ABSOLUTE
    ../fplib/microlib/fpflt.c                0x00000000   Number         0  fflti.o ABSOLUTE
    ../fplib/microlib/fpflt.c                0x00000000   Number         0  ffltui.o ABSOLUTE
    ../fplib/microlib/fpflt.c                0x00000000   Number         0  dfltui.o ABSOLUTE
    ../fplib/microlib/fpmul.c                0x00000000   Number         0  fmul.o ABSOLUTE
    ../fplib/microlib/fpmul.c                0x00000000   Number         0  dmul.o ABSOLUTE
    ../fplib/microlib/fprem.c                0x00000000   Number         0  drem.o ABSOLUTE
    ../fplib/microlib/fpscalb.c              0x00000000   Number         0  dscalb.o ABSOLUTE
    ../mathlib/dunder.c                      0x00000000   Number         0  dunder.o ABSOLUTE
    ../mathlib/fmax.c                        0x00000000   Number         0  fmax.o ABSOLUTE
    ../mathlib/fmax.c                        0x00000000   Number         0  fmin.o ABSOLUTE
    ../mathlib/fmod.c                        0x00000000   Number         0  fmod.o ABSOLUTE
    ../mathlib/fmod.c                        0x00000000   Number         0  fmod_x.o ABSOLUTE
    RTE\Device\AIR001Dev\startup_air001_dev.s 0x00000000   Number         0  startup_air001_dev.o ABSOLUTE
    air001xx_hal.c                           0x00000000   Number         0  air001xx_hal.o ABSOLUTE
    air001xx_hal_cortex.c                    0x00000000   Number         0  air001xx_hal_cortex.o ABSOLUTE
    air001xx_hal_crc.c                       0x00000000   Number         0  air001xx_hal_crc.o ABSOLUTE
    air001xx_hal_dma.c                       0x00000000   Number         0  air001xx_hal_dma.o ABSOLUTE
    air001xx_hal_exti.c                      0x00000000   Number         0  air001xx_hal_exti.o ABSOLUTE
    air001xx_hal_flash.c                     0x00000000   Number         0  air001xx_hal_flash.o ABSOLUTE
    air001xx_hal_gpio.c                      0x00000000   Number         0  air001xx_hal_gpio.o ABSOLUTE
    air001xx_hal_pwr.c                       0x00000000   Number         0  air001xx_hal_pwr.o ABSOLUTE
    air001xx_hal_rcc.c                       0x00000000   Number         0  air001xx_hal_rcc.o ABSOLUTE
    air001xx_hal_spi.c                       0x00000000   Number         0  air001xx_hal_spi.o ABSOLUTE
    air001xx_hal_uart.c                      0x00000000   Number         0  air001xx_hal_uart.o ABSOLUTE
    air001xx_it.c                            0x00000000   Number         0  air001xx_it.o ABSOLUTE
    dc.s                                     0x00000000   Number         0  dc.o ABSOLUTE
    def_conf.c                               0x00000000   Number         0  def_conf.o ABSOLUTE
    handlers.s                               0x00000000   Number         0  handlers.o ABSOLUTE
    hsvrgb.c                                 0x00000000   Number         0  hsvrgb.o ABSOLUTE
    init.s                                   0x00000000   Number         0  init.o ABSOLUTE
    main.c                                   0x00000000   Number         0  main.o ABSOLUTE
    spi.c                                    0x00000000   Number         0  spi_1.o ABSOLUTE
    system_air001xx.c                        0x00000000   Number         0  system_air001xx.o ABSOLUTE
    uart.c                                   0x00000000   Number         0  uart.o ABSOLUTE
    ws2812b.c                                0x00000000   Number         0  ws2812b.o ABSOLUTE
    RESET                                    0x08000000   Section      192  startup_air001_dev.o(RESET)
    .ARM.Collect$$$$00000000                 0x080000c0   Section        0  entry.o(.ARM.Collect$$$$00000000)
    .ARM.Collect$$$$00000001                 0x080000c0   Section        4  entry2.o(.ARM.Collect$$$$00000001)
    .ARM.Collect$$$$00000004                 0x080000c4   Section        4  entry5.o(.ARM.Collect$$$$00000004)
    .ARM.Collect$$$$00000008                 0x080000c8   Section        0  entry7b.o(.ARM.Collect$$$$00000008)
    .ARM.Collect$$$$0000000A                 0x080000c8   Section        0  entry8b.o(.ARM.Collect$$$$0000000A)
    .ARM.Collect$$$$0000000B                 0x080000c8   Section        8  entry9a.o(.ARM.Collect$$$$0000000B)
    __lit__00000000                          0x080000d0   Data           4  entry2.o(.ARM.Collect$$$$00002712)
    .ARM.Collect$$$$0000000D                 0x080000d0   Section        0  entry10a.o(.ARM.Collect$$$$0000000D)
    .ARM.Collect$$$$0000000F                 0x080000d0   Section        0  entry11a.o(.ARM.Collect$$$$0000000F)
    .ARM.Collect$$$$00002712                 0x080000d0   Section        4  entry2.o(.ARM.Collect$$$$00002712)
    .text                                    0x080000d4   Section       28  startup_air001_dev.o(.text)
    .text                                    0x080000f0   Section        0  uidiv.o(.text)
    .text                                    0x0800011c   Section        0  memseta.o(.text)
    .text                                    0x08000140   Section        0  fmul.o(.text)
    .text                                    0x080001ba   Section        0  fdiv.o(.text)
    .text                                    0x08000238   Section        0  dadd.o(.text)
    .text                                    0x0800039c   Section        0  dmul.o(.text)
    .text                                    0x0800046c   Section        0  ddiv.o(.text)
    .text                                    0x0800055c   Section        0  fcmplt.o(.text)
    .text                                    0x08000578   Section        0  fcmpge.o(.text)
    .text                                    0x08000594   Section        0  fflti.o(.text)
    .text                                    0x080005ac   Section        0  dfixi.o(.text)
    .text                                    0x080005f4   Section        0  f2d.o(.text)
    .text                                    0x0800061c   Section        0  llshl.o(.text)
    .text                                    0x0800063c   Section        0  llushr.o(.text)
    .text                                    0x0800065e   Section        0  llsshr.o(.text)
    .text                                    0x08000684   Section        0  iusefp.o(.text)
    .text                                    0x08000684   Section        0  fepilogue.o(.text)
    .text                                    0x08000706   Section        0  depilogue.o(.text)
    .text                                    0x080007c4   Section        0  drem.o(.text)
    .text                                    0x08000848   Section       36  init.o(.text)
    [Anonymous Symbol]                       0x0800086c   Section        0  system_air001xx.o(.text.$Sub$$main)
    __arm_cp.2_0                             0x08000890   Number         4  system_air001xx.o(.text.$Sub$$main)
    __arm_cp.2_1                             0x08000894   Number         4  system_air001xx.o(.text.$Sub$$main)
    APP_SystemClockConfig                    0x08000899   Thumb Code   188  main.o(.text.APP_SystemClockConfig)
    [Anonymous Symbol]                       0x08000898   Section        0  main.o(.text.APP_SystemClockConfig)
    __arm_cp.1_0                             0x08000948   Number         4  main.o(.text.APP_SystemClockConfig)
    __arm_cp.1_1                             0x0800094c   Number         4  main.o(.text.APP_SystemClockConfig)
    __arm_cp.1_2                             0x08000950   Number         4  main.o(.text.APP_SystemClockConfig)
    [Anonymous Symbol]                       0x08000954   Section        0  ws2812b.o(.text.Color_Browse)
    __arm_cp.9_0                             0x080009b4   Number         4  ws2812b.o(.text.Color_Browse)
    __arm_cp.9_1                             0x080009b8   Number         4  ws2812b.o(.text.Color_Browse)
    __arm_cp.9_2                             0x080009bc   Number         4  ws2812b.o(.text.Color_Browse)
    __arm_cp.9_3                             0x080009c0   Number         4  ws2812b.o(.text.Color_Browse)
    __arm_cp.9_4                             0x080009c4   Number         4  ws2812b.o(.text.Color_Browse)
    [Anonymous Symbol]                       0x080009d8   Section        0  main.o(.text.Error_Handler)
    [Anonymous Symbol]                       0x080009dc   Section        0  air001xx_hal_dma.o(.text.HAL_DMA_Abort_IT)
    __arm_cp.6_0                             0x08000a34   Number         4  air001xx_hal_dma.o(.text.HAL_DMA_Abort_IT)
    [Anonymous Symbol]                       0x08000a38   Section        0  air001xx_hal.o(.text.HAL_Delay)
    [Anonymous Symbol]                       0x08000a58   Section        0  air001xx_hal_gpio.o(.text.HAL_GPIO_Init)
    __arm_cp.0_0                             0x08000bb8   Number         4  air001xx_hal_gpio.o(.text.HAL_GPIO_Init)
    __arm_cp.0_1                             0x08000bbc   Number         4  air001xx_hal_gpio.o(.text.HAL_GPIO_Init)
    __arm_cp.0_2                             0x08000bc0   Number         4  air001xx_hal_gpio.o(.text.HAL_GPIO_Init)
    __arm_cp.0_3                             0x08000bc4   Number         4  air001xx_hal_gpio.o(.text.HAL_GPIO_Init)
    [Anonymous Symbol]                       0x08000bc8   Section        0  air001xx_hal.o(.text.HAL_GetTick)
    [Anonymous Symbol]                       0x08000bd0   Section        0  air001xx_hal.o(.text.HAL_IncTick)
    __arm_cp.5_1                             0x08000be0   Number         4  air001xx_hal.o(.text.HAL_IncTick)
    [Anonymous Symbol]                       0x08000be4   Section        0  air001xx_hal.o(.text.HAL_Init)
    [Anonymous Symbol]                       0x08000c00   Section        0  air001xx_hal.o(.text.HAL_InitTick)
    __arm_cp.1_0                             0x08000c40   Number         4  air001xx_hal.o(.text.HAL_InitTick)
    [Anonymous Symbol]                       0x08000c44   Section        0  spi_1.o(.text.HAL_MspInit)
    __arm_cp.0_0                             0x08000c6c   Number         4  spi_1.o(.text.HAL_MspInit)
    [Anonymous Symbol]                       0x08000c70   Section        0  air001xx_hal_cortex.o(.text.HAL_NVIC_EnableIRQ)
    [Anonymous Symbol]                       0x08000c78   Section        0  air001xx_hal_cortex.o(.text.HAL_NVIC_SetPriority)
    [Anonymous Symbol]                       0x08000c80   Section        0  air001xx_hal_rcc.o(.text.HAL_RCC_ClockConfig)
    __arm_cp.4_0                             0x08000df8   Number         4  air001xx_hal_rcc.o(.text.HAL_RCC_ClockConfig)
    __arm_cp.4_1                             0x08000dfc   Number         4  air001xx_hal_rcc.o(.text.HAL_RCC_ClockConfig)
    __arm_cp.4_3                             0x08000e00   Number         4  air001xx_hal_rcc.o(.text.HAL_RCC_ClockConfig)
    __arm_cp.4_5                             0x08000e04   Number         4  air001xx_hal_rcc.o(.text.HAL_RCC_ClockConfig)
    [Anonymous Symbol]                       0x08000e08   Section        0  air001xx_hal_rcc.o(.text.HAL_RCC_GetHCLKFreq)
    __arm_cp.6_0                             0x08000e10   Number         4  air001xx_hal_rcc.o(.text.HAL_RCC_GetHCLKFreq)
    [Anonymous Symbol]                       0x08000e14   Section        0  air001xx_hal_rcc.o(.text.HAL_RCC_GetPCLK1Freq)
    __arm_cp.7_1                             0x08000e30   Number         4  air001xx_hal_rcc.o(.text.HAL_RCC_GetPCLK1Freq)
    [Anonymous Symbol]                       0x08000e34   Section        0  air001xx_hal_rcc.o(.text.HAL_RCC_GetSysClockFreq)
    __arm_cp.2_0                             0x08000eb8   Number         4  air001xx_hal_rcc.o(.text.HAL_RCC_GetSysClockFreq)
    __arm_cp.2_1                             0x08000ebc   Number         4  air001xx_hal_rcc.o(.text.HAL_RCC_GetSysClockFreq)
    __arm_cp.2_2                             0x08000ec0   Number         4  air001xx_hal_rcc.o(.text.HAL_RCC_GetSysClockFreq)
    __arm_cp.2_3                             0x08000ec4   Number         4  air001xx_hal_rcc.o(.text.HAL_RCC_GetSysClockFreq)
    [Anonymous Symbol]                       0x08000ec8   Section        0  air001xx_hal_rcc.o(.text.HAL_RCC_OscConfig)
    __arm_cp.1_0                             0x08001308   Number         4  air001xx_hal_rcc.o(.text.HAL_RCC_OscConfig)
    __arm_cp.1_1                             0x0800130c   Number         4  air001xx_hal_rcc.o(.text.HAL_RCC_OscConfig)
    __arm_cp.1_2                             0x08001310   Number         4  air001xx_hal_rcc.o(.text.HAL_RCC_OscConfig)
    __arm_cp.1_3                             0x08001314   Number         4  air001xx_hal_rcc.o(.text.HAL_RCC_OscConfig)
    __arm_cp.1_4                             0x08001318   Number         4  air001xx_hal_rcc.o(.text.HAL_RCC_OscConfig)
    __arm_cp.1_5                             0x0800131c   Number         4  air001xx_hal_rcc.o(.text.HAL_RCC_OscConfig)
    __arm_cp.1_6                             0x08001320   Number         4  air001xx_hal_rcc.o(.text.HAL_RCC_OscConfig)
    __arm_cp.1_7                             0x08001324   Number         4  air001xx_hal_rcc.o(.text.HAL_RCC_OscConfig)
    [Anonymous Symbol]                       0x08001328   Section        0  air001xx_hal_spi.o(.text.HAL_SPI_DeInit)
    [Anonymous Symbol]                       0x08001358   Section        0  air001xx_hal_spi.o(.text.HAL_SPI_Init)
    [Anonymous Symbol]                       0x080013d4   Section        0  air001xx_hal_spi.o(.text.HAL_SPI_MspDeInit)
    [Anonymous Symbol]                       0x080013d8   Section        0  spi_1.o(.text.HAL_SPI_MspInit)
    __arm_cp.1_0                             0x08001450   Number         4  spi_1.o(.text.HAL_SPI_MspInit)
    __arm_cp.1_1                             0x08001454   Number         4  spi_1.o(.text.HAL_SPI_MspInit)
    [Anonymous Symbol]                       0x08001458   Section        0  air001xx_hal_spi.o(.text.HAL_SPI_Transmit)
    __arm_cp.4_0                             0x080015bc   Number         4  air001xx_hal_spi.o(.text.HAL_SPI_Transmit)
    [Anonymous Symbol]                       0x080015c0   Section        0  air001xx_hal_cortex.o(.text.HAL_SYSTICK_Config)
    [Anonymous Symbol]                       0x080015c8   Section        0  air001xx_hal_uart.o(.text.HAL_UART_ErrorCallback)
    [Anonymous Symbol]                       0x080015cc   Section        0  air001xx_hal_uart.o(.text.HAL_UART_IRQHandler)
    __arm_cp.38_0                            0x080016d0   Number         4  air001xx_hal_uart.o(.text.HAL_UART_IRQHandler)
    [Anonymous Symbol]                       0x080016d4   Section        0  air001xx_hal_uart.o(.text.HAL_UART_Init)
    [Anonymous Symbol]                       0x08001740   Section        0  air001xx_hal_uart.o(.text.HAL_UART_MspInit)
    [Anonymous Symbol]                       0x08001742   Section        0  air001xx_hal_uart.o(.text.HAL_UART_RxCpltCallback)
    [Anonymous Symbol]                       0x08001744   Section        0  air001xx_hal_uart.o(.text.HAL_UART_Transmit)
    __arm_cp.8_0                             0x0800182c   Number         4  air001xx_hal_uart.o(.text.HAL_UART_Transmit)
    [Anonymous Symbol]                       0x08001830   Section        0  air001xx_hal_uart.o(.text.HAL_UART_TxCpltCallback)
    [Anonymous Symbol]                       0x08001834   Section        0  hsvrgb.o(.text.HSV2RGB)
    __arm_cp.1_0                             0x08001a10   Number         4  hsvrgb.o(.text.HSV2RGB)
    __arm_cp.1_1                             0x08001a14   Number         4  hsvrgb.o(.text.HSV2RGB)
    __arm_cp.1_2                             0x08001a18   Number         4  hsvrgb.o(.text.HSV2RGB)
    __arm_cp.1_3                             0x08001a1c   Number         4  hsvrgb.o(.text.HSV2RGB)
    __arm_cp.1_4                             0x08001a20   Number         4  hsvrgb.o(.text.HSV2RGB)
    __arm_cp.1_5                             0x08001a24   Number         4  hsvrgb.o(.text.HSV2RGB)
    __arm_cp.1_6                             0x08001a28   Number         4  hsvrgb.o(.text.HSV2RGB)
    __arm_cp.1_7                             0x08001a2c   Number         4  hsvrgb.o(.text.HSV2RGB)
    __arm_cp.1_8                             0x08001a30   Number         4  hsvrgb.o(.text.HSV2RGB)
    __arm_cp.1_9                             0x08001a34   Number         4  hsvrgb.o(.text.HSV2RGB)
    __arm_cp.1_10                            0x08001a38   Number         4  hsvrgb.o(.text.HSV2RGB)
    [Anonymous Symbol]                       0x08001a3c   Section        0  hsvrgb.o(.text.HSV_Update_NOW)
    [Anonymous Symbol]                       0x08001a68   Section        0  air001xx_it.o(.text.HardFault_Handler)
    [Anonymous Symbol]                       0x08001a6a   Section        0  air001xx_it.o(.text.NMI_Handler)
    [Anonymous Symbol]                       0x08001a6c   Section        0  air001xx_it.o(.text.PendSV_Handler)
    RCC_GetHSIFreq                           0x08001a71   Thumb Code    20  air001xx_hal_rcc.o(.text.RCC_GetHSIFreq)
    [Anonymous Symbol]                       0x08001a70   Section        0  air001xx_hal_rcc.o(.text.RCC_GetHSIFreq)
    __arm_cp.3_1                             0x08001a80   Number         4  air001xx_hal_rcc.o(.text.RCC_GetHSIFreq)
    [Anonymous Symbol]                       0x08001a84   Section        0  ws2812b.o(.text.RGB_NOW_TEMP_ALLCLEAR)
    __arm_cp.5_0                             0x08001a9c   Number         4  ws2812b.o(.text.RGB_NOW_TEMP_ALLCLEAR)
    __arm_cp.5_1                             0x08001aa0   Number         4  ws2812b.o(.text.RGB_NOW_TEMP_ALLCLEAR)
    [Anonymous Symbol]                       0x08001aa4   Section        0  spi_1.o(.text.SPI_CONFIG)
    __arm_cp.2_0                             0x08001ae8   Number         4  spi_1.o(.text.SPI_CONFIG)
    __arm_cp.2_1                             0x08001aec   Number         4  spi_1.o(.text.SPI_CONFIG)
    SPI_EndRxTxTransaction                   0x08001af1   Thumb Code    76  air001xx_hal_spi.o(.text.SPI_EndRxTxTransaction)
    [Anonymous Symbol]                       0x08001af0   Section        0  air001xx_hal_spi.o(.text.SPI_EndRxTxTransaction)
    SPI_WaitFifoStateUntilTimeout            0x08001b3d   Thumb Code   208  air001xx_hal_spi.o(.text.SPI_WaitFifoStateUntilTimeout)
    [Anonymous Symbol]                       0x08001b3c   Section        0  air001xx_hal_spi.o(.text.SPI_WaitFifoStateUntilTimeout)
    SPI_WaitFlagStateUntilTimeout            0x08001c0d   Thumb Code   164  air001xx_hal_spi.o(.text.SPI_WaitFlagStateUntilTimeout)
    [Anonymous Symbol]                       0x08001c0c   Section        0  air001xx_hal_spi.o(.text.SPI_WaitFlagStateUntilTimeout)
    __arm_cp.34_0                            0x08001cac   Number         4  air001xx_hal_spi.o(.text.SPI_WaitFlagStateUntilTimeout)
    [Anonymous Symbol]                       0x08001cb0   Section        0  air001xx_it.o(.text.SVC_Handler)
    SysTick_Config                           0x08001cb5   Thumb Code    40  air001xx_hal_cortex.o(.text.SysTick_Config)
    [Anonymous Symbol]                       0x08001cb4   Section        0  air001xx_hal_cortex.o(.text.SysTick_Config)
    __arm_cp.9_0                             0x08001cd8   Number         4  air001xx_hal_cortex.o(.text.SysTick_Config)
    [Anonymous Symbol]                       0x08001cdc   Section        0  air001xx_it.o(.text.SysTick_Handler)
    [Anonymous Symbol]                       0x08001ce4   Section        0  system_air001xx.o(.text.SystemInit)
    __arm_cp.1_0                             0x08001d04   Number         4  system_air001xx.o(.text.SystemInit)
    __arm_cp.1_1                             0x08001d08   Number         4  system_air001xx.o(.text.SystemInit)
    __arm_cp.1_2                             0x08001d0c   Number         4  system_air001xx.o(.text.SystemInit)
    __arm_cp.1_3                             0x08001d10   Number         4  system_air001xx.o(.text.SystemInit)
    UART_AdvFeatureConfig                    0x08001d15   Thumb Code    46  air001xx_hal_uart.o(.text.UART_AdvFeatureConfig)
    [Anonymous Symbol]                       0x08001d14   Section        0  air001xx_hal_uart.o(.text.UART_AdvFeatureConfig)
    UART_DMAAbortOnError                     0x08001d43   Thumb Code    16  air001xx_hal_uart.o(.text.UART_DMAAbortOnError)
    [Anonymous Symbol]                       0x08001d42   Section        0  air001xx_hal_uart.o(.text.UART_DMAAbortOnError)
    UART_EndRxTransfer                       0x08001d53   Thumb Code    28  air001xx_hal_uart.o(.text.UART_EndRxTransfer)
    [Anonymous Symbol]                       0x08001d52   Section        0  air001xx_hal_uart.o(.text.UART_EndRxTransfer)
    UART_EndTransmit_IT                      0x08001d6f   Thumb Code    24  air001xx_hal_uart.o(.text.UART_EndTransmit_IT)
    [Anonymous Symbol]                       0x08001d6e   Section        0  air001xx_hal_uart.o(.text.UART_EndTransmit_IT)
    UART_Receive_IT                          0x08001d89   Thumb Code   104  air001xx_hal_uart.o(.text.UART_Receive_IT)
    [Anonymous Symbol]                       0x08001d88   Section        0  air001xx_hal_uart.o(.text.UART_Receive_IT)
    UART_SetConfig                           0x08001df1   Thumb Code   200  air001xx_hal_uart.o(.text.UART_SetConfig)
    [Anonymous Symbol]                       0x08001df0   Section        0  air001xx_hal_uart.o(.text.UART_SetConfig)
    __arm_cp.2_0                             0x08001eb4   Number         4  air001xx_hal_uart.o(.text.UART_SetConfig)
    UART_Transmit_IT                         0x08001eb9   Thumb Code    88  air001xx_hal_uart.o(.text.UART_Transmit_IT)
    [Anonymous Symbol]                       0x08001eb8   Section        0  air001xx_hal_uart.o(.text.UART_Transmit_IT)
    __arm_cp.42_0                            0x08001f0c   Number         4  air001xx_hal_uart.o(.text.UART_Transmit_IT)
    UART_WaitOnFlagUntilTimeout              0x08001f11   Thumb Code   106  air001xx_hal_uart.o(.text.UART_WaitOnFlagUntilTimeout)
    [Anonymous Symbol]                       0x08001f10   Section        0  air001xx_hal_uart.o(.text.UART_WaitOnFlagUntilTimeout)
    [Anonymous Symbol]                       0x08001f7c   Section        0  air001xx_it.o(.text.USART1_IRQHandler)
    [Anonymous Symbol]                       0x08001f98   Section        0  uart.o(.text.Uart_Init)
    __arm_cp.0_0                             0x08002034   Number         4  uart.o(.text.Uart_Init)
    __arm_cp.0_2                             0x08002038   Number         4  uart.o(.text.Uart_Init)
    [Anonymous Symbol]                       0x0800203c   Section        0  spi_1.o(.text.WS2812B_SendRGB)
    [Anonymous Symbol]                       0x080020c8   Section        0  ws2812b.o(.text.WS2812B_x_CLEAR_ALL)
    __arm_cp.4_0                             0x080020d4   Number         4  ws2812b.o(.text.WS2812B_x_CLEAR_ALL)
    [Anonymous Symbol]                       0x080020d8   Section        0  ws2812b.o(.text.WS2812_RESET)
    __arm_cp.6_0                             0x08002100   Number         4  ws2812b.o(.text.WS2812_RESET)
    __arm_cp.6_1                             0x08002104   Number         4  ws2812b.o(.text.WS2812_RESET)
    __NVIC_EnableIRQ                         0x08002109   Thumb Code    24  air001xx_hal_cortex.o(.text.__NVIC_EnableIRQ)
    [Anonymous Symbol]                       0x08002108   Section        0  air001xx_hal_cortex.o(.text.__NVIC_EnableIRQ)
    __arm_cp.3_0                             0x0800211c   Number         4  air001xx_hal_cortex.o(.text.__NVIC_EnableIRQ)
    __NVIC_SetPriority                       0x08002121   Thumb Code    64  air001xx_hal_cortex.o(.text.__NVIC_SetPriority)
    [Anonymous Symbol]                       0x08002120   Section        0  air001xx_hal_cortex.o(.text.__NVIC_SetPriority)
    __arm_cp.1_0                             0x08002158   Number         4  air001xx_hal_cortex.o(.text.__NVIC_SetPriority)
    __arm_cp.1_1                             0x0800215c   Number         4  air001xx_hal_cortex.o(.text.__NVIC_SetPriority)
    [Anonymous Symbol]                       0x08002160   Section        0  uart.o(.text.fputc)
    __arm_cp.2_0                             0x0800217c   Number         4  uart.o(.text.fputc)
    [Anonymous Symbol]                       0x08002180   Section        0  main.o(.text.main)
    i.__ARM_clz                              0x080021b8   Section        0  depilogue.o(i.__ARM_clz)
    i.__mathlib_dbl_invalid                  0x080021e6   Section        0  dunder.o(i.__mathlib_dbl_invalid)
    i.__scatterload_copy                     0x080021f6   Section       14  handlers.o(i.__scatterload_copy)
    i.__scatterload_null                     0x08002204   Section        2  handlers.o(i.__scatterload_null)
    i.__scatterload_zeroinit                 0x08002206   Section       14  handlers.o(i.__scatterload_zeroinit)
    i.__set_errno                            0x08002214   Section        0  errno.o(i.__set_errno)
    i.fmod                                   0x08002220   Section        0  fmod.o(i.fmod)
    i.puts                                   0x080022b4   Section        0  puts.o(i.puts)
    [Anonymous Symbol]                       0x080022d4   Section        0  air001xx_hal_rcc.o(.rodata..L__const.HAL_RCC_GetSysClockFreq.hsiValue)
    .data                                    0x200000c0   Section        4  stdout.o(.data)
    _errno                                   0x200000c4   Data           4  errno.o(.data)
    .data                                    0x200000c4   Section        4  errno.o(.data)
    STACK                                    0x20000208   Section     1024  startup_air001_dev.o(STACK)

    Global Symbols

    Symbol Name                              Value     Ov Type        Size  Object(Section)

    BuildAttributes$$THM_ISAv3M$S$PE$A:L22$X:L11$S22$IEEE1$IW$~IW$USESV6$~STKCKD$USESV7$~SHL$OTIME$ROPI$IEEEX$EBA8$MICROLIB$REQ8$PRES8$EABIv2 0x00000000   Number         0  anon$$obj.o ABSOLUTE
    __cpp_initialize__aeabi_                  - Undefined Weak Reference
    __cxa_finalize                            - Undefined Weak Reference
    __decompress                              - Undefined Weak Reference
    _clock_init                               - Undefined Weak Reference
    _microlib_exit                            - Undefined Weak Reference
    __Vectors_Size                           0x000000c0   Number         0  startup_air001_dev.o ABSOLUTE
    __Vectors                                0x08000000   Data           4  startup_air001_dev.o(RESET)
    __Vectors_End                            0x080000c0   Data           0  startup_air001_dev.o(RESET)
    __main                                   0x080000c1   Thumb Code     0  entry.o(.ARM.Collect$$$$00000000)
    _main_stk                                0x080000c1   Thumb Code     0  entry2.o(.ARM.Collect$$$$00000001)
    _main_scatterload                        0x080000c5   Thumb Code     0  entry5.o(.ARM.Collect$$$$00000004)
    __main_after_scatterload                 0x080000c9   Thumb Code     0  entry5.o(.ARM.Collect$$$$00000004)
    _main_clock                              0x080000c9   Thumb Code     0  entry7b.o(.ARM.Collect$$$$00000008)
    _main_cpp_init                           0x080000c9   Thumb Code     0  entry8b.o(.ARM.Collect$$$$0000000A)
    _main_init                               0x080000c9   Thumb Code     0  entry9a.o(.ARM.Collect$$$$0000000B)
    __rt_final_cpp                           0x080000d1   Thumb Code     0  entry10a.o(.ARM.Collect$$$$0000000D)
    __rt_final_exit                          0x080000d1   Thumb Code     0  entry11a.o(.ARM.Collect$$$$0000000F)
    Reset_Handler                            0x080000d5   Thumb Code     8  startup_air001_dev.o(.text)
    ADC_COMP_IRQHandler                      0x080000e7   Thumb Code     0  startup_air001_dev.o(.text)
    DMA1_Channel1_IRQHandler                 0x080000e7   Thumb Code     0  startup_air001_dev.o(.text)
    DMA1_Channel2_3_IRQHandler               0x080000e7   Thumb Code     0  startup_air001_dev.o(.text)
    EXTI0_1_IRQHandler                       0x080000e7   Thumb Code     0  startup_air001_dev.o(.text)
    EXTI2_3_IRQHandler                       0x080000e7   Thumb Code     0  startup_air001_dev.o(.text)
    EXTI4_15_IRQHandler                      0x080000e7   Thumb Code     0  startup_air001_dev.o(.text)
    FLASH_IRQHandler                         0x080000e7   Thumb Code     0  startup_air001_dev.o(.text)
    I2C1_IRQHandler                          0x080000e7   Thumb Code     0  startup_air001_dev.o(.text)
    LED_IRQHandler                           0x080000e7   Thumb Code     0  startup_air001_dev.o(.text)
    LPTIM1_IRQHandler                        0x080000e7   Thumb Code     0  startup_air001_dev.o(.text)
    PVD_IRQHandler                           0x080000e7   Thumb Code     0  startup_air001_dev.o(.text)
    RCC_IRQHandler                           0x080000e7   Thumb Code     0  startup_air001_dev.o(.text)
    RTC_IRQHandler                           0x080000e7   Thumb Code     0  startup_air001_dev.o(.text)
    SPI1_IRQHandler                          0x080000e7   Thumb Code     0  startup_air001_dev.o(.text)
    SPI2_IRQHandler                          0x080000e7   Thumb Code     0  startup_air001_dev.o(.text)
    TIM14_IRQHandler                         0x080000e7   Thumb Code     0  startup_air001_dev.o(.text)
    TIM16_IRQHandler                         0x080000e7   Thumb Code     0  startup_air001_dev.o(.text)
    TIM17_IRQHandler                         0x080000e7   Thumb Code     0  startup_air001_dev.o(.text)
    TIM1_BRK_UP_TRG_COM_IRQHandler           0x080000e7   Thumb Code     0  startup_air001_dev.o(.text)
    TIM1_CC_IRQHandler                       0x080000e7   Thumb Code     0  startup_air001_dev.o(.text)
    TIM3_IRQHandler                          0x080000e7   Thumb Code     0  startup_air001_dev.o(.text)
    USART2_IRQHandler                        0x080000e7   Thumb Code     0  startup_air001_dev.o(.text)
    WWDG_IRQHandler                          0x080000e7   Thumb Code     0  startup_air001_dev.o(.text)
    __aeabi_uidiv                            0x080000f1   Thumb Code     0  uidiv.o(.text)
    __aeabi_uidivmod                         0x080000f1   Thumb Code    44  uidiv.o(.text)
    __aeabi_memset                           0x0800011d   Thumb Code    14  memseta.o(.text)
    __aeabi_memset4                          0x0800011d   Thumb Code     0  memseta.o(.text)
    __aeabi_memset8                          0x0800011d   Thumb Code     0  memseta.o(.text)
    __aeabi_memclr                           0x0800012b   Thumb Code     4  memseta.o(.text)
    __aeabi_memclr4                          0x0800012b   Thumb Code     0  memseta.o(.text)
    __aeabi_memclr8                          0x0800012b   Thumb Code     0  memseta.o(.text)
    _memset$wrapper                          0x0800012f   Thumb Code    18  memseta.o(.text)
    __aeabi_fmul                             0x08000141   Thumb Code   122  fmul.o(.text)
    __aeabi_fdiv                             0x080001bb   Thumb Code   124  fdiv.o(.text)
    __aeabi_dadd                             0x08000239   Thumb Code   328  dadd.o(.text)
    __aeabi_dsub                             0x08000381   Thumb Code    12  dadd.o(.text)
    __aeabi_drsub                            0x0800038d   Thumb Code    12  dadd.o(.text)
    __aeabi_dmul                             0x0800039d   Thumb Code   202  dmul.o(.text)
    __aeabi_ddiv                             0x0800046d   Thumb Code   234  ddiv.o(.text)
    __aeabi_fcmplt                           0x0800055d   Thumb Code    28  fcmplt.o(.text)
    __aeabi_fcmpge                           0x08000579   Thumb Code    28  fcmpge.o(.text)
    __aeabi_i2f                              0x08000595   Thumb Code    22  fflti.o(.text)
    __aeabi_d2iz                             0x080005ad   Thumb Code    62  dfixi.o(.text)
    __aeabi_f2d                              0x080005f5   Thumb Code    40  f2d.o(.text)
    __aeabi_llsl                             0x0800061d   Thumb Code    32  llshl.o(.text)
    _ll_shift_l                              0x0800061d   Thumb Code     0  llshl.o(.text)
    __aeabi_llsr                             0x0800063d   Thumb Code    34  llushr.o(.text)
    _ll_ushift_r                             0x0800063d   Thumb Code     0  llushr.o(.text)
    __aeabi_lasr                             0x0800065f   Thumb Code    38  llsshr.o(.text)
    _ll_sshift_r                             0x0800065f   Thumb Code     0  llsshr.o(.text)
    __I$use$fp                               0x08000685   Thumb Code     0  iusefp.o(.text)
    _float_round                             0x08000685   Thumb Code    16  fepilogue.o(.text)
    _float_epilogue                          0x08000695   Thumb Code   114  fepilogue.o(.text)
    _double_round                            0x08000707   Thumb Code    26  depilogue.o(.text)
    _double_epilogue                         0x08000721   Thumb Code   164  depilogue.o(.text)
    _drem                                    0x080007c5   Thumb Code   130  drem.o(.text)
    __scatterload                            0x08000849   Thumb Code    28  init.o(.text)
    __scatterload_rt2                        0x08000849   Thumb Code     0  init.o(.text)
    main                                     0x0800086d   Thumb Code    44  system_air001xx.o(.text.$Sub$$main)
    Color_Browse                             0x08000955   Thumb Code   132  ws2812b.o(.text.Color_Browse)
    Error_Handler                            0x080009d9   Thumb Code     2  main.o(.text.Error_Handler)
    HAL_DMA_Abort_IT                         0x080009dd   Thumb Code    92  air001xx_hal_dma.o(.text.HAL_DMA_Abort_IT)
    HAL_Delay                                0x08000a39   Thumb Code    32  air001xx_hal.o(.text.HAL_Delay)
    HAL_GPIO_Init                            0x08000a59   Thumb Code   368  air001xx_hal_gpio.o(.text.HAL_GPIO_Init)
    HAL_GetTick                              0x08000bc9   Thumb Code     8  air001xx_hal.o(.text.HAL_GetTick)
    HAL_IncTick                              0x08000bd1   Thumb Code    20  air001xx_hal.o(.text.HAL_IncTick)
    HAL_Init                                 0x08000be5   Thumb Code    28  air001xx_hal.o(.text.HAL_Init)
    HAL_InitTick                             0x08000c01   Thumb Code    68  air001xx_hal.o(.text.HAL_InitTick)
    HAL_MspInit                              0x08000c45   Thumb Code    44  spi_1.o(.text.HAL_MspInit)
    HAL_NVIC_EnableIRQ                       0x08000c71   Thumb Code     8  air001xx_hal_cortex.o(.text.HAL_NVIC_EnableIRQ)
    HAL_NVIC_SetPriority                     0x08000c79   Thumb Code     8  air001xx_hal_cortex.o(.text.HAL_NVIC_SetPriority)
    HAL_RCC_ClockConfig                      0x08000c81   Thumb Code   392  air001xx_hal_rcc.o(.text.HAL_RCC_ClockConfig)
    HAL_RCC_GetHCLKFreq                      0x08000e09   Thumb Code    12  air001xx_hal_rcc.o(.text.HAL_RCC_GetHCLKFreq)
    HAL_RCC_GetPCLK1Freq                     0x08000e15   Thumb Code    32  air001xx_hal_rcc.o(.text.HAL_RCC_GetPCLK1Freq)
    HAL_RCC_GetSysClockFreq                  0x08000e35   Thumb Code   148  air001xx_hal_rcc.o(.text.HAL_RCC_GetSysClockFreq)
    HAL_RCC_OscConfig                        0x08000ec9   Thumb Code  1120  air001xx_hal_rcc.o(.text.HAL_RCC_OscConfig)
    HAL_SPI_DeInit                           0x08001329   Thumb Code    46  air001xx_hal_spi.o(.text.HAL_SPI_DeInit)
    HAL_SPI_Init                             0x08001359   Thumb Code   124  air001xx_hal_spi.o(.text.HAL_SPI_Init)
    HAL_SPI_MspDeInit                        0x080013d5   Thumb Code     2  air001xx_hal_spi.o(.text.HAL_SPI_MspDeInit)
    HAL_SPI_MspInit                          0x080013d9   Thumb Code   128  spi_1.o(.text.HAL_SPI_MspInit)
    HAL_SPI_Transmit                         0x08001459   Thumb Code   360  air001xx_hal_spi.o(.text.HAL_SPI_Transmit)
    HAL_SYSTICK_Config                       0x080015c1   Thumb Code     8  air001xx_hal_cortex.o(.text.HAL_SYSTICK_Config)
    HAL_UART_ErrorCallback                   0x080015c9   Thumb Code     2  air001xx_hal_uart.o(.text.HAL_UART_ErrorCallback)
    HAL_UART_IRQHandler                      0x080015cd   Thumb Code   264  air001xx_hal_uart.o(.text.HAL_UART_IRQHandler)
    HAL_UART_Init                            0x080016d5   Thumb Code   108  air001xx_hal_uart.o(.text.HAL_UART_Init)
    HAL_UART_MspInit                         0x08001741   Thumb Code     2  air001xx_hal_uart.o(.text.HAL_UART_MspInit)
    HAL_UART_RxCpltCallback                  0x08001743   Thumb Code     2  air001xx_hal_uart.o(.text.HAL_UART_RxCpltCallback)
    HAL_UART_Transmit                        0x08001745   Thumb Code   236  air001xx_hal_uart.o(.text.HAL_UART_Transmit)
    HAL_UART_TxCpltCallback                  0x08001831   Thumb Code     2  air001xx_hal_uart.o(.text.HAL_UART_TxCpltCallback)
    HSV2RGB                                  0x08001835   Thumb Code   520  hsvrgb.o(.text.HSV2RGB)
    HSV_Update_NOW                           0x08001a3d   Thumb Code    44  hsvrgb.o(.text.HSV_Update_NOW)
    HardFault_Handler                        0x08001a69   Thumb Code     2  air001xx_it.o(.text.HardFault_Handler)
    NMI_Handler                              0x08001a6b   Thumb Code     2  air001xx_it.o(.text.NMI_Handler)
    PendSV_Handler                           0x08001a6d   Thumb Code     2  air001xx_it.o(.text.PendSV_Handler)
    RGB_NOW_TEMP_ALLCLEAR                    0x08001a85   Thumb Code    32  ws2812b.o(.text.RGB_NOW_TEMP_ALLCLEAR)
    SPI_CONFIG                               0x08001aa5   Thumb Code    76  spi_1.o(.text.SPI_CONFIG)
    SVC_Handler                              0x08001cb1   Thumb Code     2  air001xx_it.o(.text.SVC_Handler)
    SysTick_Handler                          0x08001cdd   Thumb Code     8  air001xx_it.o(.text.SysTick_Handler)
    SystemInit                               0x08001ce5   Thumb Code    48  system_air001xx.o(.text.SystemInit)
    USART1_IRQHandler                        0x08001f7d   Thumb Code    28  air001xx_it.o(.text.USART1_IRQHandler)
    Uart_Init                                0x08001f99   Thumb Code   164  uart.o(.text.Uart_Init)
    WS2812B_SendRGB                          0x0800203d   Thumb Code   140  spi_1.o(.text.WS2812B_SendRGB)
    WS2812B_x_CLEAR_ALL                      0x080020c9   Thumb Code    16  ws2812b.o(.text.WS2812B_x_CLEAR_ALL)
    WS2812_RESET                             0x080020d9   Thumb Code    48  ws2812b.o(.text.WS2812_RESET)
    fputc                                    0x08002161   Thumb Code    32  uart.o(.text.fputc)
    $Super$$main                             0x08002181   Thumb Code    56  main.o(.text.main)
    __ARM_clz                                0x080021b9   Thumb Code    46  depilogue.o(i.__ARM_clz)
    __mathlib_dbl_invalid                    0x080021e7   Thumb Code    16  dunder.o(i.__mathlib_dbl_invalid)
    __scatterload_copy                       0x080021f7   Thumb Code    14  handlers.o(i.__scatterload_copy)
    __scatterload_null                       0x08002205   Thumb Code     2  handlers.o(i.__scatterload_null)
    __scatterload_zeroinit                   0x08002207   Thumb Code    14  handlers.o(i.__scatterload_zeroinit)
    __set_errno                              0x08002215   Thumb Code     6  errno.o(i.__set_errno)
    fmod                                     0x08002221   Thumb Code   144  fmod.o(i.fmod)
    puts                                     0x080022b5   Thumb Code    28  puts.o(i.puts)
    AHBPrescTable                            0x080022e8   Data          64  system_air001xx.o(.rodata.AHBPrescTable)
    APBPrescTable                            0x08002328   Data          32  system_air001xx.o(.rodata.APBPrescTable)
    HSIFreqTable                             0x08002348   Data          32  system_air001xx.o(.rodata.HSIFreqTable)
    Region$$Table$$Base                      0x08002368   Number         0  anon$$obj.o(Region$$Table)
    Region$$Table$$Limit                     0x08002388   Number         0  anon$$obj.o(Region$$Table)
    VECT_SRAM_TAB                            0x20000000   Data         192  system_air001xx.o(.ARM.__at_0x20000000)
    __stdout                                 0x200000c0   Data           4  stdout.o(.data)
    HSV_H                                    0x200000c8   Data           4  def_conf.o(.data.HSV_H)
    HSV_S                                    0x200000cc   Data           4  def_conf.o(.data.HSV_S)
    HSV_V                                    0x200000d0   Data           4  def_conf.o(.data.HSV_V)
    SystemCoreClock                          0x200000d4   Data           4  system_air001xx.o(.data.SystemCoreClock)
    uwTickFreq                               0x200000d8   Data           4  air001xx_hal.o(.data.uwTickFreq)
    uwTickPrio                               0x200000dc   Data           4  air001xx_hal.o(.data.uwTickPrio)
    RGB_SHOW_NOW                             0x200000e0   Data          66  def_conf.o(.bss.RGB_SHOW_NOW)
    RGB_SHOW_TEMP                            0x20000124   Data          66  def_conf.o(.bss.RGB_SHOW_TEMP)
    Spi1Handle                               0x20000168   Data          80  spi_1.o(.bss.Spi1Handle)
    UartHandle                               0x200001b8   Data          76  uart.o(.bss.UartHandle)
    uwTick                                   0x20000204   Data           4  air001xx_hal.o(.bss.uwTick)
    __initial_sp                             0x20000608   Data           0  startup_air001_dev.o(STACK)



==============================================================================

Memory Map of the image

  Image Entry point : 0x080000d5

  Load Region LR_1 (Base: 0x08000000, Size: 0x00002468, Max: 0xffffffff, ABSOLUTE)

    Execution Region ER_RO (Exec base: 0x08000000, Load base: 0x08000000, Size: 0x00002388, Max: 0xffffffff, ABSOLUTE)

    Exec Addr    Load Addr    Size         Type   Attr      Idx    E Section Name        Object

    0x08000000   0x08000000   0x000000c0   Data   RO          721    RESET               startup_air001_dev.o
    0x080000c0   0x080000c0   0x00000000   Code   RO          759  * .ARM.Collect$$$$00000000  mc_p.l(entry.o)
    0x080000c0   0x080000c0   0x00000004   Code   RO          816    .ARM.Collect$$$$00000001  mc_p.l(entry2.o)
    0x080000c4   0x080000c4   0x00000004   Code   RO          819    .ARM.Collect$$$$00000004  mc_p.l(entry5.o)
    0x080000c8   0x080000c8   0x00000000   Code   RO          821    .ARM.Collect$$$$00000008  mc_p.l(entry7b.o)
    0x080000c8   0x080000c8   0x00000000   Code   RO          823    .ARM.Collect$$$$0000000A  mc_p.l(entry8b.o)
    0x080000c8   0x080000c8   0x00000008   Code   RO          824    .ARM.Collect$$$$0000000B  mc_p.l(entry9a.o)
    0x080000d0   0x080000d0   0x00000000   Code   RO          826    .ARM.Collect$$$$0000000D  mc_p.l(entry10a.o)
    0x080000d0   0x080000d0   0x00000000   Code   RO          828    .ARM.Collect$$$$0000000F  mc_p.l(entry11a.o)
    0x080000d0   0x080000d0   0x00000004   Code   RO          817    .ARM.Collect$$$$00002712  mc_p.l(entry2.o)
    0x080000d4   0x080000d4   0x0000001c   Code   RO          722  * .text               startup_air001_dev.o
    0x080000f0   0x080000f0   0x0000002c   Code   RO          766    .text               mc_p.l(uidiv.o)
    0x0800011c   0x0800011c   0x00000024   Code   RO          768    .text               mc_p.l(memseta.o)
    0x08000140   0x08000140   0x0000007a   Code   RO          772    .text               mf_p.l(fmul.o)
    0x080001ba   0x080001ba   0x0000007c   Code   RO          774    .text               mf_p.l(fdiv.o)
    0x08000236   0x08000236   0x00000002   PAD
    0x08000238   0x08000238   0x00000164   Code   RO          776    .text               mf_p.l(dadd.o)
    0x0800039c   0x0800039c   0x000000d0   Code   RO          778    .text               mf_p.l(dmul.o)
    0x0800046c   0x0800046c   0x000000f0   Code   RO          780    .text               mf_p.l(ddiv.o)
    0x0800055c   0x0800055c   0x0000001c   Code   RO          782    .text               mf_p.l(fcmplt.o)
    0x08000578   0x08000578   0x0000001c   Code   RO          784    .text               mf_p.l(fcmpge.o)
    0x08000594   0x08000594   0x00000016   Code   RO          788    .text               mf_p.l(fflti.o)
    0x080005aa   0x080005aa   0x00000002   PAD
    0x080005ac   0x080005ac   0x00000048   Code   RO          796    .text               mf_p.l(dfixi.o)
    0x080005f4   0x080005f4   0x00000028   Code   RO          798    .text               mf_p.l(f2d.o)
    0x0800061c   0x0800061c   0x00000020   Code   RO          831    .text               mc_p.l(llshl.o)
    0x0800063c   0x0800063c   0x00000022   Code   RO          833    .text               mc_p.l(llushr.o)
    0x0800065e   0x0800065e   0x00000026   Code   RO          835    .text               mc_p.l(llsshr.o)
    0x08000684   0x08000684   0x00000000   Code   RO          844    .text               mc_p.l(iusefp.o)
    0x08000684   0x08000684   0x00000082   Code   RO          845    .text               mf_p.l(fepilogue.o)
    0x08000706   0x08000706   0x000000be   Code   RO          847    .text               mf_p.l(depilogue.o)
    0x080007c4   0x080007c4   0x00000082   Code   RO          851    .text               mf_p.l(drem.o)
    0x08000846   0x08000846   0x00000002   PAD
    0x08000848   0x08000848   0x00000024   Code   RO          855    .text               mc_p.l(init.o)
    0x0800086c   0x0800086c   0x0000002c   Code   RO          733    .text.$Sub$$main    system_air001xx.o
    0x08000898   0x08000898   0x000000bc   Code   RO          597    .text.APP_SystemClockConfig  main.o
    0x08000954   0x08000954   0x00000084   Code   RO          678    .text.Color_Browse  ws2812b.o
    0x080009d8   0x080009d8   0x00000002   Code   RO          599    .text.Error_Handler  main.o
    0x080009da   0x080009da   0x00000002   PAD
    0x080009dc   0x080009dc   0x0000005c   Code   RO          431    .text.HAL_DMA_Abort_IT  air001xx_hal_dma.o
    0x08000a38   0x08000a38   0x00000020   Code   RO           22    .text.HAL_Delay     air001xx_hal.o
    0x08000a58   0x08000a58   0x00000170   Code   RO          134    .text.HAL_GPIO_Init  air001xx_hal_gpio.o
    0x08000bc8   0x08000bc8   0x00000008   Code   RO           14    .text.HAL_GetTick   air001xx_hal.o
    0x08000bd0   0x08000bd0   0x00000014   Code   RO           12    .text.HAL_IncTick   air001xx_hal.o
    0x08000be4   0x08000be4   0x0000001c   Code   RO            2    .text.HAL_Init      air001xx_hal.o
    0x08000c00   0x08000c00   0x00000044   Code   RO            4    .text.HAL_InitTick  air001xx_hal.o
    0x08000c44   0x08000c44   0x0000002c   Code   RO          627    .text.HAL_MspInit   spi_1.o
    0x08000c70   0x08000c70   0x00000008   Code   RO           61    .text.HAL_NVIC_EnableIRQ  air001xx_hal_cortex.o
    0x08000c78   0x08000c78   0x00000008   Code   RO           57    .text.HAL_NVIC_SetPriority  air001xx_hal_cortex.o
    0x08000c80   0x08000c80   0x00000188   Code   RO          166    .text.HAL_RCC_ClockConfig  air001xx_hal_rcc.o
    0x08000e08   0x08000e08   0x0000000c   Code   RO          170    .text.HAL_RCC_GetHCLKFreq  air001xx_hal_rcc.o
    0x08000e14   0x08000e14   0x00000020   Code   RO          172    .text.HAL_RCC_GetPCLK1Freq  air001xx_hal_rcc.o
    0x08000e34   0x08000e34   0x00000094   Code   RO          162    .text.HAL_RCC_GetSysClockFreq  air001xx_hal_rcc.o
    0x08000ec8   0x08000ec8   0x00000460   Code   RO          160    .text.HAL_RCC_OscConfig  air001xx_hal_rcc.o
    0x08001328   0x08001328   0x0000002e   Code   RO          459    .text.HAL_SPI_DeInit  air001xx_hal_spi.o
    0x08001356   0x08001356   0x00000002   PAD
    0x08001358   0x08001358   0x0000007c   Code   RO          455    .text.HAL_SPI_Init  air001xx_hal_spi.o
    0x080013d4   0x080013d4   0x00000002   Code   RO          461    .text.HAL_SPI_MspDeInit  air001xx_hal_spi.o
    0x080013d6   0x080013d6   0x00000002   PAD
    0x080013d8   0x080013d8   0x00000080   Code   RO          629    .text.HAL_SPI_MspInit  spi_1.o
    0x08001458   0x08001458   0x00000168   Code   RO          463    .text.HAL_SPI_Transmit  air001xx_hal_spi.o
    0x080015c0   0x080015c0   0x00000008   Code   RO           73    .text.HAL_SYSTICK_Config  air001xx_hal_cortex.o
    0x080015c8   0x080015c8   0x00000002   Code   RO          383    .text.HAL_UART_ErrorCallback  air001xx_hal_uart.o
    0x080015ca   0x080015ca   0x00000002   PAD
    0x080015cc   0x080015cc   0x00000108   Code   RO          377    .text.HAL_UART_IRQHandler  air001xx_hal_uart.o
    0x080016d4   0x080016d4   0x0000006c   Code   RO          301    .text.HAL_UART_Init  air001xx_hal_uart.o
    0x08001740   0x08001740   0x00000002   Code   RO          303    .text.HAL_UART_MspInit  air001xx_hal_uart.o
    0x08001742   0x08001742   0x00000002   Code   RO          393    .text.HAL_UART_RxCpltCallback  air001xx_hal_uart.o
    0x08001744   0x08001744   0x000000ec   Code   RO          317    .text.HAL_UART_Transmit  air001xx_hal_uart.o
    0x08001830   0x08001830   0x00000002   Code   RO          389    .text.HAL_UART_TxCpltCallback  air001xx_hal_uart.o
    0x08001832   0x08001832   0x00000002   PAD
    0x08001834   0x08001834   0x00000208   Code   RO          646    .text.HSV2RGB       hsvrgb.o
    0x08001a3c   0x08001a3c   0x0000002c   Code   RO          648    .text.HSV_Update_NOW  hsvrgb.o
    0x08001a68   0x08001a68   0x00000002   Code   RO          577    .text.HardFault_Handler  air001xx_it.o
    0x08001a6a   0x08001a6a   0x00000002   Code   RO          575    .text.NMI_Handler   air001xx_it.o
    0x08001a6c   0x08001a6c   0x00000002   Code   RO          581    .text.PendSV_Handler  air001xx_it.o
    0x08001a6e   0x08001a6e   0x00000002   PAD
    0x08001a70   0x08001a70   0x00000014   Code   RO          164    .text.RCC_GetHSIFreq  air001xx_hal_rcc.o
    0x08001a84   0x08001a84   0x00000020   Code   RO          670    .text.RGB_NOW_TEMP_ALLCLEAR  ws2812b.o
    0x08001aa4   0x08001aa4   0x0000004c   Code   RO          631    .text.SPI_CONFIG    spi_1.o
    0x08001af0   0x08001af0   0x0000004c   Code   RO          465    .text.SPI_EndRxTxTransaction  air001xx_hal_spi.o
    0x08001b3c   0x08001b3c   0x000000d0   Code   RO          521    .text.SPI_WaitFifoStateUntilTimeout  air001xx_hal_spi.o
    0x08001c0c   0x08001c0c   0x000000a4   Code   RO          523    .text.SPI_WaitFlagStateUntilTimeout  air001xx_hal_spi.o
    0x08001cb0   0x08001cb0   0x00000002   Code   RO          579    .text.SVC_Handler   air001xx_it.o
    0x08001cb2   0x08001cb2   0x00000002   PAD
    0x08001cb4   0x08001cb4   0x00000028   Code   RO           75    .text.SysTick_Config  air001xx_hal_cortex.o
    0x08001cdc   0x08001cdc   0x00000008   Code   RO          583    .text.SysTick_Handler  air001xx_it.o
    0x08001ce4   0x08001ce4   0x00000030   Code   RO          731    .text.SystemInit    system_air001xx.o
    0x08001d14   0x08001d14   0x0000002e   Code   RO          307    .text.UART_AdvFeatureConfig  air001xx_hal_uart.o
    0x08001d42   0x08001d42   0x00000010   Code   RO          381    .text.UART_DMAAbortOnError  air001xx_hal_uart.o
    0x08001d52   0x08001d52   0x0000001c   Code   RO          349    .text.UART_EndRxTransfer  air001xx_hal_uart.o
    0x08001d6e   0x08001d6e   0x00000018   Code   RO          387    .text.UART_EndTransmit_IT  air001xx_hal_uart.o
    0x08001d86   0x08001d86   0x00000002   PAD
    0x08001d88   0x08001d88   0x00000068   Code   RO          379    .text.UART_Receive_IT  air001xx_hal_uart.o
    0x08001df0   0x08001df0   0x000000c8   Code   RO          305    .text.UART_SetConfig  air001xx_hal_uart.o
    0x08001eb8   0x08001eb8   0x00000058   Code   RO          385    .text.UART_Transmit_IT  air001xx_hal_uart.o
    0x08001f10   0x08001f10   0x0000006a   Code   RO          319    .text.UART_WaitOnFlagUntilTimeout  air001xx_hal_uart.o
    0x08001f7a   0x08001f7a   0x00000002   PAD
    0x08001f7c   0x08001f7c   0x0000001c   Code   RO          585    .text.USART1_IRQHandler  air001xx_it.o
    0x08001f98   0x08001f98   0x000000a4   Code   RO          610    .text.Uart_Init     uart.o
    0x0800203c   0x0800203c   0x0000008c   Code   RO          633    .text.WS2812B_SendRGB  spi_1.o
    0x080020c8   0x080020c8   0x00000010   Code   RO          668    .text.WS2812B_x_CLEAR_ALL  ws2812b.o
    0x080020d8   0x080020d8   0x00000030   Code   RO          672    .text.WS2812_RESET  ws2812b.o
    0x08002108   0x08002108   0x00000018   Code   RO           63    .text.__NVIC_EnableIRQ  air001xx_hal_cortex.o
    0x08002120   0x08002120   0x00000040   Code   RO           59    .text.__NVIC_SetPriority  air001xx_hal_cortex.o
    0x08002160   0x08002160   0x00000020   Code   RO          614    .text.fputc         uart.o
    0x08002180   0x08002180   0x00000038   Code   RO          595    .text.main          main.o
    0x080021b8   0x080021b8   0x0000002e   Code   RO          849    i.__ARM_clz         mf_p.l(depilogue.o)
    0x080021e6   0x080021e6   0x00000010   Code   RO          805    i.__mathlib_dbl_invalid  m_ps.l(dunder.o)
    0x080021f6   0x080021f6   0x0000000e   Code   RO          861    i.__scatterload_copy  mc_p.l(handlers.o)
    0x08002204   0x08002204   0x00000002   Code   RO          862    i.__scatterload_null  mc_p.l(handlers.o)
    0x08002206   0x08002206   0x0000000e   Code   RO          863    i.__scatterload_zeroinit  mc_p.l(handlers.o)
    0x08002214   0x08002214   0x0000000c   Code   RO          839    i.__set_errno       mc_p.l(errno.o)
    0x08002220   0x08002220   0x00000094   Code   RO          750    i.fmod              m_ps.l(fmod.o)
    0x080022b4   0x080022b4   0x00000020   Code   RO          762    i.puts              mc_p.l(puts.o)
    0x080022d4   0x080022d4   0x00000014   Data   RO          190    .rodata..L__const.HAL_RCC_GetSysClockFreq.hsiValue  air001xx_hal_rcc.o
    0x080022e8   0x080022e8   0x00000040   Data   RO          736    .rodata.AHBPrescTable  system_air001xx.o
    0x08002328   0x08002328   0x00000020   Data   RO          737    .rodata.APBPrescTable  system_air001xx.o
    0x08002348   0x08002348   0x00000020   Data   RO          738    .rodata.HSIFreqTable  system_air001xx.o
    0x08002368   0x08002368   0x00000020   Data   RO          860    Region$$Table       anon$$obj.o


    Execution Region ER_RW (Exec base: 0x20000000, Load base: 0x08002388, Size: 0x000000e0, Max: 0xffffffff, ABSOLUTE)

    Exec Addr    Load Addr    Size         Type   Attr      Idx    E Section Name        Object

    0x20000000   0x08002388   0x000000c0   Data   RW          739    .ARM.__at_0x20000000  system_air001xx.o
    0x200000c0   0x08002448   0x00000004   Data   RW          830    .data               mc_p.l(stdout.o)
    0x200000c4   0x0800244c   0x00000004   Data   RW          840    .data               mc_p.l(errno.o)
    0x200000c8   0x08002450   0x00000004   Data   RW          690    .data.HSV_H         def_conf.o
    0x200000cc   0x08002454   0x00000004   Data   RW          691    .data.HSV_S         def_conf.o
    0x200000d0   0x08002458   0x00000004   Data   RW          692    .data.HSV_V         def_conf.o
    0x200000d4   0x0800245c   0x00000004   Data   RW          735    .data.SystemCoreClock  system_air001xx.o
    0x200000d8   0x08002460   0x00000004   Data   RW           47    .data.uwTickFreq    air001xx_hal.o
    0x200000dc   0x08002464   0x00000004   Data   RW           46    .data.uwTickPrio    air001xx_hal.o


    Execution Region ER_ZI (Exec base: 0x200000e0, Load base: 0x08002468, Size: 0x00000528, Max: 0xffffffff, ABSOLUTE)

    Exec Addr    Load Addr    Size         Type   Attr      Idx    E Section Name        Object

    0x200000e0        -       0x00000042   Zero   RW          708    .bss.RGB_SHOW_NOW   def_conf.o
    0x20000122   0x08002468   0x00000002   PAD
    0x20000124        -       0x00000042   Zero   RW          712    .bss.RGB_SHOW_TEMP  def_conf.o
    0x20000166   0x08002468   0x00000002   PAD
    0x20000168        -       0x00000050   Zero   RW          635    .bss.Spi1Handle     spi_1.o
    0x200001b8        -       0x0000004c   Zero   RW          618    .bss.UartHandle     uart.o
    0x20000204        -       0x00000004   Zero   RW           48    .bss.uwTick         air001xx_hal.o
    0x20000208        -       0x00000400   Zero   RW          719    STACK               startup_air001_dev.o


==============================================================================

Image component sizes


      Code (inc. data)   RO Data    RW Data    ZI Data      Debug   Object Name

       156          8          0          8          4       5336   air001xx_hal.o
       152         16          0          0          0       5443   air001xx_hal_cortex.o
        92          4          0          0          0       8133   air001xx_hal_dma.o
       368         16          0          0          0       4291   air001xx_hal_gpio.o
      1724        100         20          0          0       8756   air001xx_hal_rcc.o
       980          8          0          0          0      22642   air001xx_hal_spi.o
      1228         16          0          0          0      17850   air001xx_hal_uart.o
        44          0          0          0          0       1205   air001xx_it.o
         0          0          0         12        132       1636   def_conf.o
       564         44          0          0          0       2043   hsvrgb.o
       246         28          0          0          0       2461   main.o
       388         20          0          0         80       4919   spi_1.o
        28          8        192          0       1024        648   startup_air001_dev.o
        92         24        128        196          0       2298   system_air001xx.o
       196         12          0          0         76       5522   uart.o
       228         56          0          0          0       2471   ws2812b.o

    ----------------------------------------------------------------------
      6504        360        372        216       1320      95654   Object Totals
         0          0         32          0          0          0   (incl. Generated)
        18          0          0          0          4          0   (incl. Padding)

    ----------------------------------------------------------------------

      Code (inc. data)   RO Data    RW Data    ZI Data      Debug   Library Member Name

        16          0          0          0          0         68   dunder.o
       148          4          0          0          0         72   fmod.o
         0          0          0          0          0          0   entry.o
         0          0          0          0          0          0   entry10a.o
         0          0          0          0          0          0   entry11a.o
         8          4          0          0          0          0   entry2.o
         4          0          0          0          0          0   entry5.o
         0          0          0          0          0          0   entry7b.o
         0          0          0          0          0          0   entry8b.o
         8          4          0          0          0          0   entry9a.o
        12          6          0          4          0         60   errno.o
        30          0          0          0          0          0   handlers.o
        36          8          0          0          0         68   init.o
         0          0          0          0          0          0   iusefp.o
        32          0          0          0          0         68   llshl.o
        38          0          0          0          0         68   llsshr.o
        34          0          0          0          0         68   llushr.o
        36          0          0          0          0        100   memseta.o
        32          4          0          0          0         68   puts.o
         0          0          0          4          0          0   stdout.o
        44          0          0          0          0         72   uidiv.o
       356          4          0          0          0        140   dadd.o
       240          6          0          0          0         84   ddiv.o
       236          0          0          0          0        216   depilogue.o
        72         10          0          0          0         72   dfixi.o
       208          6          0          0          0         88   dmul.o
       130          0          0          0          0         84   drem.o
        40          0          0          0          0         60   f2d.o
        28          0          0          0          0         60   fcmpge.o
        28          0          0          0          0         60   fcmplt.o
       124          0          0          0          0         72   fdiv.o
       130          0          0          0          0        144   fepilogue.o
        22          0          0          0          0         68   fflti.o
       122          0          0          0          0         72   fmul.o

    ----------------------------------------------------------------------
      2220         56          0          8          0       1932   Library Totals
         6          0          0          0          0          0   (incl. Padding)

    ----------------------------------------------------------------------

      Code (inc. data)   RO Data    RW Data    ZI Data      Debug   Library Name

       164          4          0          0          0        140   m_ps.l
       314         26          0          8          0        572   mc_p.l
      1736         26          0          0          0       1220   mf_p.l

    ----------------------------------------------------------------------
      2220         56          0          8          0       1932   Library Totals

    ----------------------------------------------------------------------

==============================================================================


      Code (inc. data)   RO Data    RW Data    ZI Data      Debug   

      8724        416        372        224       1320      96606   Grand Totals
      8724        416        372        224       1320      96606   ELF Image Totals
      8724        416        372        224          0          0   ROM Totals

==============================================================================

    Total RO  Size (Code + RO Data)                 9096 (   8.88kB)
    Total RW  Size (RW Data + ZI Data)              1544 (   1.51kB)
    Total ROM Size (Code + RO Data + RW Data)       9320 (   9.10kB)

==============================================================================

