<html>
<body>
<pre>
<h1>µVision Build Log</h1>
<h2>Tool Versions:</h2>
IDE-Version: µVision V5.35.0.0
Copyright (C) 2021 ARM Ltd and ARM Germany GmbH. All rights reserved.
License Information: 1 BanGO, 1, LIC=14HV2-9GG1Y-RAQDM-XAC5M-7GG9J-IG763
 
Tool Versions:
Toolchain:       MDK-ARM Plus  Version: 5.35.0.2
Toolchain Path:  D:\app\Keil_v5\ARM\ARMCLANG\Bin
C Compiler:      ArmClang.exe V6.16
Assembler:       Armasm.exe V6.16
Linker/Locator:  ArmLink.exe V6.16
Library Manager: ArmAr.exe V6.16
Hex Converter:   FromElf.exe V6.16
CPU DLL:         SARMCM3.DLL V5.35.0.2
Dialog DLL:      DARMCM1.DLL V1.19.4.0
Target DLL:      CMSIS_AGDI.dll V1.33.0.0
Dialog DLL:      TARMCM1.DLL V1.14.4.0
 
<h2>Project:</h2>
C:\Users\BanGO\Desktop\BanRGB\AIR001_BanRGB\air001_template.uvprojx
Project File Date:  05/08/2025

<h2>Output:</h2>
*** Using Compiler 'V6.16', folder: 'D:\app\Keil_v5\ARM\ARMCLANG\Bin'
Build target 'Target 1'
compiling spi.c...
linking...
Program Size: Code=6844 RO-data=372 RW-data=788 ZI-data=5392  
FromELF: creating hex file...
".\Objects\air001template.axf" - 0 Error(s), 0 Warning(s).

<h2>Software Packages used:</h2>

Package Vendor: ARM
                http://www.keil.com/pack/ARM.CMSIS.5.8.0.pack
                ARM.CMSIS.5.8.0
                CMSIS (Common Microcontroller Software Interface Standard)
   * Component: CORE Version: 5.5.0

Package Vendor: Keil
                https://luatos.com/t/air001/Keil.AIR001_DFP.1.1.2.pack
                Keil.AIR001_DFP.1.1.2
                AirM2M AIR001 Series Device Support, Drivers
   * Component: Startup Version: 0.0.1

<h2>Collection of Component include folders:</h2>
  .\RTE\_Target_1
  D:\app\keil\Packs\ARM\CMSIS\5.8.0\CMSIS\Core\Include
  D:\app\keil\Packs\Keil\AIR001_DFP\1.1.2\Device\Include

<h2>Collection of Component Files used:</h2>

   * Component: ARM::CMSIS:CORE:5.5.0

   * Component: Keil::Device:Startup:0.0.1
      Source file:   Device\Source\ARM\startup_air001_dev.s
      Include file:  Device\Include\air001xx.h
      Source file:   Device\Source\system_air001xx.c
Build Time Elapsed:  00:00:01
</pre>
</body>
</html>
